border_size=1
usage=map

Xu          , Xu          , Xu          , Xu          , Xu          , Xu          , Xu          , Xu          , Xu          , Xu          , Uu          , Uu          , Xu          , Xu          , Xu          , Xu          , Xu          , Xu          , Xu          , Xu          , Xu          , Xu          , Xu          , Xu          , Xu          , Xu          , Xu          , Xu          , Xu          , Xu          , Xu          , Xu          , Xu          , Xu          , Xu          , Xu          , Xu          , Xu          , Xu          , Uu          , Uu          , Xu          , Xu          , Xu          , Xu          , Xu          , Xu          , Xu          , Xu          , Xu          , Md^Xm       , Xu          , Md^Xm       , Xu          , Xu          , Xu          , Xu          , Xu          , Xu          , Xu          , Xu          , Xu          
Xu          , Xu          , Xu          , Xu          , Xu          , Xu          , Xu          , Xu          , Xu          , Xu          , Uu          , Uu          , Xu          , Xu          , Xu          , Xu          , Xu          , Xu          , Xu          , Xu          , Xu          , Xu          , Xu          , Xu          , Xu          , Xu          , Xu          , Xu          , Xu          , Xu          , Xu          , Xu          , Xu          , Xu          , Xu          , Xu          , Xu          , Xu          , Xu          , Uu          , Uu          , Xu          , Xu          , Xu          , Xu          , Xu          , Md^Xm       , Xu          , Md^Xm       , Md^Xm       , Md^Xm       , Md^Xm       , Md^Xm       , Md^Xm       , Md^Xm       , Xu          , Xu          , Xu          , Xu          , Xu          , Xu          , Xu          
Xu          , Xu          , Xu          , Xu          , Xu          , Xu          , Xu          , Xu          , Xu          , Xu          , Uu          , Uu          , Xu          , Xu          , Xu          , Xu          , Xu          , Xu          , Xu          , Xu          , Xu          , Xu          , Xu          , Xu          , Xu          , Xu          , Xu          , Xu          , Xu          , Xu          , Md^Xm       , Xu          , Md^Xm       , Xu          , Xu          , Xu          , Xu          , Xu          , Xu          , Uu          , Uh          , Uh          , Md          , Xu          , Md^Xm       , Md^Xm       , Md^Xm       , Md^Xm       , Md^Xm       , Md^Xm       , Md          , Md^Xm       , Md          , Md^Xm       , Md^Xm       , Xu          , Xu          , Xu          , Xu          , Xu          , Xu          , Xu          
Xu          , Xu          , Xu          , Xu          , Xu          , Xu          , Xu          , Xu          , Xu          , Xu          , Uu          , Uu          , Xu          , Xu          , Xu          , Xu          , Xu          , Xu          , Xu          , Xu          , Xu          , Xu          , Xu          , Xu          , Xu          , Xu          , Xu          , Xu          , Md^Xm       , Xu          , Md^Xm       , Md^Xm       , Md^Xm       , Xu          , Xu          , Xu          , Md^Xm       , Xu          , Md^Xm       , Xu          , Md          , Hhd         , Hhd         , Md^Xm       , Md          , Md^Xm       , Md          , Md^Xm       , Md          , Md          , Md          , Md          , Md          , Md          , Md^Xm       , Md^Xm       , Md^Xm       , Md^Xm       , Md^Xm       , Md^Xm       , Md^Xm       , Xu          
Xu          , Xu          , Xu          , Xu          , Xu          , Xu          , Xu          , Xu          , Xu          , Xu          , Uu          , Uu          , Xu          , Xu          , Xu          , Xu          , Xu          , Xu          , Xu          , Xu          , Md^Xm       , Xu          , Md^Xm       , Xu          , Md^Xm       , Md^Xm       , Md^Xm       , Md^Xm       , Md^Xm       , Md^Xm       , Md          , Md          , Md^Xm       , Md^Xm       , Md^Xm       , Md^Xm       , Md^Xm       , Md^Xm       , Md^Xm       , Md^Xm       , Md          , Hhd         , Hhd         , Md          , Re          , Hhd         , Rb          , Md          , Md          , Md          , Md          , Md          , Md          , Md          , Mm          , Mm          , Mm          , Md          , Md          , Md^Xm       , Md^Xm       , Xu          
Md^Xm       , Xu          , Md^Xm       , Md^Xm       , Md^Xm       , Md^Xm       , Md^Xm       , Md^Xm       , Md^Xm       , Xu          , Uu          , Uu          , Uh          , Xu          , Xu          , Xu          , Xu          , Xu          , Md^Xm       , Md^Xm       , Md^Xm       , Md^Xm       , Md^Xm       , Md^Xm       , Md^Xm       , Md^Xm       , Md^Xm       , Md^Xm       , Md^Xm       , Md^Xm       , Rp          , Hhd         , Rp          , Md^Xm       , Md          , Md^Xm       , Md          , Md          , Md          , Md          , Md          , Hhd         , Hhd         , Re          , Re          , Rb          , Rb          , Rb          , Md          , Md          , Md          , Md          , Hhd         , Md          , Mm          , Mm          , Mm          , Md          , Md^Xm       , Md^Xm       , Xu          , Xu          
Md^Xm       , Md^Xm       , Md^Xm       , Md^Xm       , Md^Xm       , Md^Xm       , Md^Xm       , Md^Xm       , Md^Xm       , Xu          , Xu          , Uh          , Hhd         , Md          , Md^Xm       , Md^Xm       , Md^Xm       , Md^Xm       , Md^Xm       , Md^Xm       , Md^Xm       , Md^Xm       , Md          , Md^Xm       , Md          , Md^Xm       , Md          , Md          , Md^Xm       , Md          , 3 Khr       , Chr         , Hhd         , Hhd^Vhhr    , Md          , Md          , Md          , Md          , Md          , Md          , Md          , Hhd         , Md          , Re          , Rb          , Rb          , Rb          , Rb          , Md          , Md          , Md          , Md          , Md          , Md          , Md          , Mm          , Md^Xm       , Md^Xm       , Xu          , Xu          , Xu          , Xu          
Md          , Md^Xm       , Md          , Md^Xm       , Md          , Md^Xm       , Md          , Md^Xm       , Md          , Md^Xm       , Md^Xm       , Md          , Hhd         , Hhd         , Md          , Md          , Hhd         , Md^Xm       , Md          , Md          , Md          , Md          , Md          , Md          , Md          , Md^Xm       , Md          , Md          , Md          , Rp          , Md          , Rp          , Md          , Md^Xm       , Md          , Md          , Md          , Re          , Re          , Md          , Hhd^Vhhr    , Md          , Md          , Md          , Md          , Rb          , Md          , Md          , Md          , Md          , Md          , Md          , Md^Xm       , Md          , Md          , Md          , Md^Xm       , Md^Xm       , Xu          , Xu          , Xu          , Xu          
Md          , Md          , Md^Xm       , Md^Xm       , Md          , Md          , Md          , Md          , Md          , Md^Xm       , Md          , Md          , Hhd         , Hhd         , Rb          , Rb          , Rb          , Re          , Re          , Md          , Md          , Md          , Md          , Md          , Md          , Md          , Md          , Hhd         , Mm          , Mm          , Mm          , Md          , Md          , Md          , Hhd         , Md          , Md          , Re          , Hhd         , Hhd         , Hhd         , Md          , Re          , Md          , Md          , Md          , Md          , Md          , Hhd         , Md          , Md          , Md^Xm       , Md^Xm       , Md^Xm       , Md^Xm       , Md^Xm       , Md^Xm       , Xu          , Xu          , Xu          , Xu          , Xu          
Md          , Md          , Md          , Md^Xm       , Md          , Md          , Md          , Md^Xm       , Md          , Md          , Md          , Md          , Hhd         , Hhd         , Rb          , Rb          , Rb          , Re          , Re          , Md          , Re          , Re          , Md          , Md          , Md          , Md          , Md          , Hhd         , Md          , Mm          , Md          , Md          , Md          , Md          , Md          , Hhd         , Md          , Md          , Rb          , Rb          , Hhd         , Re          , Re          , Md          , Md          , Md          , Md          , Md          , Md          , Md          , Md^Xm       , Md^Xm       , Xu          , Xu          , Xu          , Xu          , Xu          , Xu          , Xu          , Xu          , Xu          , Xu          
Md          , Md          , Md          , Md          , Md          , Md          , Md          , Md          , Md          , Md          , Md          , Md          , Md          , Md          , Md          , Rb          , Rb          , Rb          , Md          , Md          , Hhd         , Re          , Md          , Md          , Md          , Hhd         , Md          , Md          , Md          , Md          , Md          , Md          , Hhd         , Md          , Md          , Md          , Md          , Md          , Rb          , Md          , Md          , Md          , Md          , Md          , Md          , Md          , Md          , Md          , Md          , Md          , Md^Xm       , Md^Xm       , Xu          , Xu          , Xu          , Xu          , Xu          , Xu          , Xu          , Xu          , Xu          , Xu          
Md          , Md          , Md          , Md          , Hhd         , Md          , Md          , Md          , Md          , Md          , Md          , Md          , Md          , Md          , Md          , Hhd         , Hhd         , Md          , Md          , Hhd^Vhhr    , Hhd         , Md          , Rb          , Rb          , Hhd         , Md          , Hhd         , Hhd         , Md          , Md          , Md          , Hhd         , Hhd         , Md          , Md          , Md          , Hhd^Vc      , Hhd         , Md          , Md          , Md          , Md          , Md          , Md          , Md          , Hhd         , Md          , Md          , Md          , Md          , Md          , Md^Xm       , Xu          , Xu          , Xu          , Xu          , Xu          , Xu          , Xu          , Xu          , Xu          , Xu          
Md          , Hhd         , Md          , Hhd         , Hhd         , Md          , Hhd         , Md          , Md          , Md          , Md          , Md          , Md          , Md          , Md          , Md          , Md          , Md          , Md          , Hhd         , Md          , Rb          , Mm          , Mm          , Mm          , Hhd^Vc      , Mm          , Rb          , Rb          , Md          , Md          , Md          , Md          , Md          , Md          , Md          , Hhd         , Md          , Md          , Md          , Md          , Md          , Md          , Md          , Md          , Md          , Md          , Md          , Md          , Md          , Md          , Md^Xm       , Md^Xm       , Xu          , Md^Xm       , Xu          , Xu          , Xu          , Xu          , Xu          , Xu          , Xu          
Hhd         , Hhd         , Md          , Hhd         , Mm          , Hhd         , Mm          , Hhd         , Hhd         , Md          , Hhd         , Md          , Md          , Md          , Md          , Md^Xm       , Md^Xm       , Md          , Md          , Re          , Re          , Md          , Mm^Xm       , Mm          , Mm          , Mm          , Mm          , Md          , Rb          , Md          , Md          , Md          , Md          , Md          , Md          , Md          , Rb          , Md          , Md          , Md          , Md          , Md          , Md          , Md          , Md          , Md          , Md          , Md          , Hhd^Vhhr    , Md          , Md          , Md          , Md^Xm       , Md^Xm       , Md^Xm       , Xu          , Xu          , Xu          , Md^Xm       , Md^Xm       , Md^Xm       , Md^Xm       
Hhd         , Md          , Hhd         , Hhd         , Hhd^Vhhr    , Mm          , Hhd         , Hhd         , Hhd         , Rb          , Hhd         , Md          , Md          , Md          , Md          , Md^Xm       , Mm^Xm       , Mm^Xm       , Md^Xm       , Re          , Mm^Xm       , Mm^Xm       , Mm          , Mm^Xm       , Mm          , Mm          , Mm          , Mm          , Hh          , Md          , Md          , Md          , Hhd         , Md          , Hhd         , Rb          , Md          , Md          , Md          , Md          , Md          , Md          , Md          , Md          , Md          , Md          , Md          , Md          , Md          , Md          , Md          , Md          , Md          , Md^Xm       , Md^Xm       , Md^Xm       , Md^Xm       , Md^Xm       , Md^Xm       , Md^Xm       , Md          , Md          
Md          , Md          , Md          , Hhd         , Hhd         , Hhd         , Md          , Md          , Md          , Hhd         , Md          , Md          , Md          , Md          , Md          , Md          , Mm^Xm       , Mm^Xm       , Mm^Xm       , Md^Xm       , Md          , Mm^Xm       , Mm          , Mm          , Hh          , Mm          , Hh          , Hh          , Re          , Mm          , Hhd         , Hhd         , Hhd         , Hhd         , Re          , Hhd         , Hhd         , Hhd         , Hhd         , Md          , Hh          , Hhd         , Mm          , Mm          , Mm          , Md          , Md          , Md          , Md          , Md          , Md          , Md          , Md          , Md          , Md          , Md          , Md          , Md          , Md          , Md          , Md          , Md          
Hhd         , Md          , Hhd         , Hhd         , Md          , Hhd         , Md          , Md          , Md          , Hhd         , Hhd         , Hhd         , Md          , Md          , Md          , Md          , Md          , Mm^Xm       , Md          , Mm          , Hh^Ft       , Mm          , Hh          , Hh          , Hh          , Hh          , Hh          , Hh          , Re          , Hh          , Hh          , Hhd         , Hhd         , Hhd         , Re          , Hhd         , Hhd         , Hhd         , Hh          , Hh          , Hh          , Hh          , Hh          , Mm          , Hh^Ft       , Md          , Md          , Md          , Md          , Md          , Md          , Md          , Md          , Md          , Md          , Md          , Md          , Md          , Md          , Md          , Md          , Md          
Md          , Hhd         , Hhd         , Hhd         , Hhd         , Md          , Hhd         , Hhd         , Hhd         , Md          , Md          , Md          , Md          , Md          , Md          , Md          , Md          , Md          , Md          , Hhd         , Re          , Hh^Ft       , Hh          , Hh          , Hh          , Hh          , Hh          , Hh          , Gs          , Rd          , Gd          , Hhd         , Gd          , Rd          , Hhd         , Hhd         , Hhd         , Hhd         , Hh          , Hh          , Hh          , Hh          , Hh          , Md          , Md          , Md          , Hh^Ft       , Md          , Hh^Ft       , Md          , Md          , Md          , Hh^Ft       , Md          , Md          , Hhd         , Md          , Hhd         , Md          , Md          , Md          , Md          
Md          , Md          , Md          , Md          , Md          , Md          , Md          , Hhd         , Md          , Md          , Md          , Md          , Md          , Md          , Md          , Md          , Mm          , Md          , Hh^Ft       , Hh^Ft       , Hh          , Gs          , Hh          , Gs          , Gs          , Hh          , Gs          , Gs^Ft       , Gd          , Gd          , Gs^Ft       , Gs^Ft       , Gd          , Gd          , Gd          , Hh          , Hh          , Hh          , Hh          , Hh          , Hh          , Hh          , Hh          , Hh          , Hh^Ft       , Hh^Ft       , Hh          , Hh^Ft       , Hh^Ft       , Hh^Ft       , Hh          , Hh^Ft       , Hh^Ft       , Hh          , Hh^Ft       , Mm          , Hh          , Md          , Hh          , Mm          , Gs^Ft       , Gs          
Md          , Md          , Md          , Md          , Md          , Md          , Md          , Md          , Md          , Md          , Md          , Md          , Md          , Md          , Md          , Md          , Mm          , Hh          , Hh^Ft       , Hh          , Gs          , Gs          , Gs          , Gs          , Gs          , Gs          , Gs          , Gs          , Gs^Ft       , Gs          , Gs^Ft       , Gs          , Gs          , Gs^Ft       , Gs          , Gs          , Gs          , Gs          , Gs          , Hh          , Hh          , Hh^Ft       , Hh          , Hh^Ft       , Hh          , Hh^Ft       , Hh^Ft       , Hh^Ft       , Hh          , Hh^Ft       , Hh^Ft       , Hh^Ft       , Hh^Ft       , Hh          , Hh^Ft       , Hh          , Hh          , Hh          , Hh          , Gs^Vc       , Hh          , Hh          
Md          , Md          , Md          , Md          , Md          , Md          , Md          , Md          , Md          , Md          , Md          , Md          , Md          , Md          , Md          , Mm          , Hh^Ft       , Hh^Ft       , Hh          , Hh^Ft       , Gs          , Gs          , Gs          , Gs^Ft       , Gs^Ft       , Gs^Ft       , Gs^Ft       , Gs^Ft       , Gs^Ft       , Gs^Ft       , Gs^Ft       , Gs^Ft       , Gs          , Gs^Ft       , Gs^Ft       , Gs^Ft       , Gs^Ft       , Gs          , Gs^Ft       , Gs^Ft       , Gs^Ft       , Gs^Ft       , Gs^Ft       , Hh^Ft       , Hh          , Hh          , Hh          , Hh^Ft       , Hh^Ft       , Hh          , Hh^Ft       , Hh^Ft       , Hh          , Hh^Ft       , Hh          , Hh          , Hh          , Hh^Ft       , Hh          , Hh          , Hh          , Hh          
Md          , Md          , Md          , Md          , Md          , Md          , Md          , Md          , Md          , Md          , Md          , Md          , Md          , Md          , Md          , Hh          , Hh^Ft       , Hh^Ft       , Hh          , Hh          , Gs^Ft       , Gs          , Gs^Ft       , Gs^Ft       , Gs^Ft       , Gs^Ft       , Gs^Ft       , Gs          , Gs^Ft       , Gs^Ft       , Gs^Ft       , Gs          , Gs          , Gs          , Gs          , Gs          , Gs          , Gs^Ft       , Gs          , Gs          , Hh^Ft       , Hh          , Gs^Ft       , Hh          , Mm          , Gs^Ft       , Hh          , Gs^Ft       , Gs^Ft       , Hh          , Gs^Ft       , Hh^Ft       , Hh          , Hh          , Hh          , Hh          , Gs          , Hh          , Gs^Ft       , Gs          , Gs^Ft       , Gs^Ft       
Md          , Md          , Md          , Md          , Md          , Md          , Md          , Md          , Md          , Md          , Md          , Md          , Mm          , Md          , Hh^Ft       , Hh^Ft       , Hh          , Hh^Ft       , Gs          , Gs^Ft       , Gs          , Gs^Ft       , Gs^Ft       , Gs          , Gs^Ft       , Gs^Ft       , Gs^Ft       , Gs          , Gs          , Gs^Ft       , Gs^Ft       , Gs^Ft       , Gs^Ft       , Gs          , Gs^Vc       , Gs^Ft       , Gs          , Gs^Ft       , Gs^Fdw      , Gs^Ft       , Hh^Ft       , Hh          , Gs^Ft       , Mm          , Mm          , Mm          , Mm          , Mm          , Mm          , Hh^Ft       , Hh^Ft       , Hh          , Gs^Ft       , Gs^Ft       , Gs^Ft       , Gs^Ft       , Gs^Ft       , Gs^Ft       , Gs^Ft       , Gs^Ft       , Gs^Ft       , Gs          
Md          , Md          , Md          , Md          , Md          , Md          , Md          , Md          , Md          , Md          , Mm          , Mm          , Mm          , Hh^Ft       , Hh          , Hh^Ft       , Hh          , Gs          , Gs^Ft       , Gs          , Gs^Ft       , Gs          , Gs^Ft       , Gs^Ft       , Hh          , Gs^Ft       , Gs^Ft       , Gs^Ft       , Gs          , Gs^Ft       , Gs^Fdw      , Gs^Ft       , Gd^Fmw      , Gs^Ft       , Gs^Fdw      , Gs^Ft       , Gd^Ft       , Gd^Ft       , Gd^Fmw      , Gd^Fmw      , Hhd         , Hhd         , Md          , Md          , Md          , Mm          , Mm          , Mm          , Mm          , Hh          , Hh^Ft       , Gs^Ft       , Gs^Ft       , Gs^Ft       , Gs^Ft       , Gs^Ft       , Gs          , Gs^Ft       , Gs^Ft       , Gs          , Gs^Ft       , Gs          
Md          , Mm          , Mm          , Md          , Mm          , Md          , Mm          , Mm          , Mm          , Md          , Mm          , Mm          , Hh          , Hh^Ft       , Hh^Ft       , Gs          , Gs          , Gs          , Gs^Ft       , Gs^Ft       , Gs^Ft       , Gs          , Gs^Ft       , Gs          , Gs^Ft       , Hh          , Gs^Ft       , Gs          , Gd          , Gs^Fdw      , Gs^Ft       , Gs^Fdw      , Re          , Gs^Fdw      , Gd^Fmw      , Gs^Fdw      , Gs^Fdw      , Gd          , Re          , Hhd^Fdw     , Hhd         , Hhd^Ft      , Hhd^Ft      , Hhd^Ft      , Hhd^Ft      , Md          , Mm          , Mm          , Mm          , Mm          , Mm          , Hh^Ft       , Hh          , Gs^Ft       , Gs^Ft       , Gs^Ft       , Gs^Ft       , Gs^Ft       , Gs^Ft       , Gs^Ft       , Gs^Ft       , Gs          
Mm          , Mm          , Md          , Mm          , Md          , Mm          , Md          , Mm          , Mm          , Mm          , Mm          , Mm          , Hh^Ft       , Hh^Ft       , Hh^Ft       , Gs          , Gs^Ft       , Gs^Ft       , Gs^Ft       , Gs^Ft       , Gs^Ft       , Gs^Ft       , Gs^Ft       , Gs^Ft       , Gs^Ft       , Gd^Ft       , Gd^Ft       , Gs^Ft       , Gd          , Gd          , Re          , Re          , Re          , Re          , Gs^Fdw      , Re          , Re          , Re          , Re          , Re          , Re          , Hhd^Fdw     , Hhd^Fdw     , Hhd^Ft      , Hhd^Ft      , Md          , Mm          , Hh^Ft       , Mm          , Mm          , Mm          , Hh^Ft       , Gs^Ft       , Gs^Ft       , Gs          , Gs^Ft       , Gs^Ft       , Gs^Ft       , Gs          , Gs^Ft       , Ww          , Gs^Ft       
Mm          , Md          , Hh          , Md          , Md          , Md          , Hhd         , Md          , Md          , Mm          , Hh          , Hh          , Hh          , Hh          , Rp          , Gs^Ft       , Gs          , Gs^Ft       , Gs^Ft       , Hh          , Gs^Ft       , Gs^Ft       , Gd          , Gd          , Gd          , Gs^Ft       , Gd          , Gs          , Gs^Vc       , Rd          , Re          , Rd          , Rd          , Rd          , Rd          , Re          , Rd          , Rd          , Rd          , Rd          , Re          , Rd          , Re          , Hhd         , Hhd^Vhh     , Hh^Ft       , Hh^Ft       , Hh^Ft       , Gs^Ft       , Mm          , Mm          , Hh          , Gs          , Gs^Ft       , Gs          , Gs^Ft       , Ww          , Ww          , Ww          , Ww          , Gs          , Ww          
Md          , Mm          , Md          , Hh          , Hh          , Md          , Hh          , Md          , Hh          , Hh          , Hh          , Hh          , Hh          , Re          , Gs^Vc       , Gs^Ft       , Gs^Ft       , Gs          , Gs^Ft       , Gs          , Gd^Ft       , Gd^Ft       , Gd^Ft       , Gd^Ft       , Gd          , Gd          , Re          , Gd          , Rd          , Re          , Re          , Rd          , Re          , Qxe         , Rd          , Rd          , Re          , Re          , Re          , Rd          , Rd          , Qxe         , Re          , Hhd         , Hhd         , Hhd^Ft      , Gs^Ft       , Hh          , Hh          , Mm          , Hh          , Hh          , Gs^Ft       , Gs^Ft       , Gs^Ft       , Gs^Ft       , Ww          , Gs^Ft       , Gs^Ft       , Gs^Ft       , Gs^Ft       , Gs^Ft       
Hh          , Md          , Hh          , Hh          , Hh          , Hh          , Hh          , Hh          , Hh          , Hh          , Hh          , Hh          , Rp          , Rp          , Gs^Ft       , Gs          , Gs          , Gs^Ft       , Gs^Ft       , Gd^Ft       , Gd^Ft       , Gd          , Gs^Ft       , Gd          , Re          , Rd          , Rd          , Re          , Rd          , Re          , Rd          , Re          , Rd          , Re          , Rd          , Re          , Rd          , Rd          , Rd          , Rd          , Rd          , Re          , Rd          , Re          , Hhd^Fdw     , Hhd^Ft      , Hhd^Ft      , Hh          , Gs^Ft       , Gs^Ft       , Gs          , Gs          , Gs^Ft       , Gs          , Ww          , Ww          , Gs^Ft       , Gs          , Gs^Ft       , Gs^Ft       , Gs^Ft       , Gs          
Hh          , Hh          , Hh          , Hh          , Hh          , Hh          , Gs          , Hh          , Gs          , Hh          , Gs          , Rp          , Gs          , Gs^Ft       , Gs^Ft       , Gs          , Gs^Ft       , Gs^Ft       , Gs^Ft       , Gd^Ft       , Gd          , Gd^Ft       , Gs^Fdw      , Re          , Rd          , Rd          , Re          , Rd          , Qxe         , Rd          , Rd          , Rd          , Rd          , Re          , Rd          , Rd          , Rd          , Rd          , Re          , Rd          , Rd          , Re          , Re          , Rd          , Gd          , Hhd         , Gd          , Gd^Ft       , Gs^Ft       , Gs^Ft       , Gs^Ft       , Gs^Ft       , Gs^Ft       , Gs^Ft       , Ww          , Gs^Ft       , Gs^Ft       , Gs^Ft       , Gs          , Gs^Ft       , Gs^Ft       , Gs          
Hh          , Hh          , Gs          , Hh          , Gs^Ft       , Gs          , Gs^Ft       , Gs^Ft       , Gs^Ft       , Gs          , Gs          , Re          , Gs^Ft       , Gs^Ft       , Gs          , Gs          , Gs          , Gs          , Gs^Ft       , Gd^Ft       , Gd^Ft       , Gd^Fmw      , Gd^Fmw      , Re          , Rd          , Rd          , Rd          , Rd          , Re          , Rd          , Re          , Rd          , Rd          , Rd          , Rd          , Re          , Rd          , Qxe         , Re          , Rd          , Re          , Rd          , Re          , Re          , Gd          , Gd          , Gd^Ft       , Gs^Ft       , Gs^Ft       , Gs          , Gs^Ft       , Gs^Ft       , Gs^Ft       , Gs^Ft       , Ww          , Gs^Ft       , Gs^Ft       , Gs^Ft       , Gs^Ft       , Gs^Ft       , Gs^Ft       , Gs          
Gs          , Gs          , Gs^Ft       , Gs          , Gs^Ft       , Gs          , Gs^Ft       , Gs^Ft       , Gs          , Gs^Ft       , Gs          , Rp          , Gs          , Gs^Ft       , Gs^Ft       , Gs^Ft       , Hh          , Hh          , Gs^Ft       , Gd          , Gd^Ft       , Gs^Fdw      , Gd^Fmw      , Hhd^Fdw     , Re          , Rd          , Re          , Rd          , Re          , Rd          , Rd          , Rd          , Re          , Rd          , Rd          , Re          , Re          , Re          , Rd          , Rd          , Rd          , Rd          , Re          , Gd          , Gd^Ft       , Gd^Ft       , Gd          , Gd^Ft       , Gs          , Gs          , Gs^Ft       , Gs^Ft       , Gs^Ft       , Gs^Ft       , Ww          , Gs          , Gs^Ft       , Gs^Ft       , Gs^Ft       , Gs^Ft       , Gs^Ft       , Gs^Ft       
Gs^Ft       , Gs          , Gs^Ft       , Gs^Ft       , Gs^Ft       , Gs          , Gs^Ft       , Gs          , Gs^Ft       , Gs          , Rp          , Gs          , Gs^Ft       , Gs          , Gs          , Gs          , Gs          , Gs^Ft       , Gs^Ft       , Gd^Ft       , Gd^Ft       , Gd^Ft       , Re          , Rd          , Rd          , Re          , Rd          , Rd          , Rd          , Re          , Rd          , Re          , Rd          , Re          , Re          , Rd          , Re          , Rd          , Re          , Re          , Rd          , Rd          , Ss          , Gd^Ft       , Rd          , Gd^Ft       , Gd^Ft       , Gd^Ft       , Gs^Ft       , Gs^Ft       , Gs^Ft       , Gs^Ft       , Gs^Ft       , Ww          , Gs^Ft       , Gs^Ft       , Gs          , Gs^Ft       , Gs^Ft       , Gs          , Gs^Ft       , Gs          
Gs^Ft       , Gs^Ft       , Gs^Vc       , Gs^Ft       , Gs^Ft       , Gs^Ft       , Gs^Ft       , Gs          , Gs^Ft       , Gs^Ft       , Rp          , Gs^Ft       , Gs^Ft       , Gs          , Gs^Ft       , Gs          , Gs          , Gs^Ft       , Hh          , Gs^Ft       , Gd^Ft       , Gd^Ft       , Rd          , Re          , Rd          , Rd          , Re          , Re          , Re          , Rd          , Qxe         , Rd          , Rd          , Rd          , Rd          , Rd          , Rd          , Rd          , Rd          , Re          , Re          , Rd          , Rd          , Ss          , Gs^Ft       , Rd          , Gd^Ft       , Gd          , Gd^Ft       , Gs^Ft       , Gd^Ft       , Gd^Ft       , Ww          , Ww          , Gs          , Gs          , Gs^Ft       , Gs          , Gd^Ft       , Gd^Ft       , Gd^Ft       , Gs^Ft       
Gs          , Gs^Ft       , Gs          , Gs          , Gs^Ft       , Gs          , Gs^Ft       , Gs^Ft       , Gs^Ft       , Gs          , Gs          , Gs^Ft       , Gs          , Gs^Ft       , Gs          , Gs^Ft       , Gs^Ft       , Gs          , Gs^Ft       , Gs          , Gd^Ft       , Gd^Ft       , Gd^Ft       , Gd          , Gd          , Rd          , Rd          , Rd          , Rd          , Rd          , Rd          , Rd          , Re          , Rd          , Re          , Rd          , Sm          , Sm          , Sm          , Qxe         , Rd          , Re          , Re          , Rd          , Re          , Rd          , Gd^Ft       , Gd^Ft       , Gd          , Gd^Ft       , Gd^Ft       , Gd^Ft       , Ww          , Gs^Ft       , Gs^Ft       , Gs^Ft       , Gs^Ft       , Gd          , Gd^Ft       , Gd^Vht      , Gd^Ft       , Gd          
Gs^Ft       , Gs^Ft       , Gs          , Gs^Ft       , Hh          , Gs^Ft       , Gs^Ft       , Gs          , Gs^Ft       , Gs^Ft       , Rp          , Gs^Ft       , Gs^Ft       , Gs^Ft       , Gs          , Gs^Ft       , Gs^Ft       , Gd^Ft       , Gd^Ft       , Gd^Ft       , Gd^Ft       , Gs^Ft       , Gd          , Gs^Ft       , Gd^Fmw      , Gs^Ft       , Gd^Fetd     , Rd          , Rd          , Re          , Rd          , Rd          , Rd          , Rd          , Rd          , Rd          , Sm          , Sm          , Sm          , Sm          , Rb          , Sm          , Rd          , Re          , Gs^Ft       , Ss          , Ss          , Ss          , Gs^Ft       , Gd^Fmw      , Ss          , Wwg         , Gd^Ft       , Gd^Ft       , Gs^Ft       , Gs^Ft       , Gd          , Gd^Ft       , Gd^Ft       , Gd^Ft       , Gd^Ft       , Gd          
Gs          , Gs          , Gs^Ft       , Gs^Ft       , Gs^Ft       , Gs^Ft       , Gs^Ft       , Hh          , Gs^Ft       , Gs^Ft       , Gs^Ft       , Rp          , Gs          , Gs^Ft       , Gs          , Hh          , Gs^Ft       , Gs^Ft       , Gd^Ft       , Gs^Ft       , Gd^Ft       , Gd          , Gd^Ft       , Gd          , Gd^Ft       , Gs^Fdw      , Gs^Fdw      , Re          , Rd          , Rd          , Re          , Re          , Rd          , Re          , Re          , Sm          , Sm          , Sm          , Ss          , Rb          , Ww          , Gs^Ft       , Re          , Gs^Ft       , Gd^Fmw      , Gs^Ft       , Ss          , Gd^Fmw      , Gd^Fmw      , Gll^Fp      , Gll^Fp      , Wwg         , Gd^Fmw      , Gd^Ft       , Gd          , Gd^Ft       , Qxu         , Qxu         , Qxu         , Qxu         , Qxu         , Gs^Ft       
Ww          , Gs^Ft       , Gs          , Gs^Ft       , Gs^Ft       , Gs          , Gs^Ft       , Gs^Ft       , Gs^Ft       , Gs^Ft       , Gs^Ft       , Re          , Gs^Ft       , Gs^Ft       , Gs^Ft       , Gs^Ft       , Gs^Ft       , Gs^Ft       , Hh          , Hh          , Gs^Ft       , Gd^Ft       , Gd^Ft       , Gd^Ft       , Gd^Ft       , Gd^Fmw      , Gs          , Gd          , Gs^Vc       , Rd          , Gd          , Re          , Rd          , Re          , Re          , Rd          , Sm          , Ss          , Rb          , Ss          , Rb          , Re          , Rb          , Re          , Re          , Rd          , Gd^Fmw      , Ss          , Wwg         , Ss          , Ss          , Ss          , Gd^Fmw      , Gd^Fmw      , Gs^Ft       , Rb          , Qxu         , Qxu         , Qxu         , Qxu         , Qxu         , Qxu         
Gs          , Ww          , Gs          , Gs^Ft       , Gs^Ft       , Hh          , Gs          , Gs          , Gs^Ft       , Gs^Ft       , Gs^Ft       , Rp          , Gs^Ft       , Gs          , Gs^Ft       , Gs^Ft       , Gs^Ft       , Gs^Ft       , Hh          , Hh          , Gs^Ft       , Gs^Ft       , Gs          , Gs^Ft       , Gs^Ft       , Gd          , Gs^Ft       , Gd^Ft       , Gs          , Gd          , Gs          , Gd          , Re          , Rd          , Rd          , Rb          , Ss          , Rb          , Ss          , Rb          , Rb          , Ss          , Rb          , Re          , Rb          , Re          , Gs^Ft       , Gs^Ft       , Ss          , Gd^Fmw      , Ss          , Wwg         , Ss          , Ss^Vhs      , Ss          , Qxu         , Qxu         , Qxu         , Qxu         , 4 Khr       , Qxu         , Qxu         
Gs^Ft       , Ww          , Ww          , Gs^Ft       , Gs          , Gs^Ft       , Gs          , Gs^Ft       , Gs^Ft       , Gs^Ft       , Gs^Ft       , Gs          , Gs^Ft       , Gs          , Gs^Ft       , Gs^Ft       , Gs^Ft       , Gs^Ft       , Gs^Ft       , Gs          , Gs          , Gs^Ft       , Gs^Ft       , Gs^Ft       , Gs^Ft       , Gd          , Gs^Ft       , Gd^Ft       , Gd^Ft       , Gd^Ft       , Gs^Ft       , Gs          , Gd          , Gd          , Re          , Sm          , Rb          , Rb          , Rb          , Wwg         , Rb          , Rb          , Rb          , Rb          , Rb          , Rb          , Ss          , Gd^Fmw      , Ss          , Gll^Fp      , Wwg         , Wwf         , Gs^Fms      , Ss          , Gs^Ft       , Wwg         , Qxu         , Qxu         , Qxu         , Chr         , Qxu         , Qxu         
Gs^Ft       , Gs          , Gs^Ft       , Ww          , Ww          , Gs^Ft       , Gs^Ft       , Gs^Ft       , Gs          , Gs^Ft       , Gs^Ft       , Gs^Ft       , Rp          , Gs^Ft       , Gs^Ft       , Gs^Ft       , Gs^Ft       , Gs          , Gs^Ft       , Gs^Ft       , Gs^Ft       , Gs          , Gs^Ft       , Gs          , Gs^Ft       , Gs^Ft       , Gs^Ft       , Gs          , Gs^Ft       , Gs^Ft       , Gs          , Gs^Ft       , Hh          , Gd          , Gd          , Re          , Ss          , Ss          , Wwg         , Rb          , Wwg         , Wwg         , Rb          , Ss          , Rb          , Ss          , Rb          , Rb          , Wwg         , Wwg         , Wwg         , Ss          , Gd^Fmw      , Gs^Ft       , Gs^Ft       , Rb          , Qxu         , Qxu         , Qxu         , Qxu         , Qxu         , Qxu         
Gs^Ft       , Gs^Ft       , Gs          , Gs          , Gs          , Ww          , Gs^Ft       , Gs^Ft       , Gs^Ft       , Gs          , Gs^Ft       , Gs^Vc       , Gs^Ft       , Rp          , Rp          , Gs^Ft       , Gs^Ft       , Gs          , Gs^Ft       , Gd^Ft       , Gd^Ft       , Gs^Ft       , Gs^Ft       , Gs^Ft       , Gd          , Gs          , Hh          , Hh          , Gs^Ft       , Gs          , Gs^Ft       , Hh          , Hh          , Gs^Ft       , Gs^Vc       , Re          , Ss          , Rb          , Rb          , Rb          , Rb          , Rb          , Rb          , Ss          , Ss          , Rb          , Ss          , Rb          , Gs^Ft       , Ss          , Wwg         , Gll^Fp      , Gd^Fmw      , Ss          , Ss          , Wwg         , Rb          , Qxu         , Qxu         , Qxu         , Qxu         , Rb          
Gs^Ft       , Gs^Ft       , Gs^Ft       , Gs^Ft       , Gs^Ft       , Ww          , Ww          , Gs^Ft       , Gs^Ft       , Gs^Ft       , Gs^Ft       , Gs^Ft       , Gs          , Gs^Ft       , Gs^Ft       , Gs^Ft       , Gs^Ft       , Gs^Ft       , Gs          , Gd^Ft       , Ss          , Gs^Vht      , Ss          , Gd          , Gs^Ft       , Gd^Ft       , Gd^Ft       , Hh          , Gs^Ft       , Hh          , Hh          , Hh          , Gs^Ft       , Gs          , Hh          , Gs^Ft       , Rb          , Rb          , Rb          , Wwg         , Ss          , Ss          , Ss          , Rb          , Ss          , Rb          , Rb          , Ss          , Ss          , Wwg         , Gs^Ft       , Ss          , Ss          , Ss          , Gd^Ft       , Gs^Vht      , Gd          , Rb          , Gd^Ft       , Rb          , Gd^Ft       , Gs^Ft       
Gs^Ft       , Gs^Ft       , Gs^Ft       , Gs^Ft       , Gs^Ft       , Gs          , Ww          , Gs^Ft       , Gs^Ft       , Gs^Ft       , Gs^Ft       , Gs^Ft       , Gs^Ft       , Gs^Ft       , Gs^Ft       , Gs          , Gs^Ft       , Gs^Ft       , Gd          , Gs^Ft       , Gd^Ft       , Ss          , Ss          , Gd^Ft       , Gd^Ft       , Re          , Gd          , Gd^Ft       , Re          , Hh          , Hh          , Hh          , Gs^Ft       , Gs^Ft       , Gs          , Re          , Wwg         , Ss          , Ss          , Rb          , Rb          , Ss          , Rb          , Rb          , Rb          , Rb          , Re          , Gd^Fetd     , Ss          , Ss          , Wwg         , Ss^Vhs      , Gd^Fmw      , Ss          , Gd^Ft       , Gd^Ft       , Gd          , Gd^Ft       , Gd^Ft       , Gd          , Gd          , Gd          
Gs^Ft       , Gs^Ft       , Gs^Ft       , Gs^Ft       , Gs^Ft       , Gs^Ft       , Gs^Ft       , Ww          , Ww          , Gs^Ft       , Gs^Ft       , Gs          , Gs^Ft       , Gs          , Gs^Ft       , Gs^Ft       , Gs^Ft       , Gs^Ft       , Gd^Ft       , Gs^Ft       , Gd^Fmw      , Gd^Ft       , Ss          , Wwg         , Gs^Ft       , Ss          , Ss          , Gd          , Re          , Gs^Ft       , Rd          , Hh          , Gs          , Hh          , Gs          , Gs          , Wwg         , Gd^Ft       , Gd^Fmw      , Rb          , Rb          , Rb          , Gd^Fetd     , Rb          , Gll^Fp      , Re          , Ss          , Gd^Fmw      , Ss          , Wwg         , Ss          , Gll^Fp      , Ss          , Gd^Ft       , Gd          , Gd^Ft       , Gs^Ft       , Gd^Ft       , Gd^Ft       , Gd^Ft       , Gs^Ft       , Gd          
Gs^Ft       , Gs^Ft       , Gs^Ft       , Gs^Ft       , Gs          , Gs^Ft       , Gs          , Gs^Ft       , Ww          , Gs          , Gs^Ft       , Gs^Ft       , Gs^Ft       , Gs^Ft       , Gs          , Gs^Ft       , Gs^Ft       , Gd          , Gd^Ft       , Wwg         , Gs^Fms      , Gd^Fmw      , Ss          , Ss          , Ss          , Ss          , Ss          , Re          , Re          , Gs          , Gs^Ft       , Gs          , Ww          , Gs^Ft       , Ww          , Ww          , Gs^Ft       , Gd^Ft       , Gd^Ft       , Gd^Fmw      , Gs^Fdw      , Gll^Fp      , Gs^Fms      , Gs^Fdw      , Re          , Gs^Ft       , Ss          , Ss^Vhs      , Ss          , Gd^Fmw      , Gs^Ft       , Ss          , Gd^Fmw      , Gd^Ft       , Gd^Ft       , Gd^Ft       , Hh          , Gd^Ft       , Gs^Ft       , Gs^Ft       , Gs^Ft       , Gs          
Gs^Ft       , Gs^Ft       , Gs^Ft       , Gs^Ft       , Gs^Ft       , Gs^Ft       , Gs^Ft       , Gs^Ft       , Gs^Ft       , Ww          , Ww          , Ww          , Ww          , Gs          , Ww          , Gs^Ft       , Gs^Ft       , Gs          , Gd          , Gd^Fmw      , Gd^Fmw      , Wwg         , Gs^Fms      , Ss          , Ss          , Gd^Fmw      , Ss          , Gd^Fmw      , Wwg         , Wwg         , Wwg         , Wwg         , Gs          , Ww          , Gs          , Gs          , Gs          , Gd^Ft       , Gd^Ft       , Gd^Fmw      , Gs^Fdw      , Gs^Ft       , Gs^Ft       , Gs^Ft       , Gd^Fmw      , Ss          , Gd^Fmw      , Ss          , Gd^Ft       , Ss          , Ss          , Ss          , Gd^Fmw      , Gd^Ft       , Gd          , Hh          , Gs          , Gs^Ft       , Gs          , Gs^Ft       , Gs          , Gs^Ft       
Gs^Ft       , Gs^Ft       , Gs^Ft       , Gs          , Gs^Ft       , Gs^Ft       , Gs^Ft       , Gs          , Gs^Ft       , Gs          , Gs^Ft       , Gs^Ft       , Gs^Ft       , Ww          , Gs^Ft       , Ww          , Ww          , Gs^Ft       , Ww          , Gs^Ft       , Ww          , Wwg         , Wwg         , Gd^Ft       , Gd^Ft       , Gd^Fmw      , Ss          , Ss          , Gs^Ft       , Ss          , Gd^Fmw      , Ss          , Gd^Fmw      , Gs^Vc       , Gs          , Gs^Ft       , Gd^Ft       , Gd^Ft       , Gd^Fmw      , Gs^Fdw      , Ss          , Gs^Fdw      , Re          , Re          , Ss          , Gd^Ft       , Gs^Ft       , Gd^Ft       , Gs^Ft       , Gs^Ft       , Gd^Ft       , Gd^Fmw      , Gd^Ft       , Gd          , Gs^Ft       , Gs^Ft       , Gs^Ft       , Gs          , Gs^Ft       , Gs^Ft       , Gs^Ft       , Gs^Ft       
Gs^Ft       , Gs          , Gs^Ft       , Gs          , Gs^Ft       , Gs^Ft       , Gs^Ft       , Gs^Ft       , Gs^Ft       , Gs^Ft       , Gs          , Gs^Ft       , Gs^Ft       , Gs          , Gs^Ft       , Gs^Ft       , Gs          , Ww          , Gs^Ft       , Ww          , Gs^Ft       , Gs          , Gd^Ft       , Gd          , Gd          , Gd          , Gd          , Gd          , Gd^Ft       , Gs^Ft       , Gs^Ft       , Gd^Fetd     , Gs^Ft       , Gs^Ft       , Gs          , Gs          , Gd^Ft       , Gd          , Gd^Ft       , Gd^Fmw      , Gd^Fmw      , Gll^Fp      , Gd^Ft       , Ss          , Gs^Ft       , Gs^Fms      , Gs^Fdw      , Gd^Ft       , Gd^Ft       , Gd^Ft       , Gd          , Gd^Ft       , Gs^Ft       , Gs          , Gs          , Gs^Ft       , Gs^Ft       , Gs^Ft       , Gs^Ft       , Gs^Ft       , Gs^Ft       , Gs^Ft       
Gs^Ft       , Gs^Ft       , Gs^Ft       , Gs^Ft       , Gs^Ft       , Gs          , Gs^Ft       , Gs          , Gs^Ft       , Gs^Ft       , Gs^Ft       , Hh          , Gs^Ft       , Gs^Ft       , Gs^Ft       , Gs^Ft       , Gs^Ft       , Gs^Ft       , Gs^Ft       , Gs^Ft       , Gs^Ft       , Gs^Ft       , Gs          , Gd^Ft       , Gd^Ft       , Gs^Ft       , Gs          , Gd^Ft       , Gd^Ft       , Gs^Ft       , Gs          , Gs^Ft       , Gs^Ft       , Gs          , Gs          , Gs          , Gs          , Gd          , Gd          , Gd^Ft       , Gs^Ft       , Gd          , Gd^Ft       , Gd^Ft       , Ss          , Gd^Fmw      , Gd          , Gs^Ft       , Gs          , Gs^Ft       , Gs          , Gs^Ft       , Gs^Ft       , Gs^Ft       , Gs^Ft       , Gs          , Gs^Ft       , Gs          , Gs^Ft       , Gs^Ft       , Gs^Ft       , Gs^Ft       
Gs          , Gs          , Gs          , Gs^Ft       , Gs^Ft       , Gs^Ft       , Gs^Ft       , Gs          , Gs^Ft       , Gs^Ft       , Gs^Ft       , Gs^Ft       , Gs          , Gs^Ft       , Gs^Ft       , Gs^Ft       , Gs^Ft       , Gs          , Gs^Ft       , Gs^Ft       , Gs^Ft       , Gs^Ft       , Gs^Ft       , Gd^Ft       , Hh          , Hh          , Hh^Vhh      , Gs          , Gs          , Gs^Ft       , Gs          , Gs          , Gs          , Gs          , Gs          , Gs^Ft       , Gs          , Gs^Ft       , Gs^Ft       , Gs          , Gs^Ft       , Gs          , Gd          , Gd          , Gd^Ft       , Gll^Fp      , Gd^Ft       , Gd^Ft       , Gs^Ft       , Gs^Ft       , Gs^Ft       , Gs^Ft       , Gs          , Gs^Ft       , Gs^Ft       , Gs          , Hh          , Gs^Ft       , Gs^Ft       , Gs          , Gs^Ft       , Gs^Ft       
Gs^Ft       , Gs^Ft       , Gs^Ft       , Gs          , Gs^Ft       , Gs^Ft       , Gs^Ft       , Gs^Ft       , Gs^Ft       , Gs^Ft       , Gs^Ft       , Gs^Ft       , Gs^Ft       , Gs          , Gs          , Gs          , Gs^Ft       , Gs^Ft       , Gs^Ft       , Gs^Ft       , Gs          , Gs^Ft       , Gs          , Gs          , Hh          , Hh          , Hh          , Gs^Ft       , Gs          , Gs          , Gs^Ft       , Gs          , Gs^Ft       , Gs^Ft       , Gs          , Gs^Ft       , Gs^Ft       , Gs          , Gs^Ft       , Gs^Ft       , Gs^Ft       , Gs^Ft       , Gs^Ft       , Gd^Ft       , Gd^Ft       , Gs^Ft       , Gs^Ft       , Gd^Ft       , Gs^Ft       , Gs^Ft       , Gs^Ft       , Gs^Ft       , Gs          , Gs^Ft       , Gs^Ft       , Gs          , Gs^Ft       , Gs^Ft       , Gs^Ft       , Gs          , Gs^Ft       , Gs          
Gs          , Gs^Ft       , Gs          , Gs^Ft       , Gs^Ft       , Gs^Ft       , Gs^Ft       , Gs^Ft       , Gs^Ft       , Gs          , Gs^Ft       , Gs^Ft       , Gs^Ft       , Gs^Ft       , Gs          , Gs^Ft       , Gs^Ft       , Gs^Ft       , Gs^Ft       , Gs          , Gs          , Gs^Ft       , Gs          , Gs^Ft       , Gs^Ft       , Hh          , Gs^Ft       , Gs          , Gs^Ft       , Gs^Ft       , Gs^Ft       , Gs^Ft       , Gs^Ft       , Gs^Ft       , Gs          , Gs^Ft       , Gs^Ft       , Gs^Ft       , Gs^Ft       , Gs^Ft       , Gs^Ft       , Gs^Ft       , Gs^Ft       , Gs^Ft       , Gs^Ft       , Gs          , Gs^Ft       , Gs^Ft       , Gs^Ft       , Hh          , Gs          , Gs^Ft       , Gs^Ft       , Gs^Ft       , Gs          , Gs^Ft       , Gs^Ft       , Gs^Ft       , Gs          , Gs^Ft       , Gs^Ft       , Gs^Ft       
Gs^Ft       , Gs^Ft       , Gs^Ft       , Gs^Ft       , Gs          , Gs          , Gs^Ft       , Gs^Ft       , Gs^Ft       , Gs^Ft       , Hh          , Gs          , Gs^Ft       , Gs          , Gs^Ft       , Gs^Ft       , Gs^Ft       , Gs^Ft       , Hh          , Gs^Ft       , Gs^Ft       , Gs^Ft       , Gs^Ft       , Gs^Ft       , Gs          , Gs^Ft       , Gs          , Gs          , Gs^Ft       , Gs          , Gs^Ft       , Gs^Ft       , Gs          , Gs          , Gs^Ft       , Gs          , Gs^Ft       , Gs^Ft       , Gs^Ft       , Gs          , Gs^Ft       , Gs^Ft       , Gs^Ft       , Gs          , Gs^Ft       , Gs^Ft       , Gs^Ft       , Gs^Ft       , Gs          , Gs^Ft       , Gs^Ft       , Gs^Ft       , Gs^Ft       , Gs          , Gs^Ft       , Gs^Ft       , Gs          , Gs          , Gs^Ft       , Gs          , Gs^Ft       , Gs^Ft       
Gs^Ft       , Gs^Ft       , Gs^Ft       , Gs^Ft       , Gs          , Gs^Ft       , Gs^Ft       , Gs          , Gs^Ft       , Gs^Ft       , Gs^Ft       , Gs^Ft       , Gs^Ft       , Gs          , Gs^Ft       , Gs          , Gs^Ft       , Hh          , Gs^Ft       , Gs          , Gs^Ft       , Gs^Ft       , Gs^Ft       , Gs          , Gs^Ft       , Gs^Ft       , Gs^Ft       , Gs^Ft       , Gs          , Gs^Ft       , Gs^Ft       , Gs^Ft       , Gs^Ft       , Gs          , Gs^Vc       , Gs^Ft       , Gs^Ft       , Gs^Ft       , Gs^Ft       , Gs^Ft       , Gs^Ft       , Gs^Ft       , Gs          , Gs^Ft       , Gs^Ft       , Gs^Ft       , Gs^Ft       , Gs^Ft       , Gs^Ft       , Gs^Ft       , Gs          , Gs^Ft       , Gs^Ft       , Gs^Ft       , Gs^Ft       , Gs^Ft       , Gs^Ft       , Gs^Ft       , Gs^Ft       , Gs^Ft       , Gs^Ft       , Gs          
Gs^Ft       , Gs^Ft       , Gs^Ft       , Gs^Ft       , Gs^Ft       , Gs^Ft       , Gs^Ft       , Gs^Ft       , Gs^Ft       , Gs          , Gs          , Gs^Ft       , Gs^Ft       , Gs^Ft       , Gs^Ft       , Gs^Ft       , Gs^Ft       , Gs^Ft       , Gs^Ft       , Gs^Ft       , Gs^Ft       , Gs^Ft       , Gs^Ft       , Gs^Ft       , Gs^Ft       , Gs          , Gs          , Gs^Ft       , Gs^Ft       , Gs^Ft       , Gs          , Gs^Ft       , Gs^Ft       , Gs          , Gs^Ft       , Gs          , Gs^Ft       , Gs^Ft       , Gs          , Gs^Ft       , Gs^Ft       , Gs^Ft       , Gs^Ft       , Gs          , Gs^Ft       , Gs^Ft       , Gs^Ft       , Gs^Ft       , Gs^Ft       , Gs^Ft       , Gs          , Gs^Ft       , Gs^Ft       , Gs^Ft       , Gs^Ft       , Gs^Ft       , Gs^Ft       , Gs^Vc       , Gs^Ft       , Gs          , Gs^Ft       , Gs^Ft       
Gs^Ft       , Gs^Ft       , Gs^Ft       , Gs          , Gs^Ft       , Gs^Ft       , Gs          , Gs^Ft       , Gs^Ft       , Gs          , Gs^Ft       , Gs^Ft       , Gs^Ft       , Gs^Ft       , Gs^Ft       , Gs^Ft       , Gs^Ft       , Gs^Ft       , Gs          , Gs^Ft       , Gs^Ft       , Gs          , Gs^Ft       , Gs          , Gs^Ft       , Gs          , Gs^Ft       , Gs          , Gs^Ft       , Gs^Ft       , Gs^Ft       , Gs^Ft       , Gs^Ft       , Gs          , Gs^Ft       , Gs^Ft       , Gs^Ft       , Gs^Ft       , Gs          , Gs^Ft       , Gs^Ft       , Gs          , Gs^Ft       , Gs^Ft       , Gs^Ft       , Gs^Ft       , Gs^Ft       , Gs^Ft       , Gs^Ft       , Gs          , Gs^Ft       , Gs^Ft       , Gs^Ft       , Gs^Ft       , Gs^Ft       , Gs^Ft       , Gs^Ft       , Gs^Ft       , Gs^Ft       , Gs^Ft       , Gs^Ft       , Gs^Ft       
Gs^Ft       , Gs^Ft       , Gs^Ft       , Gs^Ft       , Gs^Ft       , Gs          , Gs^Ft       , Gs          , Gs^Ft       , Gs^Ft       , Gs^Ft       , Gs          , Gs^Ft       , Gs^Ft       , Gs^Ft       , Gs^Ft       , Gs^Ft       , Gs          , Gs^Ft       , Gs^Ft       , Gs^Ft       , Gs^Ft       , Gs^Ft       , Gs^Ft       , Gs^Ft       , Gs^Ft       , Gs^Ft       , Gs^Ft       , Gs^Ft       , Gs^Ft       , Gs^Ft       , Gs^Ft       , Gs          , Gs^Ft       , Gs^Ft       , Gs^Ft       , Gs          , Gs^Ft       , Gs^Ft       , Gs^Ft       , Gs^Ft       , Gs^Ft       , Gs          , Gs^Ft       , Gs          , Gs^Ft       , Gs^Ft       , Gs          , Gs^Ft       , Gs^Ft       , Gs^Ft       , Gs^Ft       , Hh          , Gs^Ft       , Gs          , Gs^Ft       , Gs          , Gs^Ft       , Gs^Ft       , Gs^Ft       , Gs^Ft       , Gs^Ft       
Gs^Ft       , Gs^Ft       , Gs^Ft       , Gs^Ft       , Gs^Ft       , Gs^Ft       , Gs^Ft       , Gs^Ft       , Gs^Ft       , Gs          , Gs^Ft       , Hh          , Gs^Ft       , Gs^Ft       , Gs^Ft       , Gs^Ft       , Gs^Ft       , Gs^Ft       , Gs          , Gs^Ft       , Gs^Ft       , Gs          , Gs^Ft       , Gs^Ft       , Gs^Ft       , Gs          , Gs^Ft       , Gs^Ft       , Gs^Ft       , Gs^Ft       , Gs^Ft       , Gs          , Gs          , Gs^Ft       , Gs^Ft       , Gs^Ft       , Gs^Ft       , Gs          , Gs^Ft       , Gs^Ft       , Gs^Ft       , Gs^Ft       , Gs^Ft       , Gs^Ft       , Gs          , Gs          , Gs^Ft       , Gs^Ft       , Gs          , Gs          , Gs          , Gs          , Gs          , Hh          , Gs          , Gs^Ft       , Gs          , Gs^Ft       , Gs          , Gs^Ft       , Gs^Ft       , Gs          
Gs^Ft       , Gs^Ft       , Gs^Ft       , Gs          , Gs          , Gs          , Gs^Ft       , Gs          , Gs^Ft       , Gs^Ft       , Gs^Ft       , Gs          , Gs^Ft       , Gs^Ft       , Gs^Ft       , Gs          , Gs^Ft       , Gs^Ft       , Gs^Ft       , Gs^Ft       , Gs^Ft       , Gs^Ft       , Gs^Ft       , Gs^Ft       , Gs          , Gs^Ft       , Gs          , Gs^Ft       , Gs          , Gs^Ft       , Gs^Ft       , Gs^Ft       , Gs          , Gs^Ft       , Gs          , Gs^Ft       , Gs^Ft       , Gs^Ft       , Gs^Ft       , Gs^Ft       , Gs          , Gs^Ft       , Gs          , Gs          , Gs          , Gs          , Gs          , Gs          , Gs          , Gs          , Gs          , Gs          , Gs          , Gs          , Gs          , Gs          , Gs          , Gs          , Gs          , Gs          , Gs^Ft       , Gs^Ft       
Gs^Ft       , Gs^Ft       , Gs          , Gs^Ft       , Gs^Ft       , Gs^Ft       , Gs^Ft       , Hh          , Hh          , Gs^Ft       , Gs^Ft       , Gs^Ft       , Gs          , Gs          , Gs          , Gs^Ft       , Gs          , Gs^Ft       , Gs^Ft       , Gs^Ft       , Gs          , Gs^Ft       , Hh          , Gs^Ft       , Gs^Ft       , Gs          , Gs^Ft       , Gs^Ft       , Gs          , Gs          , Gs^Ft       , Gs          , 2 Gs        , Gs          , Gs          , Gs          , Gs          , Gs          , Gs          , Gs          , Gs          , Gs          , Gs          , Gs          , Gs          , Gs          , Gs          , Gs          , Gs          , Gd          , Gs          , Gd          , Gs          , Gs          , Gs          , Gs          , Gs          , Gs          , Gs          , Gs          , Gs          , Gs^Ft       
Gs^Ft       , Gs^Ft       , Gs^Ft       , Gs^Ft       , Gs^Ft       , Gs^Ft       , Gs^Ft       , Gs^Ft       , Hh          , Gs^Ft       , Gs^Ft       , Gs^Ft       , Gs^Ft       , Gs^Ft       , Gs^Ft       , Gs^Ft       , Gs          , Gs^Ft       , Gs^Ft       , Gs^Ft       , Gs          , Gs^Ft       , Gs          , Gs^Ft       , Gs          , Gs^Ft       , Gs          , Gs^Ft       , Gs          , Gs^Ft       , Gs          , Gs          , Gs          , Gs          , Ce          , Gs          , Gs          , Gs          , Gs          , Gs          , Gs          , Gs          , Gs          , Gs          , Gd          , Gd          , Gs          , Gd          , Gd          , Gd          , Gd          , Gd          , Gs          , Gd          , Gd          , Gs          , Gs          , Gs          , Gs          , Gs          , Gs          , Gs          
Gs^Ft       , Gs^Ft       , Gs          , Gs^Ft       , Gs          , Hh          , Gd^Ft       , Gd^Ft       , Gd^Ft       , Gs^Ft       , Gs^Ft       , Gs^Ft       , Gs^Ft       , Gs^Ft       , Gs^Ft       , Gs          , Gs^Ft       , Gs          , Gs^Ft       , Gs^Ft       , Gs^Ft       , Gs^Ft       , Gs^Ft       , Gs^Ft       , Gs^Ft       , Gs^Ft       , Gs          , Gs          , Gs          , Gs          , Gs          , Gs          , Gs          , Ce          , 1 Ke        , Ce          , Re          , Gs          , Gs          , Gs          , Gs          , Gs          , Gs          , Gd          , Gs          , Gd          , Gd          , Gd          , Gd          , Gd          , Gd          , Gd          , Gd          , Gd          , Gd          , Gd          , Gd          , Gs          , Gd          , Gs          , Gs          , Gs          
Gs          , Gs^Ft       , Gs^Ft       , Gs^Ft       , Gs^Ft       , Gs^Ft       , Gd^Ft       , Re^Vct      , 5 Ke        , Re^Vct      , Gd          , Gs^Ft       , Gs^Ft       , Gs^Ft       , Gs^Ft       , Gs          , Gs^Ft       , Gs^Ft       , Gs^Ft       , Gs^Ft       , Gs^Ft       , Gs^Ft       , Gs^Ft       , Gs          , Gs          , Gs^Ft       , Gs          , Gs          , Gs          , Gs          , Gs          , Gs          , Gs          , Ce          , Ce          , Ce          , Re          , Gs          , Gs          , Gs          , Gs          , Gs          , Gd          , Gd          , Gd          , Gd          , Gd          , Gd          , Gd          , Gs          , Gd          , Rd          , Gd          , Gd          , Gd          , Gd          , Gd          , Gd          , Gd          , Gd          , Gd          , Gs          
Gs^Ft       , Gs^Ft       , Gs          , Gs          , Gs^Ft       , Gs^Ft       , Re^Vct      , Ce          , Re^Vct      , Re          , Gd          , Gs          , Gs          , Gs^Ft       , Gs          , Gs^Ft       , Gs^Ft       , Gs^Ft       , Gs^Ft       , Gs^Ft       , Gs^Ft       , Gs^Ft       , Gs^Ft       , Gs^Ft       , Gs^Ft       , Gs          , Gs          , Gs          , Gs          , Gs          , Gs          , Gs          , Gs          , Gs          , Gs          , Re          , Gs          , Gs          , Gs          , Gs          , Gs          , Gs          , Gs          , Gd          , Gd          , Gd          , Gd          , Gd          , Rd          , Gd          , Gd          , Gd          , Gd          , Gd          , Gd          , Rd          , Gd          , Rd          , Rd          , Gd          , Gd          , Gd          
Gs^Ft       , Gs          , Gs^Ft       , Gs^Ft       , Gs^Ft       , Gs^Ft       , Gs^Ft       , Gd          , Gs          , Gd          , Gs          , Gs^Ft       , Gs^Ft       , Gs^Ft       , Gs^Ft       , Gs^Ft       , Gs^Ft       , Gs^Ft       , Gs^Ft       , Gs          , Gs^Ft       , Gs^Ft       , Gs^Ft       , Gs          , Gs          , Gs          , Gd          , Gs          , Gd          , Gs          , Gs          , Gs          , Gs          , Gs          , Gs          , Gs          , Gs          , Gs          , Gs          , Gs          , Gs          , Gs          , Gd          , Gd          , Gd          , Gd          , Rd          , Gd          , Gd          , Gd          , Rd          , Gd          , Gs          , Gd          , Gd          , Gd          , Gs          , Gd          , Gd          , Gd          , Gd          , Gd          
Gs          , Gs^Ft       , Gs^Ft       , Gs          , Gs^Ft       , Gs^Ft       , Gs          , Gs^Ft       , Gs^Ft       , Gs^Ft       , Gs^Ft       , Gs^Ft       , Gs^Ft       , Gs          , Gs^Ft       , Gs^Ft       , Gs^Ft       , Gs^Ft       , Gs          , Gs^Ft       , Gs^Ft       , Gs^Ft       , Gs          , Gs          , Gs          , Gd          , Gd          , Gd          , Gd          , Gd          , Gd          , Gs          , Gs          , Gs          , Gs          , Gs          , Gs          , Gs          , Gs          , Gs          , Gs          , Gs          , Gd          , Gs          , Gs          , Gd          , Rd          , Gd          , Gs          , Gs          , Gd          , Gd          , Gd          , Rd          , Gd          , Gd          , Gd          , Gd          , Gd          , Gd          , Gd          , Gd          
