border_size=1
usage=map

Xu          , Xu          , Xu          , Xu          , Xu          , Xu          , Xu          , Xu          , Xu          , Xu          , Xu          , Xu          , Xu          , Xu          , Xu          , Xu          , Xu          , Xu          , Xu          , Xu          , Xu          , Xu          , Xu          , Xu          , Xu          , Xu          , Xu          , Xu          , Xu          , Xu          , Xu          , Xu          , Xu          , Xu          , Xu          , Xu          , Xu          , Xu          , Xu          , Xu          , Xu          , Xu          , Xu          , Xu          , Xu          , Xu          , Xu          , Xu          , Xu          , Xu          , Xu          , Xu          , Xu          , Xu          , Xu          
Xu          , Xu          , Xu          , Xu          , Xu          , Xu          , Xu          , Xu          , Xu          , Xu          , Xu          , Xu          , Xu          , Xu          , Xu          , Xu          , Xu          , Xu          , Xu          , Xu          , Xu          , Xu          , Xu          , Xu          , Xu          , Xu          , Xu          , Xu          , Xu          , Xu          , Xu          , Xu          , Xu          , Xu          , Xu          , Xu          , Xu          , Xu          , Xu          , Xu          , Xu          , Xu          , Xu          , Xu          , Xu          , Xu          , Xu          , Xu          , Xu          , Xu          , Xu          , Xu          , Xu          , Xu          , Xu          
Xu          , Xu          , Xu          , Xu          , Xu          , Xu          , Xu          , Xu          , Xu          , Xu          , Xu          , Xu          , Xu          , Xu          , Xu          , Xu          , Xu          , Xu          , Xu          , Xu          , Xu          , Xu          , Xu          , Xu          , Xu          , Xu          , Xu          , Xu          , Xu          , Xu          , Xu          , Xu          , Xu          , Xu          , Xu          , Xu          , Xu          , Xu          , Xu          , Xu          , Xu          , Xu          , Xu          , Xu          , Xu          , Xu          , Xu          , Xu          , Xu          , Xu          , Xu          , Xu          , Xu          , Xu          , Xu          
Xu          , Xu          , Xu          , Xu          , Xu          , Xu          , Xu          , Xu          , Xu          , Xu          , Xu          , Xu          , Xu          , Xu          , Xu          , Xu          , Xu          , Xu          , Xu          , Xu          , Urb         , Urb         , Urb         , Rb^Es       , Rb^Es       , Xu          , Xu          , Xu          , Xu          , Xu          , Xu          , Xu          , Xu          , Xu          , Xu          , Xu          , Xu          , Xu          , Xu          , Xu          , Xu          , Xu          , Xu          , Xu          , Xu          , Xu          , Xu          , Xu          , Xu          , Xu          , Xu          , Xu          , Xu          , Xu          , Xu          
Xu          , Xu          , Xu          , Xu          , Xu          , Xu          , Xu          , Xu          , Xu          , Xu          , Xu          , Xu          , Xu          , Xu          , Xu          , Xu          , Xu          , Xu          , Xu          , Xu          , Urb         , Urb         , 5 Urb       , Urb         , Urb         , Xu          , Xu          , Xu          , Xu          , Xu          , Xu          , Xu          , Xu          , Xu          , Xu          , Xu          , Xu          , Xu          , Xu          , Xu          , Xu          , Xu          , Xu          , Xu          , Xu          , Xu          , Xu          , Xu          , Xu          , Xu          , Xu          , Xu          , Xu          , Xu          , Xu          
Xu          , Xu          , Xu          , Xu          , Xu          , Xu          , Xu          , Xu          , Xu          , Xu          , Xu          , Xu          , Xu          , Xu          , Xu          , Xu          , Xu          , Xu          , Urb         , Urb         , Urb         , Urb         , Urb         , Urb         , Urb         , Urb         , Urb         , Xu          , Xu          , Xu          , Xu          , Xu          , Xu          , Xu          , Xu          , Xu          , Xu          , Xu          , Xu          , Xu          , Xu          , Xu          , Xu          , Xu          , Xu          , Xu          , Xu          , Xu          , Xu          , Xu          , Xu          , Xu          , Xu          , Xu          , Xu          
Xu          , Xu          , Xu          , Xu          , Xu          , Xu          , Xu          , Xu          , Xu          , Xu          , Xu          , Xu          , Xu          , Xu          , Xu          , Xu          , Xu          , Xu          , Urb         , Urb         , Urb         , Urb         , Urb         , Urb         , Urb         , Urb         , Rb          , Xu          , Xu          , Xu          , Xu          , Xu          , Xu          , Xu          , Xu          , Xu          , Xu          , Xu          , Xu          , Xu          , Xu          , Xu          , Xu          , Xu          , Xu          , Xu          , Xu          , Xu          , Xu          , Xu          , Xu          , Xu          , Xu          , Xu          , Xu          
Xu          , Xu          , Xu          , Xu          , Xu          , Xu          , Xu          , Xu          , Xu          , Xu          , Xu          , Xu          , Xu          , Xu          , Xu          , Xu          , Xu          , Xu          , Xu          , Urb         , Rb^Es       , Urb         , Urb         , Urb         , Uu^Es       , Urb         , Xu          , Xu          , Xu          , Xu          , Xu          , Xu          , Xu          , Xu          , Xu          , Xu          , Xu          , Xu          , Xu          , Xu          , Xu          , Xu          , Xu          , Xu          , Xu          , Xu          , Xu          , Xu          , Xu          , Xu          , Xu          , Xu          , Xu          , Xu          , Xu          
Xu          , Xu          , Xu          , Xu          , Xu          , Xu          , Xu          , Xu          , Xu          , Xu          , Xu          , Xu          , Xu          , Xu          , Xu          , Xu          , Xu          , Xu          , Xu          , Rb          , Rb^Es       , Uu^Es       , Uu          , Uu^Es       , Rb^Es       , Urb         , Xu          , Xu          , Xu          , Xu          , Xu          , Xu          , Xu          , Xu          , Xu          , Xu          , Xu          , Xu          , Xu          , Xu          , Xu          , Xu          , Xu          , Xu          , Xu          , Xu          , Xu          , Xu          , Xu          , Xu          , Xu          , Xu          , Xu          , Xu          , Xu          
Xu          , Xu          , Xu          , Xu          , Xu          , Xu          , Xu          , Xu          , Xu          , Xu          , Xu          , Xu          , Xu          , Xu          , Xu          , Xu          , Xu          , Xu          , Xu          , Xu          , Xu          , Uu          , Uu          , Uu^Es       , Xu          , Xu          , Xu          , Xu          , Xu          , Xu          , Xu          , Xu          , Xu          , Xu          , Xu          , Xu          , Xu          , Xu          , Xu          , Xu          , Xu          , Xu          , Xu          , Xu          , Xu          , Xu          , Xu          , Xu          , Xu          , Xu          , Xu          , Xu          , Xu          , Xu          , Xu          
Xu          , Xu          , Xu          , Xu          , Xu          , Xu          , Xu          , Xu          , Xu          , Xu          , Xu          , Xu          , Xu          , Xu          , Xu          , Xu          , Xu          , Xu          , Xu          , Xu          , Xu          , Uu          , Uu          , Urb         , Xu          , Xu          , Xu          , Xu          , Xu          , Xu          , Xu          , Xu          , Xu          , Xu          , Xu          , Xu          , Xu          , Xu          , Xu          , Xu          , Xu          , Xu          , Xu          , Xu          , Xu          , Xu          , Xu          , Xu          , Xu          , Xu          , Xu          , Xu          , Xu          , Xu          , Xu          
Xu          , Xu          , Xu          , Xu          , Xu          , Xu          , Xu          , Xu          , Xu          , Xu          , Xu          , Xu          , Xu          , Xu          , Xu          , Xu          , Xu          , Xu          , Xu          , Xu          , Xu          , Cud         , Urb         , Cud         , Xu          , Xu          , Xu          , Xu          , Xu          , Xu          , Uu^Emf      , Xu          , Xu          , Xu          , Xu          , Xu          , Xu          , Xu          , Xu          , Xu          , Xu          , Xu          , Xu          , Xu          , Xu          , Xu          , Qxu         , Xu          , Qxu         , Qxu         , Qxu         , Qxu         , Qxu         , Xu          , Xu          
Xu          , Xu          , Xu          , Xu          , Xu          , Xu          , Xu          , Xu          , Xu          , Xu          , Xu          , Xu          , Xu          , Xu          , Xu          , Xu          , Xu          , Xu          , Xu          , Xu          , Xu          , Rb^Es       , Uu^Es       , Urb         , Xuc         , Xu          , Xu          , Uu          , Rb          , Rb          , Rb          , Xu          , Xu          , Xu          , Xu          , Xu          , Xu          , Xu          , Xu          , Xu          , Xu          , Xu          , Xu          , Xu          , Xu          , Xu          , Qxu         , Qxu         , Qxu         , Qxu         , Qxu         , Qxu         , Qxu         , Xu          , Xu          
Xu          , Xu          , Xu          , Xu          , Xu          , Xu          , Xu          , Xu          , Xu          , Xu          , Xu          , Xu          , Xu          , Xu          , Xu          , Xu          , Xu          , Xu          , Xu          , Xu          , Xu          , Urb         , Urb         , Rb^Es       , Xuc         , Rb          , Urb         , Rb          , Uu          , Rb          , Urb         , Rb          , Uu          , Xu          , Xu          , Xu          , Xu          , Xu          , Xu          , Xu          , Xu          , Xu          , Xu          , Xu          , Xu          , Qxu         , Qxu         , Qxu         , Qxu         , Cud         , Cud         , Qxu         , Qxu         , Qxu         , Xu          
Xu          , Xu          , Xu          , Xu          , Xu          , Xu          , Xu          , Xu          , Xu          , Xu          , Xu          , Xu          , Xu          , Xu          , Xu          , Xu          , Xu          , Xu          , Xu          , Xu          , Xu          , Uu          , Urb         , Urb         , Xu          , Urb         , Rb          , Rb          , Rb          , Xu          , Rb          , Rb          , Rb          , Xu          , Xu          , Xu          , Xu          , Xu          , Xu          , Xu          , Xu          , Xu          , Xu          , Xu          , Qxu         , Qxu         , Xu          , Qxu         , Qxu         , Xu          , Cud         , Cud         , Qxu         , Qxu         , Qxu         
Xu          , Xu          , Xu          , Xu          , Xu          , Xu          , Xu          , Xu          , Xu          , Xu          , Xu          , Xu          , Xu          , Xu          , Xu          , Xu          , Xu          , Xu          , Xu          , Xu          , Xu          , Xu          , Urb         , Xu          , Xue         , Xu          , Xu          , Rb          , Xu          , Rb          , Xu          , Rb          , Rb          , Rb          , Uh          , Xu          , Xu          , Xu          , Xu          , Xu          , Xu          , Xu          , Xu          , Qxu         , Qxu         , Qxu         , Qxu         , Qxu         , Cud         , 4 Kud       , Cud         , Xu          , Xu          , Xu          , Xu          
Xu          , Xu          , Xu          , Xu          , Xu          , Xu          , Xu          , Xu          , Xu          , Xu          , Xu          , Xu          , Xu          , Xu          , Xu          , Xu          , Xu          , Xu          , Xu          , Xu          , Xu          , Urb         , Xu          , Rb          , Uue         , Xue         , Xue         , Xu          , Xue         , Xu          , Xu          , Uu          , Rb          , Rb          , Rb          , Xu          , Xu          , Xu          , Xu          , Xu          , Xu          , Xu          , Qxu         , Qxu         , Qxu         , Qxu         , Qxu         , Qxu         , Uh          , Cud         , Cud         , Xu          , Xu          , Xu          , Xu          
Xu          , Xu          , Xu          , Xu          , Xu          , Xu          , Xu          , Xu          , Xu          , Xu          , Xu          , Xu          , Xu          , Xu          , Xu          , Xu          , Xu          , Xu          , Xu          , Xu          , Urb         , Rb^Es       , Rb^Es       , Uue         , Qlf         , Rb          , Uue         , Xue         , Xue         , Xue         , Xu          , Xu          , Rb          , Uu          , Rb          , Uu          , Rb          , Xu          , Xu          , Xu          , Xu          , Qxu         , Qxu         , Qxu         , Xu          , Xu          , Qxu         , Xu          , Uh          , Uh          , Qxu         , Xu          , Xu          , Xu          , Xu          
Xu          , Xu          , Xu          , Xu          , Xu          , Xu          , Xu          , Xu          , Xu          , Xu          , Xu          , Xu          , Xu          , Xu          , Xu          , Xu          , Xu          , Xu          , Urb         , Rb          , Urb         , Urb         , Uh          , Rb          , Rb          , Uue         , Qlf         , Qlf         , Rb          , Xue         , Xu          , Xu          , Xu          , Rb          , Rb          , Rb          , Rb          , Xu          , Xu          , Xu          , Xu          , Qxu         , Qxu         , Qxu         , Xu          , Xu          , Uu          , Xuc         , Xuc         , Xu          , Xu          , Xu          , Xu          , Xu          , Xu          
Xu          , Xu          , Xu          , Xu          , Xu          , Xu          , Xu          , Xu          , Xu          , Xu          , Xu          , Xu          , Xu          , Xu          , Qxu         , Xu          , Uu^Es       , Uu^Es       , Uu^Es       , Uu          , Ql          , Uh          , Uue         , Rb          , Uue         , Uue^Ii      , Rb^Ii       , Rb          , Rb          , Xue         , Xue         , Xu          , Xu          , Rb          , Rb          , Uu          , Xu          , Xu          , Xu          , Xu          , Qxu         , Qxu         , Xu          , Uu          , Uu          , Rb          , Rb          , Uh          , Uh          , Xu          , Xu          , Xu          , Xu          , Xu          , Xu          
Xu          , Xu          , Xu          , Xu          , Xu          , Xu          , Xu          , Xu          , Xu          , Xu          , Xu          , Xu          , Qxu         , Qxu         , Qxu         , Qxu         , Uu^Es       , Uu^Dr       , Xu          , Xu          , Xue         , Qlf         , Qlf         , Qlf         , Qlf^Ii      , Qlf^Ii      , Qlf^Ii      , Rb^Ii       , Qlf^Ii      , Rb          , Uue         , Xue         , Xu          , Rb          , Uue         , Uu          , Xue         , Xu          , Xu          , Xu          , Qxu         , Qxu         , Rb          , Rb          , Rb          , Rb          , Rb          , Uh          , Rb          , Xu          , Xu          , Xu          , Xu          , Xu          , Xu          
Xu          , Xu          , Xu          , Xu          , Xu          , Xu          , Xu          , Xu          , Xu          , Xu          , Xu          , Xu          , Qxu         , Qxu         , Qxu         , Qxu         , Xu          , Xu          , Xu          , Xue         , Rb          , Uue         , Qlf^Ii      , Uue^Ii      , Rb^Ii       , Qlf^Ii      , Rb^Ii       , Rb^Ii       , Qlf^Ii      , Qlf         , Uue         , Xue         , Xue         , Xue         , Rb          , Xue         , Qxe         , Qxu         , Qxu         , Qxu         , Xu          , Xu          , Rb          , Rb          , Uu^Vu       , Rb          , Rb          , Uu^Vu       , Rb          , Xu          , Xu          , Xu          , Xu          , Xu          , Xu          
Xu          , Xu          , Xu          , Xu          , Xu          , Xu          , Xu          , Xu          , Xu          , Xu          , Urb^Es      , Uu^Es       , Rb^Es       , Urb^Dr      , Qxu         , Qxu         , Xu          , Xu          , Xu          , Xue         , Uue         , Uue         , Rb          , Rb^Ii       , Rb^Ii       , Rb^Ii       , Rb^Ii       , Qlf^Ii      , Uue         , Qlf         , Ql          , Xue         , Ql          , Ql          , Qxu^Bs|     , Qxe         , Xue         , Xue         , Xu          , Xu          , Xu          , Rb          , Uu          , Rb          , Rb          , Rb          , Uu^Emf      , Rb          , Uu          , Uh          , Xu          , Xu          , Xu          , Xu          , Xu          
Xu          , Xu          , Xu          , Xu          , Xu          , Xu          , Xu          , Xu          , Rb          , Urb         , Urb         , Urb^Es      , Rb^Es       , Uu          , Xu          , Xu          , Xu          , Xu          , Xu          , Xue         , Qlf         , Qlf         , Rb          , Qlf^Ii      , Qlf^Ii      , Qlf^Ii      , Uue^Ii      , Qlf^Ii      , Uue         , Rb          , Xue         , Ql          , Xue         , Xue         , Rb          , Xue         , Xu          , Xu          , Xu          , Xu          , Rb          , Uh          , Rb          , Rb          , Xu          , Uu^Emf      , Uu^Emf      , Rb          , Uu          , Rb          , Xu          , Xu          , Xu          , Xu          , Xu          
Xu          , Xu          , Xu          , Xu          , Xu          , Xu          , Uu          , Urb         , Rb          , Urb         , Xu          , Xu          , Xu          , Uu          , Rb          , Xu          , Xu          , Xu          , Xu          , Xue         , Uue         , Qlf         , Uue         , Uue         , Qlf         , Qlf         , Rb          , Rb          , Xue         , Xue         , Xu          , Xu          , Xu          , Rb          , Uu          , Uu          , Rb          , Xu          , Xu          , Rb          , Uh          , Rb          , Rb          , Xu          , Xu          , Xu          , Cud         , Uu          , Xu          , Xu          , Xu          , Xu          , Xu          , Xu          , Xu          
Xu          , Xu          , Xu          , Xu          , Xu          , Xu          , Uu          , Rb          , Xu          , Xu          , Xu          , Xu          , Xu          , Xu          , Rb          , Xu          , Xu          , Xu          , Rb          , Rb          , Uu          , Rb          , Uue         , Xue         , Rb          , Uue         , Uue         , Qlf         , Xue         , Xu          , Xu          , Xu          , Xu          , Rb          , Rb          , Rb          , Uu          , Xu          , Rb          , Rb          , Rb          , Uu          , Xu          , Xu          , Uu          , Uu          , Rb          , Cud         , Uu          , Xu          , Xu          , Xu          , Xu          , Xu          , Xu          
Xu          , Xu          , Xu          , Xu          , Xu          , Xu          , Urb         , Urb         , Rb          , Xu          , Xu          , Xu          , Xu          , Xu          , Xu          , Uu          , Rb          , Xu          , Rb          , Rb          , Xu          , Rb          , Xu          , Xue         , Xue         , Xue         , Xue         , Xue         , Xu          , Xu          , Xu          , Xu          , Xu          , Xu          , Rb          , Rb          , Rb          , Uu          , Rb          , Rb          , Rb          , Uu          , Xu          , Xu          , Xu          , Uu          , Rb          , Rb          , Xu          , Xu          , Xu          , Xu          , Xu          , Xu          , Xu          
Xu          , Xu          , Xu          , Xu          , Xu          , Xu          , Xu          , Urb         , Rb          , Rb          , Qxu         , Xu          , Xu          , Xu          , Xu          , Uu^Emf      , Xu          , Rb          , Xu          , Xu          , Xu          , Xu          , Xu          , Xu          , Xu          , Xu          , Xu          , Xu          , Xu          , Xu          , Xu          , Xu          , Xu          , Xu          , Xu          , Rb          , Xu          , Rb          , Rb          , Uu          , Xu          , Xu          , Xu          , Xu          , Xu          , Rb          , Rb          , Uu^Emf      , Xu          , Xu          , Xu          , Xu          , Xu          , Xu          , Xu          
Xu          , Xu          , Xu          , Xu          , Xu          , Xu          , Xu          , Xu          , Rb          , Urb         , Rb^Es       , Uu^Es       , Uu^Dr       , Xu          , Xu          , Xu          , Xu          , Xu          , Xu          , Xu          , Xu          , Xu          , Xu          , Xu          , Rb          , Rb          , Rb          , Xu          , Xu          , Xu          , Xu          , Xu          , Xu          , Xu          , Xu          , Xu          , Xu          , Xu          , Xu          , Xu          , Xu          , Xu          , Rb          , Uu          , Rb          , Rb          , Uu          , Xu          , Xu          , Xu          , Xu          , Xu          , Xu          , Xu          , Xu          
Xu          , Xu          , Xu          , Xu          , Xu          , Xu          , Xu          , Xu          , Rb          , Xu          , Xu          , Qxu         , Qxu         , Qxu         , Rb^Es       , Xu          , Xu          , Xu          , Xu          , Xu          , Xu          , Xu          , Xu          , Xu          , Xu          , Xu          , Rb          , Xu          , Xu          , Xu          , Xu          , Xu          , Xu          , Xu          , Xu          , Xu          , Xu          , Xu          , Xu          , Xu          , Uu^Es       , Uu          , Rb          , Rb          , Rb          , Rb          , Xu          , Xu          , Xu          , Xu          , Xu          , Xu          , Xu          , Xu          , Xu          
Xu          , Xu          , Xu          , Xu          , Xu          , Xu          , Rb^Vu       , Xu          , Rb          , Xu          , Xu          , Xu          , Uu          , Rb^Dr       , Qxu         , Rb^Es       , Urb         , Xu          , Xu          , Xu          , Rb          , Xu          , Uu          , Uh          , Urb         , Rb          , Xu          , Xu          , Xu          , Xu          , Xu          , Xu          , Xu          , Xu          , Xu          , Xu          , Qxu         , Qxu         , Qxu         , Xu          , Rb^Es       , Xu          , Rb          , Uu          , Xu          , Uu          , Xu          , Xu          , Xu          , Xu          , Xu          , Xu          , Xu          , Xu          , Xu          
Xu          , Xu          , Xu          , Xu          , Rb          , Uu          , Rb          , Rb          , Rb          , Uu^Emf      , Xu          , Uu          , Xu          , Xu          , Xu          , Uu^Es       , Urb         , Urb         , Urb         , Urb         , Cud         , Urb         , Urb         , Rb          , Uu          , Xu          , Xu          , Xu          , Xu          , Xu          , Xu          , Xu          , Xu          , Xu          , Xu          , Xu          , Xu          , Qxu         , Qxu         , Qxu         , Rb          , Rb^Es       , Uu          , Qxu         , Xu          , Xu          , Xu          , Xu          , Xu          , Xu          , Xu          , Xu          , Xu          , Xu          , Xu          
Xu          , Xu          , Xu          , Xu          , Uu          , Rb          , Rb          , Rb          , Rb          , Xu          , Xu          , Xuc         , Xu          , Xu          , Xu          , Xu          , Xu          , Rb          , Urb         , Cud         , 3 Kud       , Cud         , Urb         , Rb          , Xu          , Xu          , Xu          , Xu          , Xu          , Xu          , Xu          , Xu          , Xu          , Xu          , Xu          , Xu          , Uu          , Qxu         , Qxu         , Rb          , Qxu         , Qxu         , Qxu         , Xu          , Xu          , Xu          , Xu          , Xu          , Xu          , Xu          , Xu          , Xu          , Xu          , Xu          , Md^Xm       
Xu          , Xu          , Xu          , Rb^Vu       , Rb          , Rb          , Rb          , Uu^Vu       , Uu          , Xu          , Xu          , Rb          , Rb          , Xu          , Uu          , Xu          , Xu          , Xu          , Rb          , Cud         , Cud         , Cud         , Urb         , Urb         , Xu          , Xu          , Xu          , Xu          , Xu          , Xu          , Xu          , Xu          , Xu          , Xu          , Xu          , Xu          , Xu          , Uu          , Rb^Dr       , Rb          , Qxu         , Qxu         , Qxu         , Qxu         , Xu          , Xu          , Xu          , Xu          , Xu          , Xu          , Xu          , Xu          , Xu          , Md^Xm       , Md^Xm       
Xu          , Xu          , Xu          , Xu          , Rb          , Rb          , Uu          , Rb          , Uu          , Qxu         , Xu          , Xu          , Xu          , Rb          , Xu          , Rb          , Xu          , Xu          , Urb         , Urb         , Urb         , Urb         , Urb         , Urb         , Xu          , Xu          , Xu          , Xu          , Xu          , Xu          , Xu          , Xu          , Xu          , Xu          , Xu          , Xu          , Xu          , Uu          , Rb          , Rb^Es       , Uu^Es       , Qxu         , Xu          , Xu          , Xu          , Xu          , Xu          , Xu          , Xu          , Xu          , Xu          , Xu          , Xu          , Md^Xm       , Md          
Xu          , Xu          , Xu          , Xu          , Uu          , Xu          , Xu          , Xu          , Xu          , Xu          , Xu          , Xu          , Xu          , Xu          , Xu          , Rb          , Xu          , Xu          , Xu          , Rb          , Xu          , Rb          , Rb          , Xu          , Xu          , Xu          , Xu          , Xu          , Xu          , Xu          , Xu          , Xu          , Xu          , Xu          , Xu          , Xu          , Xu          , Qxu         , Uu          , Rb^Es       , Rb          , Qxu         , Xu          , Xu          , Xu          , Xu          , Xu          , Xu          , Xu          , Xu          , Xu          , Xu          , Md^Xm       , Md^Xm       , Md          
Xu          , Xu          , Xu          , Xu          , Uu          , Xu          , Xu          , Xu          , Xu          , Xu          , Rb          , Rb          , Rb          , Xu          , Xu          , Rb          , Xu          , Xu          , Xu          , Xu          , Xu          , Urb         , Uu          , Xu          , Xu          , Xu          , Xu          , Xu          , Xu          , Xu          , Xu          , Xu          , Xu          , Xu          , Xu          , Xu          , Xu          , Xu          , Uh          , Rb          , Rb          , Uu          , Uu          , Uu          , Xu          , Xu          , Xu          , Xu          , Xu          , Xu          , Uu^Ii       , Xu          , Hhd         , Md          , Hhd         
Xu          , Xu          , Xu          , Xu          , Rb          , Xu          , Xu          , Xu          , Xu          , Rb          , Xu          , Xu          , Rb          , Xu          , Rb          , Rb          , Xu          , Xu          , Xu          , Xu          , Xu          , Uu          , Rb          , Rb          , Xu          , Xu          , Xu          , Xu          , Xu          , Xu          , Xu          , Xu          , Xu          , Xu          , Xu          , Xu          , Xu          , Xu          , Xu          , Uh          , Rb          , Rb          , Rb          , Uu          , Rb          , Xu          , Rb          , Uu          , Rb          , Uu^Ii       , Uh^Ii       , Uh^Ii       , Hhd^Ii      , Hhd         , Hhd         
Xu          , Xu          , Xu          , Xu          , Xu          , Uu          , Xu          , Uh          , Uu          , Rb          , Rb          , Uu          , Uu          , Rb          , Xu          , Xu          , Xu          , Xu          , Xu          , Xu          , Xu          , Xu          , Rb          , Uu          , Xu          , Xu          , Xu          , Xu          , Xu          , Xu          , Xu          , Xu          , Xu          , Xu          , Xu          , Xu          , Xu          , Xu          , Xu          , Uh          , Uu^Emf      , Rb          , Rb          , Rb          , Rb          , Rb          , Xu          , Uu          , Xu          , Uu^Ii       , Xu          , Uh^Ii       , Md^Xm       , Hhd         , Md          
Xu          , Xu          , Xu          , Xu          , Xu          , Uu          , Rb          , Uu          , Rb          , Uu          , Rb          , Uu          , Uu          , Xu          , Xu          , Xu          , Xu          , Xu          , Xu          , Xu          , Xu          , Xu          , Uu          , Rb          , Xu          , Xu          , Xu          , Xu          , Xu          , Xu          , Xu          , Xu          , Xu          , Xu          , Xu          , Xu          , Xu          , Xu          , Xu          , Rb          , Xu          , Uu          , Xu          , Uu          , Xu          , Uu          , Xu          , Xu          , Xu          , Xu          , Xu          , Xu          , Xu          , Md^Xm       , Md          
Xu          , Xu          , Xu          , Xu          , Xu          , Xu          , Xu          , Rb          , Uu          , Uu          , Uu          , Xu          , Xu          , Xu          , Xu          , Xu          , Xu          , Xu          , Xu          , Xu          , Xu          , Xu          , Rb          , Xu          , Xu          , Xu          , Xu          , Xu          , Xu          , Xu          , Xu          , Xu          , Xu          , Xu          , Xu          , Xu          , Xu          , Xu          , Xu          , Uu          , Xu          , Xu          , Xu          , Xu          , Xu          , Xu          , Xu          , Xu          , Xu          , Xu          , Xu          , Xu          , Xu          , Md^Xm       , Md^Xm       
Xu          , Xu          , Xu          , Xu          , Xu          , Xu          , Xu          , Rb          , Rb          , Rb          , Xu          , Xu          , Xu          , Xu          , Xu          , Xu          , Xu          , Xu          , Xu          , Xu          , Xu          , Xu          , Xu          , Rb          , Xu          , Xu          , Xu          , Xu          , Xu          , Xu          , Xu          , Xu          , Xu          , Xu          , Xu          , Xu          , Xu          , Xu          , Xu          , Xu          , Xu          , Xu          , Xu          , Xu          , Xu          , Xu          , Xu          , Xu          , Xu          , Xu          , Xu          , Xu          , Xu          , Xu          , Md^Xm       
Xu          , Xu          , Xu          , Xu          , Xu          , Xu          , Xu          , Xu          , Xu          , Xu          , Xu          , Xu          , Xu          , Xu          , Xu          , Xu          , Uu^Uf       , Uu^Uf       , Uu          , Xu          , Uu          , Xu          , Xu          , Rb          , Xu          , Xu          , Xu          , Xu          , Xu          , Xu          , Xu          , Xu          , Xu          , Xu          , Xu          , Xu          , Xu          , Xu          , Xu          , Xu          , Xu          , Xu          , Xu          , Xu          , Xu          , Xu          , Xu          , Xu          , Xu          , Xu          , Xu          , Xu          , Xu          , Xu          , Xu          
Xu          , Xu          , Xu          , Xu          , Xu          , Xu          , Xu          , Xu          , Xu          , Xu          , Xu          , Xu          , Xu          , Xu          , Xu          , Uu          , Uu          , Uu^Uf       , Uu          , Uu          , Uu          , Uu          , Rb          , Uu          , Uu          , Xu          , Xu          , Xu          , Xu          , Xu          , Xu          , Xu          , Xu          , Xu          , Xu          , Xu          , Xu          , Xu          , Xu          , Xu          , Xu          , Xu          , Xu          , Xu          , Xu          , Xu          , Xu          , Xu          , Xu          , Xu          , Xu          , Xu          , Xu          , Xu          , Xu          
Xu          , Xu          , Xu          , Xu          , Xu          , Xu          , Xu          , Xu          , Xu          , Xu          , Xu          , Xu          , Xu          , Xu          , Xu          , Uu          , Uu          , Uu          , Uu          , Uu          , Uu          , Rb          , Uu          , Uu          , Xu          , Xu          , Xu          , Xu          , Xu          , Xu          , Xu          , Xu          , Xu          , Xu          , Xu          , Xu          , Xu          , Xu          , Xu          , Xu          , Xu          , Xu          , Xu          , Xu          , Xu          , Xu          , Xu          , Xu          , Xu          , Xu          , Xu          , Xu          , Xu          , Xu          , Xu          
Xu          , Xu          , Xu          , Xu          , Xu          , Xu          , Xu          , Xu          , Xu          , Xu          , Xu          , Xu          , Xu          , Xu          , Uu          , Uu          , Uu          , Uh          , Uu          , 1 Rb        , Uu          , Uu          , Uu          , Uu          , Xu          , Xu          , Xu          , Xu          , Xu          , Xu          , Xu          , Xu          , Xu          , Xu          , Xu          , Xu          , Xu          , Xu          , Xu          , Xu          , Xu          , Xu          , Xu          , Xu          , Xu          , Xu          , Xu          , Xu          , Xu          , Xu          , Xu          , Xu          , Xu          , Xu          , Xu          
Xu          , Xu          , Xu          , Xu          , Xu          , Xu          , Xu          , Xu          , Xu          , Xu          , Xu          , Xu          , Xu          , Xu          , Uu          , Uu          , Uu          , Uu          , Uu          , Uu          , Uu          , Uu          , Uh          , Uh          , Uh          , Xu          , Xu          , Xu          , Xu          , Xu          , Xu          , Xu          , Xu          , Xu          , Xu          , Xu          , Xu          , Xu          , Xu          , Xu          , Xu          , Xu          , Xu          , Xu          , Xu          , Xu          , Xu          , Xu          , Xu          , Xu          , Xu          , Xu          , Xu          , Xu          , Xu          
Xu          , Xu          , Xu          , Xu          , Xu          , Xu          , Xu          , Xu          , Xu          , Xu          , Xu          , Xu          , Xu          , Xu          , Xu          , Xu          , Xu          , Uu          , Uu          , Rb          , Uu          , Uu          , Uh          , Uh          , Xu          , Xu          , Xu          , Xu          , Xu          , Xu          , Xu          , Xu          , Xu          , Xu          , Xu          , Xu          , Xu          , Xu          , Xu          , Xu          , Xu          , Xu          , Xu          , Xu          , Xu          , Xu          , Xu          , Xu          , Xu          , Xu          , Xu          , Xu          , Xu          , Xu          , Xu          
Xu          , Xu          , Xu          , Xu          , Xu          , Xu          , Xu          , Xu          , Xu          , Xu          , Xu          , Xu          , Xu          , Xu          , Xu          , Xu          , Xu          , Xu          , Xu          , Rb          , Rb          , Xu          , Xu          , Xu          , Xu          , Xu          , Xu          , Xu          , Xu          , Xu          , Xu          , Xu          , Xu          , Xu          , Xu          , Xu          , Xu          , Xu          , Xu          , Xu          , Xu          , Xu          , Xu          , Xu          , Xu          , Xu          , Xu          , Xu          , Xu          , Xu          , Xu          , Xu          , Xu          , Xu          , Xu          
Xu          , Xu          , Xu          , Xu          , Xu          , Xu          , Xu          , Xu          , Xu          , Xu          , Xu          , Xu          , Xu          , Xu          , Xu          , Xu          , Xu          , Xu          , Xu          , Uu          , Rb          , Xu          , Xu          , Xu          , Xu          , Xu          , Xu          , Xu          , Xu          , Xu          , Xu          , Xu          , Xu          , Xu          , Xu          , Xu          , Xu          , Xu          , Xu          , Xu          , Xu          , Xu          , Xu          , Xu          , Xu          , Xu          , Xu          , Xu          , Xu          , Xu          , Xu          , Xu          , Xu          , Xu          , Xu          
Xu          , Xu          , Xu          , Xu          , Xu          , Xu          , Xu          , Xu          , Xu          , Xu          , Xu          , Xu          , Xu          , Xu          , Xu          , Xu          , Xu          , Xu          , Xu          , Uu          , Uu          , Uu          , Uu^Ii       , Xu          , Xu          , Xu          , Xu          , Xu          , Xu          , Xu          , Xu          , Xu          , Xu          , Xu          , Xu          , Xu          , Xu          , Xu          , Xu          , Xu          , Xu          , Xu          , Xu          , Xu          , Xu          , Xu          , Xu          , Xu          , Xu          , Xu          , Xu          , Xu          , Xu          , Xu          , Xu          
Xu          , Xu          , Xu          , Xu          , Xu          , Xu          , Xu          , Xu          , Xu          , Xu          , Xu          , Xu          , Xu          , Xu          , Xu          , Xu          , Xu          , Xu          , Xu          , Xu          , Xu          , Uu^Ii       , Uu^Ii       , Xu          , Xu          , Xu          , Xu          , Xu          , Xu          , Xu          , Xu          , Xu          , Xu          , Xu          , Xu          , Xu          , Xu          , Xu          , Xu          , Xu          , Xu          , Xu          , Xu          , Xu          , Xu          , Xu          , Xu          , Xu          , Xu          , Xu          , Xu          , Xu          , Xu          , Xu          , Xu          
