border_size=1
usage=map

Hh          , Mm          , Mm          , Mm          , Hh          , Mm          , Mm          , Hh          , Hh          , Mm          , Mm          , Hh          , Hh          , Mm          , Gs          , Gs          , Gs          , Gs          , Gs          , Gs^Ft       , Gs^Fdw      , Gs^Ft       , Gs^Fdw      , Gs          , Gs^Ft       , Gs          , Hh          , Hh          , Hh          , Mm          , Hh          , Mm          , Mm          , Hh          , Mm          , Mm          , Mm          , Hh          , Gs^Ft       , Gs^Ft       , Gs^Ft       , Gs^Ft       , Gs^Ft       , Gs^Ft       , Gs          , Gs          , Gs^Ft       , Gs^Ft       , Gs^Ft       , Gs^Ft       , Ww          , Ww          
Mm          , Mm          , Mm^Xm       , Mm          , Mm          , Mm          , Hhd         , Mm          , Mm          , Mm          , Gs          , Gs          , Gs^Ft       , Gs^Ft       , Gs^Ft       , Gd          , Gs^Ft       , Gs^Ft       , Rd          , Rd          , Rd          , Rd          , Rd          , Gs^Ft       , Gd^Fmw      , Gs          , Hh          , Mm          , Mm          , Mm          , Hh          , Mm          , Mm          , Hh          , Mm          , Mm          , Gs^Ft       , Hh          , Gs^Ft       , Gs^Ft       , Gs^Ft       , Gs^Ft       , Gs^Ft       , Gs^Ft       , Gs^Ft       , Gs^Ft       , Gs^Ft       , Gs^Ft       , Ww          , Ww          , Ce          , Gs^Ft       
Hh          , Mm          , Mm          , Mm          , Hhd         , Hhd         , Md          , Md          , Md          , Hh          , Gs^Ft       , Gs^Ft       , Gs^Ft       , Gs^Ft       , Gd          , Gd^Fmw      , Gd^Fmw      , Gs^Fdw      , Rd          , Sm          , Ss          , Sm          , Rd          , Gs^Vht      , Gs^Ft       , Gs          , Mm          , Mm          , Mm          , Hh          , Mm          , Mm          , Hh          , Mm          , Mm          , Mm          , Hh          , Gs^Ft       , Gs          , Gs^Ft       , Gs          , Gs          , Gs^Ft       , Gs^Ft       , Gs^Ft       , Gs          , Ww          , Ww          , Ce          , Ce          , 3 Ke        , Gs^Ft       
Gs^Ft       , Mm          , Hhd         , Md          , Md          , Hhd         , Md          , Hhd^Vhhr    , Hhd         , Gs          , Gs^Ft       , Gs^Ft       , Gs^Ft       , Gd          , Gd^Fmw      , Gs^Ft       , Gs^Fdw      , Gs^Ft       , Ce          , Ce          , Ce          , Ce          , Ce          , Rd          , Gs^Ft       , Gs          , Hh          , Mm          , Hh          , Mm          , Mm          , Mm          , Mm          , Hh          , Hh          , Gs^Ft       , Gs^Ft       , Gs^Ft       , Gs^Ft       , Gs^Ft       , Gs^Ft       , Gs^Ft       , Gs^Ft       , Gs^Ft       , Gs^Ft       , Ww          , Gd          , Gs^Ft       , Ce          , Re^Vct      , Ce          , Ce          
Rd          , Gd^Fmw      , Hhd         , Hhd         , Md          , Md          , Md          , Hhd         , Hhd         , Gs^Ft       , Rd          , Rd          , Rd          , Rd          , Ss          , Ss^Vhs      , Sm          , Gs^Ft       , Re^Vct      , Ce          , 1 Ke        , Ce          , Re^Vct      , Rd          , Rd          , Mm          , Hh          , Mm          , Mm          , Hh          , Mm          , Hh          , Hh          , Mm          , Hh          , Hh          , Gs^Ft       , Gs          , Hh          , Hh          , Gs^Ft       , Gs          , Gs          , Gs^Ft       , Gs^Ft       , Ww          , Gs^Ft       , Re^Vct      , Re          , Ce          , Ce          , Re          
Sm          , Rd          , Re          , Hhd         , Hhd         , Hhd         , Gs^Ft       , Hhd         , Re          , Gs^Ft       , Rd          , Gs^Ft       , Gs^Ft       , Gs^Ft       , Ss          , Sm          , Wwg         , Rd          , Ce          , Ce          , Ce          , Ce          , Ce          , Gs^Ft       , Rd          , Gs^Fdw      , Gs^Fdw      , Hh          , Hh          , Mm          , Mm          , Hh          , Mm          , Hh          , Mm          , Hh          , Hh          , Hh          , Hh          , Gs^Ft       , Gs          , Gs^Ft       , Gs^Ft       , Gs^Ft       , Ww          , Ww          , Gs^Ft       , Gs^Ft       , Re^Vct      , Re^Vct      , Re^Vct      , Re          
Ss          , Rd          , Rd          , Gs^Ft       , Gs^Ft       , Gs^Vht      , Gs^Ft       , Re          , Rd          , Rd          , Gd          , Gs^Ft       , Gs^Ft       , Gd          , Gs^Ft       , Ss          , Gs^Fdw      , Gs^Ft       , Rd          , Ce          , Re^Vct      , Ce          , Rd          , Rd          , Sm          , Wwg         , Gs^Ft       , Hh          , Mm          , Hh          , Mm          , Mm          , Mm          , Hh          , Mm          , Hh          , Hh          , Mm          , Gs^Ft       , Gs^Ft       , Gs^Ft       , Gs^Ft       , Gs          , Gs^Ft       , Ww          , Gs^Ft       , Gs^Ft       , Gd          , Gd          , Re^Vct      , Gd          , Gd          
Rd          , Rd          , Gs^Ft       , Rd          , Rd          , Rd          , Rd          , Rd          , Rd          , Re          , Gs^Ft       , Gd          , Gs^Ft       , Gd          , Rd          , Gs^Vc       , Rd          , Rd          , Ss          , Ss          , Gs^Fdw      , Gs^Fdw      , Rd          , Ss          , Gs^Ft       , Wwg         , Gs^Fdw      , Hh          , Hh          , Mm          , Mm          , Mm          , Hh          , Mm          , Hh          , Hh          , Mm          , Hh          , Gs^Ft       , Gs          , Gs^Ft       , Gs^Ft       , Gs^Ft       , Gs^Ft       , Ww          , Gs^Ft       , Hh          , Gd          , Gd^Es       , Gd^Es       , Gd          , Gs^Ft       
Gs^Ft       , Gs^Ft       , Ss          , Gs^Ft       , Rd          , Ss          , Wwg         , Wwg         , Wwf         , Rd          , Ss^Vhs      , Gs^Ft       , Gs^Ft       , Gd^Fmw      , Gs^Ft       , Sm          , Rd          , Wwg         , Gs^Ft       , Ss          , Gs^Ft       , Gs^Vc       , Rd          , Gs^Fdw      , Gs^Ft       , Gs^Fdw      , Gs^Ft       , Gs^Ft       , Mm          , Mm          , Hh          , Mm          , Mm          , Hh          , Mm          , Hh          , Gs^Ft       , Hh          , Gs          , Gs^Ft       , Gs^Ft       , Gs^Ft       , Gs^Vc       , Gs^Ft       , Ww          , Gs^Ft       , Gs          , Gs          , Gd          , Gd^Es       , Gs          , Gs^Ft       
Gs^Ft       , Gs^Ft       , Rd          , Rd          , Ss          , Sm          , Ss          , Ss          , Rd          , Rd          , Rd          , Gs^Ft       , Gs^Ft       , Gs^Ft       , Gs^Ft       , Sm          , Rd          , Sm          , Gs^Fdw      , Gd^Fmw      , Rd          , Rd          , Gs^Ft       , Rd          , Gd          , Gs^Ft       , Gs^Ft       , Gs^Ft       , Mm          , Hh          , Mm          , Mm          , Mm          , Hh          , Mm          , Gs^Ft       , Gs^Ft       , Gs^Ft       , Gs^Ft       , Gs^Ft       , Gs          , Gs^Ft       , Gs^Ft       , Gs^Ft       , Ww          , Gs^Ft       , Gs^Ft       , Gs^Ft       , Gs^Ft       , Gd          , Gs^Ft       , Gs^Ft       
Ss          , Gs^Vht      , Rd          , Re          , Rd          , Sm          , Chs         , Khs         , Ch          , Re          , Ss          , Rd          , Sm          , Gs^Ft       , Rd          , Rd          , Gs^Ft       , Rd          , Rd          , Rd          , Sm          , Wwg         , Gs^Ft       , Rd          , Rd          , Gd^Fmw      , Gs          , Gs^Ft       , Gs^Ft       , Mm          , Mm          , Mm          , Hh          , Mm          , Mm          , Hh          , Gs^Ft       , Gs^Ft       , Gs          , Gs^Ft       , Gs^Ft       , Gs^Ft       , Ww          , Ww          , Gs^Ft       , Gs          , Gs          , Gs^Ft       , Gs^Ft       , Gs^Ft       , Gs^Ft       , Gs^Ft       
Rd          , Rd          , Gd^Fmw      , Rd          , Ss          , Chr         , Chr         , Chr         , Chs         , Chs         , Ss          , Rd          , Gs^Fdw      , Rd          , Gs^Ft       , Gd          , Gs^Ft       , Gs          , Ss^Vhs      , Rd          , Rd          , Ss          , Ss          , Gs^Ft       , Rd          , Gd          , Hh          , Gs^Ft       , Gs^Ft       , Hh          , Mm          , Mm          , Mm          , Hh          , Gs^Ft       , Hh          , Gs^Ft       , Gs^Ft       , Gs^Ft       , Gs^Ft       , Gs^Ft       , Gs^Ft       , Ww          , Gs^Ft       , Gs          , Gs^Ft       , Gs^Ft       , Gs^Ft       , Gs^Ft       , Gs^Ft       , Gs          , Gs          
Rd          , Gs^Fdw      , Ss          , Gs^Vht      , Ss          , 2 Khs       , Chr         , Re          , Chs         , Khs         , Ss          , Rd          , Re          , Rd          , Gs^Ft       , Gs^Ft       , Gd^Fmw      , Gs^Ft       , Gd^Fmw      , Gs          , Rd          , Gs^Vht      , Rd          , Gd          , Rd          , Gs^Ft       , Gs^Ft       , Gs^Ft       , Gs^Ft       , Hh          , Gs          , Mm          , Hh          , Hh          , Hh          , Gs^Ft       , Gs          , Gs^Ft       , Gs^Ft       , Gs          , Gs^Ft       , Gs^Ft       , Ww          , Gs          , Gs^Ft       , Gs^Ft       , Gs^Ft       , Gs^Ft       , Gs^Ft       , Gs^Ft       , Gs^Ft       , Gs          
Rd          , Re          , Gs^Vc       , Gs^Fdw      , Rd          , Ch          , Chs         , Chr         , Chr         , Chs         , Sm          , Ss          , Rb          , Gs^Fdw      , Gs^Fdw      , Gs^Ft       , Gd^Fmw      , Gd^Fetd     , Rd          , Rd          , Gs^Fdw      , Rd          , Ss          , Rd          , Gs^Ft       , Rd          , Rd          , Gs^Ft       , Gd          , Gs^Ft       , Gs^Ft       , Gs^Ft       , Gs          , Gs^Ft       , Gs^Ft       , Gs^Ft       , Gs          , Gs^Ft       , Gs          , Gs^Ft       , Gs          , Gs^Ft       , Ww          , Gs^Ft       , Gs^Ft       , Gs^Ft       , Gs          , Gs^Ft       , Hh          , Gs^Ft       , Gs^Ft       , Gs^Ft       
Gs^Fdw      , Rd          , Rd          , Gs^Fdw      , Rd          , Rd          , Ss          , Khs         , Re          , Rd          , Rd          , Rb          , Ss          , Rd          , Rd          , Gs^Ft       , Gs^Ft       , Gd^Fmw      , Rd          , Gs^Fdw      , Ss^Vhs      , Gs^Fdw      , Gd          , Gs^Ft       , Gs^Fdw      , Gs^Ft       , Rd          , Gs^Ft       , Gd          , Gd          , Gs^Ft       , Gs^Ft       , Gs^Ft       , Gs^Ft       , Gs          , Gs^Ft       , Gs^Ft       , Gs^Ft       , Gs^Ft       , Gs^Ft       , Ww          , Ww          , Gs          , Gs^Ft       , Gs^Ft       , Gs          , Gs^Ft       , Gs^Ft       , Gs^Ft       , Gs^Ft       , Gs^Ft       , Gs^Ft       
Ss          , Ss          , Re          , Rd          , Rb          , Wwg         , Sm          , Ss          , Gs^Ft       , Rd          , Ss          , Ss          , Sm          , Ss          , Rd          , Rd          , Rd          , Rd          , Rd          , Ss          , Ss          , Ss          , Gs^Ft       , Gs^Fdw      , Gs^Vht      , Rd          , Gs^Ft       , Gs^Ft       , Gs^Ft       , Gs^Ft       , Gs^Ft       , Gs          , Gs^Ft       , Gs^Ft       , Gs^Ft       , Gs^Ft       , Gs^Ft       , Gs          , Ww          , Ww          , Gs^Ft       , Gs^Ft       , Gs^Ft       , Gs          , Gs          , Gs^Ft       , Gs^Ft       , Gs          , Gs^Ft       , Gs^Ft       , Gs^Ft       , Gs          
Ss^Vhs      , Gs^Ft       , Gs^Vht      , Rd          , Rd          , Wwg         , Wwg         , Wwg         , Re          , Rd          , Sm          , Ss^Vhs      , Sm          , Rd          , Gs^Ft       , Gd          , Gs^Ft       , Gs^Ft       , Rd          , Gs^Vc       , Ss          , Ss          , Ss          , Ss          , Rd          , Rd          , Gs^Vc       , Gs^Ft       , Gd          , Gs^Ft       , Gs          , Gs^Ft       , Gs^Ft       , Gs^Ft       , Gs^Ft       , Gs^Ft       , Gs          , Gs^Ft       , Ww          , Gs^Ft       , Gs^Ft       , Gs          , Gs^Ft       , Gs^Ft       , Gs^Ft       , Gs^Ft       , Gs^Ft       , Gs^Vc       , Gs^Ft       , Gs          , Gs^Ft       , Gs^Ft       
Rd          , Gs^Fdw      , Gs^Fdw      , Gs^Ft       , Rd          , Gs^Ft       , Re          , Rb          , Re          , Ww^Ewl      , Re          , Sm          , Rd          , Rd          , Gs^Ft       , Gs^Ft       , Gs^Ft       , Gd^Fmw      , Rd          , Wwg         , Gs^Ft       , Sm          , Sm          , Rd          , Wwg         , Rd          , Rd          , Gs^Ft       , Gs^Ft       , Gs^Ft       , Gs^Ft       , Gs^Ft       , Gs^Ft       , Gs^Ft       , Gs          , Gs^Ft       , Gs^Ft       , Gs^Ft       , Ww          , Gs          , Gs^Ft       , Gs^Ft       , Gs^Ft       , Gs^Ft       , Gs^Ft       , Gs^Ft       , Gs          , Gs^Ft       , Gs^Ft       , Gs^Ft       , Gs          , Gs^Ft       
Gs          , Rd          , Rd          , Rd          , Gs^Ft       , Rd          , Gs^Fdw      , Re          , Gs^Fdw      , Rd          , Rd          , Rb          , Rd          , Gd          , Gs          , Gs          , Gd^Fmw      , Gs^Vht      , Ss          , Rd          , Rd          , Gs^Vht      , Sm          , Rd          , Gs          , Gs^Ft       , Rd          , Gs^Fdw      , Gs^Fdw      , Gd          , Gs^Ft       , Gs          , Gs^Ft       , Gs^Ft       , Gs^Ft       , Gs          , Ww          , Ww          , Gs^Ft       , Gs          , Gs^Ft       , Gs^Ft       , Gs          , Gs^Ft       , Gs^Ft       , Gs^Ft       , Gs^Ft       , Gs^Ft       , Gs          , Gs^Ft       , Gs^Ft       , Gs^Ft       
Gs^Ft       , Gs^Ft       , Gs^Ft       , Gd^Fmw      , Gs^Ft       , Gs          , Gs          , Gs^Fdw      , Gs^Vht      , Gs          , Gd^Fmw      , Rd          , Gd          , Gd          , Gs          , Gs^Ft       , Gs^Ft       , Ss          , Ss          , Gs^Ft       , Rd          , Rd          , Rd          , Rd          , Ss          , Wwg         , Gd          , Rd          , Rd          , Gs^Ft       , Gs^Ft       , Gs^Ft       , Gs          , Gs^Ft       , Gs^Ft       , Ww          , Gs^Ft       , Gs^Ft       , Hh          , Gs^Ft       , Gs^Ft       , Gs          , Gs^Ft       , Gs^Ft       , Gs^Ft       , Gs          , Gs^Ft       , Gs^Ft       , Gs^Ft       , Gs^Ft       , Gs^Ft       , Gs^Ft       
Gd          , Gs^Ft       , Gs^Ft       , Gs^Ft       , Gd          , Gs          , Gs^Ft       , Gs          , Gs          , Gs          , Gs          , Gs          , Gs          , Gs          , Gs          , Gs          , Gs^Ft       , Gs^Ft       , Gs^Ft       , Gs^Ft       , Rd          , Ss          , Rd          , Sm          , Ss          , Ss          , Gs^Fdw      , Gs^Vht      , Gs^Fdw      , Gd          , Gd          , Gs^Ft       , Gs          , Gs          , Gs          , Ww          , Gs          , Hh          , Gs^Ft       , Hh          , Gs^Ft       , Hh          , Gs^Ft       , Gs          , Gs^Ft       , Hh          , Hh          , Hh          , Gs          , Gs^Ft       , Gs^Ft       , Gs^Ft       
Gd          , Gs^Ft       , Gs^Ft       , Gd          , Gs^Ft       , Gs          , Gs          , Gs          , Gs          , Gs^Ft       , Gs^Ft       , Gs          , Gs          , Gs          , Gs          , Gs^Ft       , Gs^Ft       , Gs^Ft       , Gs^Ft       , Rd          , Wwg         , Gs^Ft       , Ss          , Rd          , Rd          , Ss          , Gd          , Ss          , Wwg         , Rd          , Rd          , Gs          , Gs^Ft       , Gs^Ft       , Ww          , Ww          , Gs^Ft       , Gs^Ft       , Gs          , Gs          , Gs^Ft       , Gs^Ft       , Gs^Ft       , Gs^Ft       , Gs^Ft       , Gs^Ft       , Gs^Ft       , Gs^Ft       , Gs^Ft       , Gs^Ft       , Gs          , Gs^Ft       
Gs^Ft       , Gs^Ft       , Ds          , Ds          , Ds          , Gs^Ft       , Gg          , Gs^Ft       , Gs^Ft       , Gs^Ft       , Gs^Ft       , Gs          , Gs^Ft       , Gs^Ft       , Gs          , Gs^Ft       , Gs^Ft       , Gs^Ft       , Gs^Ft       , Rd          , Ss          , Ss^Vhs      , Sm          , Wwg         , Rd          , Rd          , Rd          , Gs^Fdw      , Gd^Fetd     , Gd^Fmw      , Rd          , Gd          , Gs          , Ww          , Gs^Ft       , Gs^Ft       , Gs^Ft       , Gs^Ft       , Gs^Ft       , Gs^Ft       , Gs^Ft       , Gs^Ft       , Gs^Ft       , Gs          , Gs^Ft       , Gs^Ft       , Gs^Ft       , Gs          , Gs^Ft       , Gs^Ft       , Gs          , Gs          
Ds          , Gs^Ft       , Ds          , Ww          , Ww          , Ww          , Ww          , Ds          , Ww          , Gs^Ft       , Ds          , Gs^Ft       , Dd          , Gd          , Gs^Ft       , Gs^Ft       , Gs^Ft       , Gs^Ft       , Gs^Ft       , Rd          , Rd          , Sm          , Rd          , Rd          , Gs^Ft       , Gs^Ft       , Rd          , Gs^Vht      , Gs^Fdw      , Gd^Fmw      , Rd          , Gs^Ft       , Gs^Vc       , Ww          , Gs^Ft       , Gs^Ft       , Gs          , Gs^Ft       , Gs^Ft       , Gs^Ft       , Gs^Ft       , Gs          , Gs^Ft       , Gs^Ft       , Gs^Ft       , Gs^Ft       , Gs          , Gs^Ft       , Gs^Ft       , Gs^Ft       , Gs          , Gs^Ft       
Ww          , Ww          , Ww          , Ww          , Ww          , Ww          , Ww          , Ww          , Ww          , Ww          , Ww          , Ww          , Ww          , Ds          , Ds          , Gs^Ft       , Gs^Ft       , Gs^Ft       , Gs^Ft       , Gs^Ft       , Gd          , Rd          , Gs^Fdw      , Gs^Fdw      , Gs^Fdw      , Gs^Fdw      , Ww^Ewl      , Rd          , Rd          , Gs^Fdw      , Rd          , Gd          , Ww          , Ww          , Gs          , Gs^Ft       , Gs^Ft       , Gs          , Gs          , Gs          , Gs^Ft       , Gs^Ft       , Gs          , Gs          , Gs          , Gs^Ft       , Gs^Ft       , Gs^Ft       , Gs          , Gs^Ft       , Gs^Ft       , Gs^Ft       
Ww          , Ww          , Ww          , Ww          , Wo          , Ww          , Wo          , Ww          , Wo          , Ww          , Ww          , Ww          , Ww          , Ww          , Ww          , Dd          , Rd          , Gs^Ft       , Gd          , Gs^Ft       , Gs^Ft       , Gd          , Gs          , Gd^Fmw      , Gs^Vc       , Ss          , Ww^Ewl      , Ww^Ewl      , Rd          , Rd          , Gd^Fmw      , Gd          , Ww          , Gs          , Gs          , Gs^Ft       , Gs^Ft       , Gs^Ft       , Gs          , Gs^Ft       , Gs^Ft       , Gs^Ft       , Gs^Ft       , Gs^Ft       , Gs^Ft       , Gs^Ft       , Gs^Ft       , Gs^Ft       , Gs          , Gs          , Gs          , Gs^Ft       
Wo          , Ww          , Wo          , Wo          , Wo          , Wo          , Wo          , Wo          , Wo          , Wo          , Wo          , Ww          , Ww          , Ww          , Ww          , Ds          , Ds          , Rd          , Gs^Ft       , Gs          , Gs          , Gs          , Gs^Ft       , Gs          , Gs          , Gs^Fdw      , Gg          , Gs^Fdw      , Gs^Ft       , Gd^Fmw      , Gd          , Ww          , Gs^Ft       , Gs^Ft       , Gs^Ft       , Gs^Ft       , Gs^Ft       , Gs^Ft       , Gs^Ft       , Gs          , Gs^Ft       , Gs^Ft       , Gs^Ft       , Gs^Ft       , Gs          , Gs^Ft       , Gs          , Gs^Ft       , Gs          , Gs^Ft       , Gs^Ft       , Gs^Ft       
Wo          , Wo          , Wo          , Wo          , Wo          , Wo          , Wo          , Wo          , Wo          , Wo          , Wo          , Wo          , Wo          , Ww          , Ww          , Ww          , Dd^Do       , Rd          , Gd          , Gs          , Gs          , Gs          , Gs^Ft       , Gs          , Gs          , Gs^Ft       , Gs^Ft       , Gs^Ft       , Gs^Ft       , Rd          , Wwf         , Ww          , Gs^Ft       , Gs^Ft       , Gs^Ft       , Gs^Ft       , Gs^Ft       , Gs^Ft       , Gs^Ft       , Gs^Ft       , Gs^Ft       , Gs^Ft       , Gs^Ft       , Gs^Vc       , Gs^Ft       , Gs^Ft       , Hh          , Gs^Ft       , Gs^Ft       , Gs^Ft       , Gs^Ft       , Gs          
Wo          , Wo          , Wo          , Wo          , Wo          , Wo          , Wo          , Wo          , Wo          , Wo          , Wo          , Wo          , Ww          , Ww^Ewl      , Ww          , Ww          , Ds          , Dd          , Gs          , Gs          , Ww          , Gs^Ft       , Gs          , Gs          , Ww          , Gs^Ft       , Ww          , Ww          , Ww          , Wwf         , Rd          , Gs^Ft       , Gs^Ft       , Gs^Ft       , Gs^Ft       , Gs^Ft       , Gs^Ft       , Gs^Ft       , Gs^Ft       , Gs          , Gs          , Gs^Ft       , Gs          , Gs^Ft       , Gs^Ft       , Gs^Ft       , Hh          , Gs^Ft       , Gs^Ft       , Gs^Ft       , Gs^Ft       , Gs^Ft       
Wo          , Wo          , Wo          , Wo          , Ww          , Ww          , Ww          , Ww          , Ww^Ewl      , Ww          , Ww          , Ww          , Ww^Ewl      , Ww          , Ww          , Gs^Ft       , Gs^Ft       , Rd          , Ww          , Ww          , Gs^Ft       , Ww          , Ww          , Ww          , Gs^Ft       , Ww          , Gs          , Gs^Ft       , Gs^Ft       , Re          , Re          , Gs^Ft       , Gs^Ft       , Gs^Ft       , Gs^Ft       , Gs^Ft       , Gs          , Gs          , Gs^Ft       , Gs^Ft       , Gs^Ft       , Gs^Ft       , Gs^Ft       , Gs^Ft       , Gs^Ft       , Hh          , Gs          , Gs^Ft       , Gs          , Gs          , Gs^Vc       , Gs^Ft       
Wo          , Wo          , Wo          , Ww          , Ww^Ewl      , Ww^Ewl      , Ww^Ewl      , Ww^Ewl      , Ww^Ewl      , Ww^Ewl      , Ss          , Ww^Ewl      , Ss          , Ss          , Ss          , Gd^Fetd     , Ss          , Wwg         , Gs^Ft       , Gs^Ft       , Gs          , Gs^Ft       , Gs^Ft       , Gs^Ft       , Gs^Ft       , Gs^Ft       , Gs          , Gs^Ft       , Gs^Ft       , Rd          , Rd          , Gs^Ft       , Gs          , Gs^Ft       , Gs^Ft       , Gs          , Gs          , Gs^Ft       , Gs^Ft       , Gs^Ft       , Gs^Ft       , Gs^Ft       , Gs^Ft       , Gs^Ft       , Gs^Vht      , Gs^Ft       , Gs^Ft       , Gs^Ft       , Gs^Ft       , Gs^Ft       , Gs          , Gs          
Ww          , Wo          , Ww^Ewl      , Ww          , Ww^Ewl      , Ww^Ewl      , Rd          , Ss          , Gs^Ft       , Gs^Ft       , Gs^Ft       , Ds          , Gs^Ft       , Ss          , Gs^Fdw      , Ss          , Gs^Ft       , Gg          , Gs^Ft       , Gs^Ft       , Gs^Ft       , Gs^Ft       , Gs^Ft       , Gs^Ft       , Gs^Ft       , Gs^Ft       , Gs^Ft       , Gs^Ft       , Gs^Ft       , Rp          , Rp          , Gs^Ft       , Gs          , Gs          , Gs^Ft       , Gs^Ft       , Gs^Ft       , Gs^Ft       , Gs          , Gs^Ft       , Gs          , Gs^Ft       , Gs          , Gs          , Gs          , Gs^Ft       , Gs^Ft       , Gs^Ft       , Gs^Ft       , Gs^Ft       , Gs          , Gs          
Ww          , Ww^Ewl      , Ss          , Ww^Ewl      , Ss          , Dd          , Gs^Ft       , Gg          , Gs^Ft       , Gs^Ft       , Gs^Ft       , Gs^Ft       , Gs^Ft       , Gs^Ft       , Gs^Ft       , Gs^Ft       , Gs^Ft       , Gs^Ft       , Gs^Ft       , Gs^Ft       , Gs^Vc       , Gs^Ft       , Gs          , Gs          , Gs^Ft       , Gs^Ft       , Gs^Ft       , Gs^Ft       , Gs^Ft       , Rd          , Rd          , Gs          , Gs          , Gs^Ft       , Gs          , Gs^Ft       , Gs^Ft       , Gs^Ft       , Gs^Ft       , Gs^Ft       , Gs^Ft       , Gs^Ft       , Gs^Ft       , Gs          , Gs^Ft       , Gs          , Gs^Ft       , Gs^Ft       , Gs^Ft       , Gs^Ft       , Gs          , Gs          
Ds          , Ss          , Ds          , Ss          , Gs^Fdw      , Gs^Ft       , Gs^Fdw      , Gs^Ft       , Gd          , Gs^Ft       , Gd          , Gs^Ft       , Gd          , Gs^Ft       , Gs^Ft       , Gs^Ft       , Gs^Ft       , Gs^Ft       , Gs^Ft       , Gs          , Gs^Ft       , Gs          , Gs^Ft       , Gs^Ft       , Gs^Ft       , Gs^Ft       , Gs^Ft       , Gs          , Gs          , Rd          , Re          , Rp          , Re          , Gs          , Gs          , Gs^Ft       , Gs          , Gs^Ft       , Gs^Ft       , Gs^Ft       , Gs^Ft       , Gs^Ft       , Gs^Ft       , Gs^Ft       , Gs^Ft       , Gs^Ft       , Gs^Ft       , Gs^Ft       , Gs^Ft       , Gs          , Gs          , Gs          
Gs^Ft       , Ds          , Gs^Ft       , Gs^Ft       , Gd          , Gs^Fdw      , Gs^Ft       , Gs^Ft       , Gs^Ft       , Gd          , Gs^Ft       , Gs^Ft       , Gs          , Gs^Ft       , Gs^Ft       , Gs          , Gs^Ft       , Gs          , Gs          , Gs^Ft       , Gs          , Gs          , Hh          , Hh          , Gs^Ft       , Gs          , Gs^Ft       , Gs^Ft       , Gs          , Gs          , Gs^Ft       , Rp          , Rp          , Rp          , Rp          , Gs^Ft       , Gs^Ft       , Gs^Ft       , Xol         , Xos         , Xos         , Gs^Ft       , Gs^Ft       , Gs^Ft       , Gs^Ft       , Gs          , Gs^Ft       , Gs^Ft       , Gs          , Gs^Ft       , Gs          , Gs          
Gs^Ft       , Gs^Ft       , Gd          , Gs^Fdw      , Gs^Ft       , Gs^Ft       , Gs^Ft       , Gs^Ft       , Gs^Ft       , Gs^Ft       , Gs^Ft       , Gs          , Gs^Ft       , Hh          , Gs^Ft       , Gs^Ft       , Gs^Ft       , Gs^Ft       , Gs^Ft       , Gs^Ft       , Gs^Ft       , Gs^Ft       , Gs^Ft       , Hh          , Gs^Ft       , Gs^Ft       , Gs^Ft       , Gs          , Gs^Ft       , Gs          , Gs          , Gs          , Gs          , Rd          , Rp          , Rp          , Rr          , Xol         , Rrc         , Rrc         , Rrc         , Xol         , Xol         , Gs^Ft       , Gs^Ft       , Gs^Ft       , Gs^Ft       , Gs          , Gs^Ft       , Gs          , Gs          , Gs          
Gs^Ft       , Gs^Ft       , Gs^Ft       , Gs^Ft       , Gs^Ft       , Gs^Ft       , Gs^Ft       , Gs^Ft       , Gs          , Gs          , Gs          , Gs^Ft       , Gs          , Hh          , Gs^Ft       , Gs^Ft       , Gs^Ft       , Gs^Ft       , Gs^Ft       , Gs^Ft       , Gs^Ft       , Gs          , Gs^Ft       , Gs          , Gs^Ft       , Gs^Ft       , Gs^Ft       , Gs          , Gs^Ft       , Gs^Ft       , Gs^Ft       , Gs^Ft       , Gs^Ft       , Gs          , Xol         , Rr          , Ch          , Ch          , Rrc         , Rrc         , Rrc         , Rrc         , Rrc         , Xos         , Xol         , Gs^Ft       , Gs          , Gs^Ft       , Gs^Ft       , Gs^Ft       , Gs^Ft       , Gs          
Gs^Ft       , Gs^Ft       , Gs^Ft       , Gs          , Gs^Ft       , Gs^Ft       , Gs^Ft       , Gs^Ft       , Gs^Ft       , Hh          , Gs^Ft       , Gs^Ft       , Gs^Ft       , Gs^Ft       , Gs^Ft       , Gs^Ft       , Gs^Ft       , Gs^Ft       , Gs^Ft       , Gs          , Gs^Ft       , Gs^Ft       , Gs^Ft       , Gs^Ft       , Gs^Ft       , Gs^Ft       , Gs^Ft       , Gs^Ft       , Gs^Ft       , Gs^Ft       , Gs          , Gs^Ft       , Xos         , Xol         , Rrc         , Ch          , Rrc         , Rrc         , Rrc         , Rrc         , Rrc         , Rrc         , Rrc         , Rrc         , Rrc         , Xol         , Xos         , Gs^Ft       , Gs^Ft       , Gs          , Gs          , Gs          
Gs^Ft       , Gs^Ft       , Gs^Ft       , Gs^Ft       , Gs^Ft       , Gs          , Gs^Ft       , Gs^Ft       , Gs^Ft       , Gs          , Gs^Ft       , Gs^Ft       , Gs^Ft       , Gs^Ft       , Gs          , Gs^Ft       , Gs^Ft       , Gs          , Gs^Ft       , Gs^Ft       , Gs^Ft       , Gs^Ft       , Gs^Ft       , Gs^Ft       , Gs          , Gs^Ft       , Gs^Ft       , Gs          , Gs^Ft       , Gs^Ft       , Gs^Ft       , Xos         , Xos         , Rrc         , Rrc         , Rrc         , Rrc         , Rrc         , Rrc         , Rrc         , Rrc         , Rrc         , Rrc         , Rrc         , Rr          , Rrc         , Rrc         , Xol         , Xol         , Gs^Ft       , Gs          , Gs          
Gs^Ft       , Gs^Ft       , Gs          , Gs          , Gs^Ft       , Gs^Ft       , Gs^Ft       , Gs^Ft       , Gs          , Gs^Ft       , Gs^Ft       , Gs          , Gs^Ft       , Gs^Ft       , Gs^Ft       , Gs^Ft       , Gs^Ft       , Gs^Ft       , Gs^Ft       , Gs^Ft       , Gs^Ft       , Gs^Ft       , Gs^Ft       , Gs          , Gs          , Gs^Ft       , Gs^Ft       , Gs^Ft       , Gs^Ft       , Gs^Ft       , Gs^Ft       , Gs^Ft       , Gs^Ft       , Xos         , Xos         , Rrc         , Rrc         , Rrc         , Rrc         , Rrc         , Rrc         , Rrc         , Ch          , Ch          , Ch          , Rr          , Rrc         , Rrc         , Xos         , Xos         , Gs          , Gs          
Gs^Ft       , Gs^Ft       , Gs^Ft       , Gs^Ft       , Gs^Ft       , Gs^Ft       , Gs^Ft       , Gs^Ft       , Gs^Ft       , Gs^Ft       , Gs          , Gs^Ft       , Hh          , Gs^Ft       , Gs          , Gs^Ft       , Hh          , Gs^Ft       , Gs          , Gs^Ft       , Gs          , Gs^Ft       , Gs^Ft       , Gs^Ft       , Gs^Ft       , Gs^Ft       , Gs^Ft       , Gs^Ft       , Gs^Ft       , Gs          , Gs^Ft       , Gs^Ft       , Gs^Ft       , Gs^Ft       , Gs^Ft       , Xos         , Xos         , Rrc         , Rrc         , Rrc         , Rrc         , Rrc         , Ch          , Kh          , Ch          , Ch          , Xos         , Xos         , Gs^Ft       , Gs          , Gs          , Gs          
Gs^Ft       , Gs^Ft       , Gs^Ft       , Gs^Ft       , Gs^Ft       , Gs^Ft       , Gs^Ft       , Gs^Ft       , Gs^Ft       , Gs^Ft       , Hh          , Gs^Ft       , Hh          , Hh          , Gs^Ft       , Gs^Ft       , Gs^Ft       , Gs^Ft       , Gs^Ft       , Gs          , Gs^Ft       , Gs          , Hh          , Gs^Ft       , Gs^Ft       , Gs^Ft       , Gs          , Gs^Ft       , Gs^Ft       , Gs^Ft       , Gs^Ft       , Gs^Ft       , Gs^Ft       , Gs^Ft       , Gs^Ft       , Gs^Ft       , Gs^Ft       , Xos         , Xos         , Rrc         , Rrc         , Rrc         , Rr          , Ch          , Xos         , Xos         , Gs^Ft       , Gs^Ft       , Gs^Ft       , Gs^Ft       , Gs          , Gs          
Gs^Ft       , Gs^Ft       , Gs^Ft       , Gs^Ft       , Gs          , Gs^Ft       , Gs^Ft       , Gs^Ft       , Gs^Ft       , Hh          , Hh          , Gs^Ft       , Gs^Ft       , Gs^Ft       , Gs^Ft       , Gs^Ft       , Gs^Ft       , Gs^Ft       , Gs^Ft       , Gs^Ft       , Gs^Ft       , Gs^Ft       , Gs^Ft       , Hh          , Gs^Ft       , Gs^Ft       , Gs^Ft       , Gs^Ft       , Gs^Ft       , Gs^Ft       , Gs^Ft       , Gs          , Gs^Ft       , Gs^Ft       , Gs^Ft       , Gs^Ft       , Gs^Ft       , Gs^Ft       , Gs^Ft       , Xos         , Xos         , Rrc         , Xos         , Xos         , Gs^Ft       , Gs^Ft       , Gs^Ft       , Gs^Ft       , Gs          , Gs^Ft       , Gs          , Gs          
Gs^Ft       , Gs^Ft       , Gd          , Gs^Ft       , Gd          , Gs^Ft       , Gd^Es       , Gs          , Gs^Ft       , Hh          , Gs^Ft       , Gs          , Gs^Ft       , Gs^Ft       , Gs^Ft       , Gs^Ft       , Gs^Ft       , Gs^Ft       , Gs^Ft       , Gd          , Gd          , Gs^Ft       , Gs          , Hh          , Gs^Ft       , Gs^Ft       , Gs^Ft       , Gs^Ft       , Gs^Ft       , Gs          , Gs^Ft       , Gs^Ft       , Gs^Ft       , Gs^Ft       , Gs^Ft       , Gs^Ft       , Gs          , Gs^Ft       , Gs^Ft       , Gs^Ft       , Gs^Ft       , Xos         , Gs^Ft       , Gs^Ft       , Gs^Ft       , Gs^Ft       , Gs^Ft       , Gs^Ft       , Gs^Ft       , Gs          , Gs          , Gs          
Gs^Ft       , Gd          , Re^Es       , Re^Vct      , Gd          , Gs^Vc       , Gd^Es       , Gs^Ft       , Gs^Ft       , Gs^Ft       , Gs          , Gs^Ft       , Gs^Ft       , Gs^Ft       , Gs^Ft       , Gs^Ft       , Gs          , Gs          , Gs^Ft       , Gd          , Gs^Ft       , Gs^Ft       , Gs^Ft       , Gs^Ft       , Gs^Ft       , Gs          , Gs          , Gs^Ft       , Gs^Ft       , Gs^Ft       , Gs^Ft       , Hh          , Gs^Ft       , Gs^Ft       , Gs^Ft       , Gs          , Gs^Ft       , Gs          , Gs^Ft       , Gs^Ft       , Gs^Ft       , Gs^Ft       , Gs^Ft       , Gs^Ft       , Gs          , Gs          , Gs^Vc       , Gs^Ft       , Gs          , Gs          , Gd          , Gs          
Gs^Ft       , Re          , Re^Vct      , Ce          , Ce          , Re^Vct      , Gs^Ft       , Gs^Ft       , Gs^Ft       , Gs^Ft       , Gs          , Gs          , Gs^Ft       , Hh          , Gs^Ft       , Gs^Ft       , Gs^Ft       , Gs^Ft       , Gd          , Gs          , Gs^Ft       , Gs^Ft       , Gs^Ft       , Gs^Ft       , Gs^Ft       , Gs          , Gs          , Gs^Ft       , Gs^Ft       , Gs^Ft       , Gs^Ft       , Gs^Ft       , Gs^Ft       , Gs^Ft       , Gs^Ft       , Gs^Ft       , Gs^Ft       , Hh          , Gs^Ft       , Gs          , Gs^Ft       , Gs^Ft       , Gs^Ft       , Gs^Ft       , Gs^Ft       , Gs^Ft       , Gs^Ft       , Gs^Ft       , Gs          , Gs          , Gs          , Gs          
Gs          , Gs^Ft       , Ce          , 4 Ke        , Ce          , Re^Es       , Re          , Gs^Ft       , Gs^Ft       , Gs^Ft       , Gs^Ft       , Gs^Ft       , Gs^Ft       , Gs^Ft       , Gs^Ft       , Gs^Ft       , Gs^Ft       , Gs^Ft       , Gd          , Gs^Ft       , Gs^Ft       , Gs^Ft       , Gs^Ft       , Gs^Ft       , Gs^Ft       , Gs^Ft       , Gs^Ft       , Gs^Ft       , Gs^Ft       , Gs^Ft       , Gs          , Gs^Ft       , Gs^Ft       , Gs          , Gs^Ft       , Gs^Ft       , Gs^Ft       , Gs^Ft       , Gs^Ft       , Gs^Ft       , Gs^Ft       , Gs^Ft       , Gs^Ft       , Gs^Ft       , Gs          , Gs^Ft       , Gs^Ft       , Gs          , Gs          , Gs          , Gs          , Gs          
Gs^Ft       , Gs^Ft       , Re^Vct      , Ce          , Re^Vct      , Ce          , Re^Vct      , Gs^Ft       , Gs^Ft       , Gs^Ft       , Gs^Ft       , Hh          , Gs^Ft       , Gs^Ft       , Gs^Ft       , Gs^Ft       , Gs^Ft       , Gs^Ft       , Gd          , Gs^Ft       , Gs^Ft       , Gs^Ft       , Gs^Ft       , Gs^Ft       , Gs^Ft       , Gs          , Gs^Vc       , Gs^Ft       , Gs^Ft       , Gs^Ft       , Gs^Ft       , Gs^Ft       , Gs^Ft       , Gs^Ft       , Gs          , Gs^Ft       , Gs^Ft       , Gs^Ft       , Gs          , Gs^Ft       , Gs^Ft       , Gs^Ft       , Gs^Ft       , Gs^Ft       , Gs^Ft       , Gs^Ft       , Gs          , Gs          , Gs          , Gs^Ft       , Gs^Ft       , Gs          
Gs^Ft       , Gs^Ft       , Gs^Ft       , Re          , Gd^Es       , Re          , Gs^Ft       , Gs^Ft       , Gs^Ft       , Gs^Ft       , Gs^Ft       , Gs          , Gs          , Gs^Ft       , Gs          , Gs^Ft       , Gs^Ft       , Gd          , Gs^Ft       , Gs^Ft       , Gs^Ft       , Gs          , Gs^Ft       , Gs^Ft       , Gs^Ft       , Gs^Ft       , Gs^Ft       , Gs          , Gs          , Gs^Ft       , Gs          , Gs^Ft       , Gs          , Gs^Ft       , Gs^Ft       , Gs^Ft       , Gs^Ft       , Gs^Ft       , Gs^Ft       , Gs^Ft       , Gs^Ft       , Gs^Ft       , Gs          , Gs^Ft       , Gs^Ft       , Gs^Ft       , Gs          , Gs          , Gs          , Gs          , Gs          , Gs          
Gs^Ft       , Gs^Ft       , Gs^Ft       , Gs^Ft       , Gs          , Gs^Ft       , Gs          , Gs^Ft       , Gs^Ft       , Gs^Ft       , Gs^Ft       , Gs^Ft       , Gs^Ft       , Gs^Ft       , Gs^Ft       , Gs          , Gs^Ft       , Gs^Ft       , Gs^Ft       , Gs^Ft       , Gs^Ft       , Gs^Ft       , Gs^Ft       , Gs^Ft       , Gs^Ft       , Gs^Ft       , Gs^Ft       , Gs^Ft       , Gs^Ft       , Gs^Ft       , Gs^Ft       , Gs          , Gs^Ft       , Gs^Ft       , Gs^Ft       , Gs^Ft       , Gs^Ft       , Gs^Ft       , Gs^Ft       , Gs^Ft       , Gs^Ft       , Gs          , Gs^Ft       , Gs          , Gs^Ft       , Gs^Ft       , Gs          , Gs          , Gs          , Gs          , Gs          , Gs          
