border_size=1
usage=map

Ss          , Rd          , Sm          , Gs^Ft       , Rd          , Rd          , Gs^Ft       , Rd          , Rd          , Rd          , Sm          , Wwg         , Gs^Ft       , Rd          , Rd          , Gd^Fmw      , Gs          , Gs^Ft       , Gs^Ft       , Mm          , Mm          , Mm          , Hh          , Mm          , Mm          , Hh          , Gs^Ft       , Gs^Ft       , Gs          , Gs^Ft       , Gs^Ft       , Gs^Ft       , Ww          , Ww          , Gs^Ft       , Gs          , Gs          , Gs^Ft       , Gs^Ft       , Gs^Ft       , Gs^Ft       , Gs^Ft       , Mm          , Mm          , Mm          , Mm          , Mm          , Mm          , Hh          , Gs          , Gs^Ft       , Gs          
Ss          , Rd          , Gs^Fdw      , Rd          , Gs^Ft       , Gs          , Gs^Ft       , Gs          , Ss^Vhs      , Rd          , Rd          , Ss          , Ss          , Gs^Ft       , Rd          , Gs          , Hh          , Gs^Ft       , Gs^Ft       , Hh          , Mm          , Mm          , Mm          , Hh          , Gs^Ft       , Hh          , Gs^Ft       , Gs^Ft       , Gs^Ft       , Gs^Ft       , Gs^Ft       , Gs^Ft       , Ww          , Gs^Ft       , Gs          , Gs^Ft       , Gs^Ft       , Gs^Ft       , Gs^Ft       , Gs^Ft       , Gs          , Hh          , Hh          , Mm          , Hh          , Mm          , Hh          , Hh          , Hh          , Hh          , Gs^Ft       , Gs^Ft       
Ss          , Rd          , Re          , Rd          , Gs^Ft       , Gs^Ft       , Gd^Fmw      , Gs^Ft       , Gd^Fmw      , Gs          , Rd          , Gs^Vht      , Rd          , Gs          , Rd          , Gs^Ft       , Gs^Ft       , Gs^Ft       , Gs^Ft       , Hh          , Gs          , Mm          , Hh          , Hh          , Hh          , Gs^Ft       , Gs          , Gs^Ft       , Gs^Ft       , Gs          , Gs^Ft       , Gs^Ft       , Ww          , Gs          , Gs^Ft       , Gs^Ft       , Gs^Ft       , Gs^Ft       , Gs^Ft       , Gs^Ft       , Gs^Ft       , Gs          , Gs^Ft       , Hh          , Gs          , Gs          , Hh          , Hh          , Hh          , Gs          , Gs^Ft       , Gs^Ft       
Sm          , Ss          , Rb          , Gs^Fdw      , Gs^Fdw      , Gs^Ft       , Gd^Fmw      , Gd^Fetd     , Rd          , Rd          , Gs^Fdw      , Rd          , Ss          , Rd          , Gs^Ft       , Rd          , Rd          , Gs^Ft       , Gs          , Gs^Ft       , Gs^Ft       , Gs^Ft       , Gs          , Gs^Ft       , Gs^Ft       , Gs^Ft       , Gs          , Gs^Ft       , Gs          , Gs^Ft       , Gs          , Gs^Ft       , Ww          , Gs^Ft       , Gs^Ft       , Gs^Ft       , Gs          , Gs^Ft       , Hh          , Gs^Ft       , Gs^Ft       , Gs^Ft       , Gs^Ft       , Gs          , Hh          , Gs^Ft       , Gs^Ft       , Hh          , Gs          , Gs^Ft       , Gs^Ft       , Gs^Ft       
Rd          , Rb          , Ss          , Rd          , Rd          , Gs^Ft       , Gs^Ft       , Gd^Fmw      , Rd          , Gs^Fdw      , Ss^Vhs      , Gs^Fdw      , Gs          , Gs^Ft       , Gs^Fdw      , Gs^Ft       , Rd          , Gs^Ft       , Gs          , Gs          , Gs^Ft       , Gs^Ft       , Gs^Ft       , Gs^Ft       , Gs          , Gs^Ft       , Gs^Ft       , Gs^Ft       , Gs^Ft       , Gs^Ft       , Ww          , Ww          , Gs          , Gs^Ft       , Gs^Ft       , Gs          , Gs^Ft       , Gs^Ft       , Gs^Ft       , Gs^Ft       , Gs^Ft       , Gs^Ft       , Gs^Ft       , Gs^Ft       , Gs^Ft       , Gs          , Gs          , Gs          , Gs^Ft       , Gs          , Gs^Ft       , Gs^Ft       
Ss          , Ss          , Sm          , Ss          , Rd          , Rd          , Rd          , Rd          , Rd          , Ss          , Ss          , Ss          , Gs^Ft       , Gs^Fdw      , Gs^Vht      , Rd          , Gs^Ft       , Gs^Ft       , Gs^Ft       , Gs^Ft       , Gs^Ft       , Gs          , Gs^Ft       , Gs^Ft       , Gs^Ft       , Gs^Ft       , Gs^Ft       , Gs          , Ww          , Ww          , Gs^Ft       , Gs^Ft       , Gs^Ft       , Gs          , Gs          , Gs^Ft       , Gs^Ft       , Gs          , Gs^Ft       , Gs^Ft       , Gs^Ft       , Gs          , Gs          , Gs^Ft       , Gs^Ft       , Gs          , Gs^Ft       , Gs          , Gs^Ft       , Gs^Ft       , Gs          , Gs          
Sm          , Ss^Vhs      , Sm          , Rd          , Gs^Ft       , Gs          , Gs^Ft       , Gs^Ft       , Rd          , Gs^Vc       , Ss          , Ss          , Ss          , Ss          , Rd          , Rd          , Gs^Vc       , Gs^Ft       , Gs          , Gs^Ft       , Gs          , Gs^Ft       , Gs^Ft       , Gs^Ft       , Gs^Ft       , Gs^Ft       , Gs          , Gs^Ft       , Ww          , Gs^Ft       , Gs^Ft       , Gs          , Gs^Ft       , Gs^Ft       , Gs^Ft       , Gs^Ft       , Gs^Ft       , Gs^Vc       , Gs^Ft       , Gs          , Gs^Ft       , Gs^Ft       , Gs          , Gs          , Gs^Ft       , Gs^Ft       , Gs          , Gs^Ft       , Gs^Ft       , Gs^Ft       , Gs^Ft       , Gs^Ft       
Re          , Sm          , Rd          , Rd          , Gs^Ft       , Gs^Ft       , Gs^Ft       , Gd^Fmw      , Rd          , Wwg         , Gs^Ft       , Sm          , Sm          , Rd          , Wwg         , Rd          , Rd          , Gs^Ft       , Gs^Ft       , Gs^Ft       , Gs^Ft       , Gs^Ft       , Gs^Ft       , Gs^Ft       , Gs          , Gs^Ft       , Gs^Ft       , Gs^Ft       , Ww          , Gs          , Gs^Ft       , Gs^Ft       , Gs^Ft       , Gs^Ft       , Gs^Ft       , Gs^Ft       , Gs          , Gs^Ft       , Gs^Ft       , Gs^Ft       , Gs          , Gs^Ft       , Gs^Ft       , Gs          , Gs^Ft       , Gs^Ft       , Gs          , Gs^Ft       , Gs^Ft       , Gs^Ft       , Gs^Ft       , Gs          
Rd          , Rb          , Rd          , Gs          , Gs          , Gs          , Gd^Fmw      , Gs^Vht      , Ss          , Rd          , Rd          , Gs^Vht      , Sm          , Rd          , Gs          , Gs^Ft       , Rd          , Gs^Fdw      , Gs^Fdw      , Gs          , Gs^Ft       , Gs          , Gs^Ft       , Gs^Ft       , Gs^Ft       , Gs          , Ww          , Ww          , Gs^Ft       , Gs          , Gs^Ft       , Gs^Ft       , Gs          , Gs^Ft       , Gs^Ft       , Gs^Ft       , Gs^Ft       , Gs^Ft       , Gs          , Gs^Ft       , Gs^Ft       , Gs^Ft       , Gs          , Gs^Ft       , Gs^Ft       , Gs^Ft       , Gs^Ft       , Gs^Ft       , Gs^Ft       , Gs          , Gs^Ft       , Gs          
Gd^Fmw      , Rd          , Gs          , Gs          , Gs          , Gs^Ft       , Gs^Ft       , Ss          , Ss          , Gs^Ft       , Rd          , Rd          , Rd          , Rd          , Ss          , Wwg         , Gs          , Rd          , Rd          , Gs^Ft       , Gs^Ft       , Gs^Ft       , Gs          , Gs^Ft       , Gs^Ft       , Ww          , Gs^Ft       , Gs^Ft       , Hh          , Gs^Ft       , Gs^Ft       , Gs          , Gs^Ft       , Gs^Ft       , Gs^Ft       , Gs          , Gs^Ft       , Gs^Ft       , Gs^Ft       , Gs^Ft       , Gs^Ft       , Gs^Ft       , Gs^Ft       , Gs          , Gs^Ft       , Gs^Ft       , Gs^Ft       , Gs^Ft       , Gs          , Gs^Ft       , Gs^Ft       , Gs^Ft       
Gs          , Gs          , Gs          , Gs          , Gs          , Gs          , Gs^Ft       , Gs^Ft       , Gs^Ft       , Gs^Ft       , Rd          , Ss          , Rd          , Sm          , Ss          , Ss          , Gs^Fdw      , Gs^Vht      , Gs^Fdw      , Gs          , Gs          , Gs^Ft       , Gs          , Gs          , Gs          , Ww          , Gs          , Hh          , Gs^Ft       , Hh          , Gs^Ft       , Hh          , Gs^Ft       , Gs          , Gs^Ft       , Hh          , Hh          , Hh          , Gs          , Gs^Ft       , Gs^Ft       , Gs^Ft       , Gs^Ft       , Gs^Ft       , Gs^Ft       , Gs          , Gs^Ft       , Gs^Ft       , Gs^Ft       , Gs^Ft       , Gs          , Gs^Ft       
Gs^Ft       , Gs          , Gs          , Gs          , Gs          , Gs^Ft       , Gs^Ft       , Gs^Ft       , Gs^Ft       , Rd          , Wwg         , Gs^Ft       , Ss          , Rd          , Rd          , Ss          , Gs          , Ss          , Wwg         , Rd          , Rd          , Gs          , Gs^Ft       , Gs^Ft       , Ww          , Ww          , Ce          , Ce          , Gs          , Gs          , Gs^Ft       , Gs^Ft       , Gs^Ft       , Gs^Ft       , Gs^Ft       , Gs^Ft       , Gs^Ft       , Gs^Ft       , Gs^Ft       , Gs^Ft       , Gs          , Gs^Ft       , Gs^Ft       , Gs          , Gs^Ft       , Gs^Ft       , Gs          , Gs^Ft       , Gs^Ft       , Gs          , Gs^Ft       , Gs^Ft       
Gs^Ft       , Gs          , Gs^Ft       , Gs^Ft       , Gs          , Gs^Ft       , Gs^Ft       , Gs^Ft       , Gs^Ft       , Rd          , Ss          , Ss^Vhs      , Sm          , Wwg         , Rd          , Rd          , Rd          , Gs^Fdw      , Gd^Fetd     , Gd^Fmw      , Rd          , Gs          , Gs          , Ww          , Gs^Ft       , Ce          , Ket         , 3 Ke        , Ce          , Gs^Ft       , Gs^Ft       , Gs^Ft       , Gs^Ft       , Gs          , Gs^Ft       , Gs^Ft       , Gs^Ft       , Gs          , Gs^Ft       , Gs^Ft       , Gs^Ft       , Gs          , Gs^Ft       , Gs^Ft       , Gs^Ft       , Gs^Ft       , Gs^Ft       , Gs^Ft       , Gs^Ft       , Gs^Ft       , Gs^Ft       , Gs          
Ds          , Gs^Ft       , Dd          , Gs          , Gs^Ft       , Gs^Ft       , Gs^Ft       , Gs^Ft       , Gs^Ft       , Rd          , Rd          , Sm          , Rd          , Rd          , Gs^Ft       , Gs^Ft       , Rd          , Gs^Vht      , Gs^Fdw      , Gd^Fmw      , Rd          , Gs^Ft       , Gs^Vc       , Ww          , Re^Vct      , Ce          , Ce          , Ce          , Ket         , Gs^Ft       , Gs^Ft       , Gs          , Gs^Ft       , Gs^Ft       , Gs^Ft       , Gs^Ft       , Gs          , Gs^Ft       , Gs^Ft       , Gs^Ft       , Gs          , Gs^Ft       , Gs          , Gs^Ft       , Gs^Ft       , Gs^Ft       , Gs^Ft       , Gs^Ft       , Gs^Ft       , Gs          , Gs^Ft       , Gs          
Ww          , Ww          , Ww          , Ds          , Ds          , Gs^Ft       , Gs^Ft       , Gs^Ft       , Gs^Ft       , Gs^Ft       , Gs          , Rd          , Gs^Fdw      , Gs^Fdw      , Gs^Fdw      , Gs^Fdw      , Ww^Ewl      , Ce          , Ce          , Gs^Fdw      , Ce          , Gs          , Ww          , Ww          , Gs          , Ce          , Ce          , Ket         , Ket         , Gs          , Gs^Ft       , Gs^Ft       , Gs          , Gs          , Gs          , Gs^Ft       , Gs^Ft       , Gs^Ft       , Gs          , Gs^Ft       , Gs^Ft       , Gs^Ft       , Gs^Ft       , Gs^Ft       , Gs^Ft       , Gs          , Gs^Ft       , Gs          , Gs^Ft       , Gs          , Gs^Ft       , Gs^Ft       
Ww          , Ww          , Ww          , Ww          , Ww          , Dd          , Rd          , Gs^Ft       , Gs          , Gs^Ft       , Gs^Ft       , Gs          , Gs          , Gd^Fmw      , Gs^Vc       , Ss          , Ww^Ewl      , Ww^Ewl      , 5 Ke        , Ce          , Ket         , Ce          , Ww          , Gs          , Re          , Re^Vct      , Ce          , Ce          , Ce          , Gs^Ft       , Gs^Ft       , Gs^Ft       , Gs^Ft       , Gs^Ft       , Gs^Ft       , Gs^Ft       , Gs^Ft       , Gs^Ft       , Gs          , Gs          , Gs          , Gs^Ft       , Gs          , Gs^Ft       , Gs^Ft       , Gs^Ft       , Gs^Ft       , Gs^Ft       , Gs^Ft       , Gs^Ft       , Gs^Ft       , Gs          
Wo          , Ww          , Ww          , Ww          , Ww          , Ds          , Ds          , Rd          , Gs^Ft       , Gs          , Gs          , Gs          , Gs^Ft       , Gs          , Gs          , Gs^Fdw      , Ce          , Ce          , Ce          , Ce          , Ce          , Ww          , Gs^Ft       , Gs^Ft       , Re^Vct      , Re          , Re^Vct      , Ce          , Gs^Ft       , Gs          , Gs^Ft       , Gs^Ft       , Gs^Ft       , Gs^Ft       , Gs          , Gs^Ft       , Gs          , Gs^Ft       , Gs          , Gs^Ft       , Gs^Ft       , Gs^Ft       , Gs^Ft       , Gs^Ft       , Gs^Ft       , Gs^Ft       , Gs^Ft       , Gs          , Gs^Ft       , Gs^Ft       , Gs          , Gs^Ft       
Wo          , Wo          , Wo          , Ww          , Ww          , Ww          , Dd^Do       , Rd          , Gs          , Gs          , Gs          , Gs          , Gs^Ft       , Gs          , Gs          , Gs^Ft       , Gs^Ft       , Ce          , Gs^Ft       , Rd          , Wwf         , Ww          , Gs^Ft       , Gs^Ft       , Re          , Re          , Re          , Re          , Gs^Ft       , Gs^Ft       , Gs^Ft       , Gs^Ft       , Gs^Ft       , Gs^Vc       , Gs^Ft       , Gs^Ft       , Hh          , Gs^Ft       , Gs^Ft       , Gs^Ft       , Gs^Ft       , Gs          , Gs^Ft       , Gs^Ft       , Gs^Ft       , Gs^Ft       , Gs          , Gs^Ft       , Gs^Ft       , Gs^Ft       , Gs^Ft       , Gs^Ft       
Wo          , Wo          , Ww          , Ww^Ewl      , Ww          , Ww          , Ds          , Dd          , Gs          , Gs          , Ww          , Gs^Ft       , Gs          , Gs          , Ww          , Gs^Ft       , Ww          , Ww          , Ww          , Wwf         , Rd          , Gs^Ft       , Gs^Ft       , Gs^Ft       , Gs^Ft       , Re^Vct      , Gs^Ft       , Re^Vct      , Gs^Ft       , Gs          , Gs          , Gs^Ft       , Gs          , Gs^Ft       , Gs^Ft       , Gs^Ft       , Hh          , Gs^Ft       , Gs^Ft       , Gs^Ft       , Gs^Ft       , Gs^Ft       , Gs^Ft       , Gs          , Gs^Ft       , Gs^Ft       , Gs^Ft       , Gs^Ft       , Gs^Ft       , Gs          , Gs^Ft       , Gs^Ft       
Ww          , Ww          , Ww^Ewl      , Ww          , Ww          , Gs^Ft       , Gs^Ft       , Rd          , Ww          , Ww          , Gs^Ft       , Ww          , Ww          , Ww          , Gs^Ft       , Ww          , Gs          , Gs^Ft       , Gs^Ft       , Re          , Re          , Gs^Ft       , Gs^Ft       , Gs^Ft       , Gs^Ft       , Gs^Ft       , Gs          , Gs          , Gs^Ft       , Gs^Ft       , Gs^Ft       , Gs^Ft       , Gs^Ft       , Gs^Ft       , Gs^Ft       , Hh          , Gs          , Gs^Ft       , Gs          , Gs          , Gs^Vc       , Gs^Ft       , Gs^Ft       , Gs^Ft       , Gs^Ft       , Gs^Ft       , Gs^Ft       , Gs^Ft       , Gs^Ft       , Gs^Ft       , Gs^Ft       , Gs^Ft       
Ss          , Ww^Ewl      , Ss          , Ss          , Ss          , Gd^Fetd     , Ss          , Wwg         , Gs^Ft       , Gs^Ft       , Re^Vct      , Ce          , Ket         , Re^Vct      , Gs^Ft       , Gs^Ft       , Gs          , Gs^Ft       , Gs^Ft       , Rd          , Rd          , Gs^Ft       , Gs          , Gs^Ft       , Gs^Ft       , Gs          , Gs          , Gs^Ft       , Gs^Ft       , Gs^Ft       , Gs^Ft       , Gs^Ft       , Gs^Ft       , Gs^Ft       , Gs^Vht      , Gs^Ft       , Gs^Ft       , Gs^Ft       , Gs^Ft       , Gs^Ft       , Gs^Ft       , Gs^Ft       , Gs^Ft       , Gs^Ft       , Gs^Ft       , Gs^Ft       , Gs          , Gs^Ft       , Gs^Ft       , Gs^Ft       , Gs^Ft       , Gs^Ft       
Gs^Ft       , Ds          , Gs^Ft       , Ss          , Gs^Fdw      , Ss          , Gs^Ft       , Gs          , Gs^Ft       , Gs^Ft       , Re          , Ket         , Ce          , Ket         , Re^Vct      , Gs^Ft       , Gs^Ft       , Gs^Ft       , Gs^Ft       , Rp          , Rp          , Gs^Ft       , Gs          , Gs          , Gs^Ft       , Gs^Ft       , Gs^Ft       , Gs^Ft       , Gs          , Gs^Ft       , Gs          , Gs^Ft       , Gs          , Gs          , Gs          , Gs^Ft       , Gs^Ft       , Gs^Ft       , Gs^Ft       , Gs^Ft       , Gs^Ft       , Gs^Ft       , Gs^Ft       , Gs^Ft       , Gs^Ft       , Gs          , Gs          , Gs^Ft       , Gs          , Gs^Ft       , Gs^Ft       , Gs^Ft       
Gs^Ft       , Gs^Ft       , Gs^Ft       , Gs^Ft       , Gs^Ft       , Gs^Ft       , Gs^Ft       , Gs^Ft       , Gs^Ft       , Gs^Ft       , Gs^Vc       , Re^Vct      , 4 Ke        , Ce          , Re          , Gs^Ft       , Gs^Ft       , Gs^Ft       , Gs^Ft       , Rd          , Rd          , Gs          , Gs          , Gs^Ft       , Gs          , Gs^Ft       , Gs^Ft       , Gs^Ft       , Gs^Ft       , Gs^Ft       , Gs^Ft       , Gs^Ft       , Gs^Ft       , Gs          , Gs^Ft       , Gs          , Gs^Ft       , Gs^Ft       , Gs^Ft       , Gs^Ft       , Gs          , Gs^Ft       , Gs^Ft       , Gs^Ft       , Gs^Ft       , Gs^Ft       , Gs^Ft       , Gs^Ft       , Gs^Ft       , Gs^Ft       , Gs^Ft       , Gs          
Gs          , Gs^Ft       , Gs          , Gs^Ft       , Gs^Ft       , Gs^Ft       , Gs^Ft       , Gs^Ft       , Gs^Ft       , Gs          , Gs^Ft       , Ce          , Ce          , Ce          , Ce          , Re          , Gs^Ft       , Gs          , Gs          , Rd          , Re          , Rp          , Re          , Gs          , Gs          , Gs^Ft       , Gs          , Gs^Ft       , Gs^Ft       , Gs^Ft       , Gs^Ft       , Gs^Ft       , Gs^Ft       , Gs^Ft       , Gs^Ft       , Gs^Ft       , Gs^Ft       , Gs^Ft       , Gs^Ft       , Gs          , Gs          , Gs          , Gs^Ft       , Gs          , Gs^Ft       , Gs          , Gs^Ft       , Gs^Ft       , Gs^Ft       , Gs^Ft       , Gs^Ft       , Gs          
Gs^Ft       , Gs^Ft       , Gs          , Gs^Ft       , Gs^Ft       , Gs          , Gs^Ft       , Gs          , Gs          , Gs^Ft       , Gs          , Re^Vct      , Ce          , Ket         , Ce          , Re^Vct      , Gs^Ft       , Gs^Ft       , Gs          , Gs          , Gs^Ft       , Rp          , Rp          , Rp          , Rp          , Gs^Ft       , Gs^Ft       , Gs^Ft       , Xol         , Xos         , Xos         , Gs^Ft       , Gs^Ft       , Gs^Ft       , Gs^Ft       , Gs          , Gs^Ft       , Gs^Ft       , Gs          , Gs^Ft       , Gs^Ft       , Gs^Ft       , Gs^Ft       , Gs^Ft       , Gs^Ft       , Gs^Ft       , Gs^Ft       , Gs^Ft       , Gs^Ft       , Gs^Ft       , Gs^Ft       , Gs^Ft       
Gs^Ft       , Gs          , Gs^Ft       , Hh          , Gs^Ft       , Gs^Ft       , Gs^Ft       , Gs^Ft       , Gs^Ft       , Gs^Ft       , Gs^Ft       , Gs^Ft       , Gs^Ft       , Ce          , Gs^Ft       , Gs^Ft       , Gs^Ft       , Gs          , Gs^Ft       , Gs          , Gs          , Gs          , Gs          , Rd          , Rp          , Rp          , Rr          , Xol         , Rrc         , Rrc         , Rrc         , Xol         , Xol         , Gs^Ft       , Gs^Ft       , Gs^Ft       , Gs^Ft       , Gs          , Gs^Ft       , Gs          , Gs^Ft       , Gs^Ft       , Gs^Ft       , Gs^Ft       , Gs          , Gs^Ft       , Gs          , Gs          , Gs^Ft       , Gs^Ft       , Gs^Ft       , Gs^Ft       
Gs          , Gs^Ft       , Gs          , Hh          , Gs^Ft       , Gs^Ft       , Gs^Ft       , Gs^Ft       , Gs^Ft       , Gs^Ft       , Gs^Ft       , Gs          , Gs^Ft       , Gs          , Gs^Ft       , Gs^Ft       , Gs^Ft       , Gs          , Gs^Ft       , Gs^Ft       , Gs^Ft       , Gs^Ft       , Gs^Ft       , Gs          , Xol         , Rr          , Ch          , Ch          , Rrc         , Rrc         , Rrc         , Rrc         , Rrc         , Xos         , Xol         , Gs^Ft       , Gs          , Gs^Ft       , Gs^Ft       , Gs^Ft       , Gs^Ft       , Gs^Ft       , Gs^Ft       , Gs^Ft       , Gs^Ft       , Gs^Ft       , Gs          , Gs          , Gs          , Gs^Ft       , Gs^Ft       , Gs          
Gs^Ft       , Gs^Ft       , Gs^Ft       , Gs^Ft       , Gs^Ft       , Gs^Ft       , Gs^Ft       , Gs^Ft       , Gs^Ft       , Gs          , Gs^Ft       , Gs^Ft       , Gs^Ft       , Gs^Ft       , Gs^Ft       , Gs^Ft       , Gs^Ft       , Gs^Ft       , Gs^Ft       , Gs^Ft       , Gs          , Gs^Ft       , Xos         , Xol         , Rrc         , Ch          , Rrc         , Rrc         , Rrc^Vov     , Rrc         , Rrc         , Rrc         , Rrc         , Rrc         , Rrc         , Xol         , Xos         , Gs^Ft       , Gs^Ft       , Gs          , Gs          , Gs^Ft       , Gs          , Gs^Ft       , Gs^Ft       , Gs^Ft       , Gs^Ft       , Gs^Ft       , Gs^Ft       , Gs^Ft       , Gs^Ft       , Gs          
Gs^Ft       , Gs^Ft       , Gs^Ft       , Gs^Ft       , Gs          , Gs^Ft       , Gs^Ft       , Gs          , Gs^Ft       , Gs^Ft       , Gs^Ft       , Gs^Ft       , Gs^Ft       , Gs^Ft       , Gs          , Gs^Ft       , Gs^Ft       , Gs          , Gs^Ft       , Gs^Ft       , Gs^Ft       , Xos         , Xos         , Rrc         , Rrc         , Rrc         , Rrc         , Rrc         , Rrc         , Rrc         , Rrc^Vov     , Rrc         , Rrc         , Rrc         , Rr          , Rrc         , Rrc         , Xol         , Xol         , Gs^Ft       , Gs          , Gs^Ft       , Gs^Ft       , Gs^Ft       , Gs          , Gs^Ft       , Gs^Ft       , Gs^Ft       , Gs^Ft       , Gs^Ft       , Gs          , Gs^Ft       
Gs^Ft       , Gs          , Gs^Ft       , Gs^Ft       , Gs^Ft       , Gs^Ft       , Gs^Ft       , Gs^Ft       , Gs^Ft       , Gs^Ft       , Gs^Ft       , Gs^Ft       , Gs^Ft       , Gs          , Gs          , Gs^Ft       , Gs^Ft       , Gs^Ft       , Gs^Ft       , Gs^Ft       , Gs^Ft       , Gs^Ft       , Gs^Ft       , Xos         , Xos         , Rrc         , Rrc         , Rrc         , Rrc         , Rrc         , Rrc         , Rrc         , Ch          , Ch          , Ch          , Rr          , Rrc         , Rrc         , Xos         , Xos         , Gs^Ft       , Gs^Ft       , Gs          , Gs^Ft       , Gs^Ft       , Gs^Ft       , Gs          , Gs^Ft       , Gs          , Gs^Ft       , Gs^Ft       , Gs          
Gs          , Gs^Ft       , Hh          , Gs^Ft       , Gs          , Gs^Ft       , Hh          , Gs^Ft       , Gs          , Gs^Ft       , Gs          , Gs^Ft       , Gs^Ft       , Gs^Ft       , Gs^Ft       , Gs^Ft       , Gs^Ft       , Gs^Ft       , Gs^Ft       , Gs          , Gs^Ft       , Gs^Ft       , Gs^Ft       , Gs^Ft       , Gs^Ft       , Xos         , Xos         , Rrc         , Rrc         , Rrc         , Rrc         , Rrc         , Ch          , 1 Kh        , Ch          , Ch          , Xos         , Xos         , Gs^Ft       , Gs          , Gs^Ft       , Gs^Ft       , Gs^Ft       , Gs^Ft       , Gs^Ft       , Gs          , Gs          , Gs^Ft       , Gs^Ft       , Gs^Ft       , Gs^Ft       , Gs^Ft       
Hh          , Gs^Ft       , Hh          , Hh          , Gs^Ft       , Gs^Ft       , Gs^Ft       , Gs^Ft       , Gs^Ft       , Gs          , Gs^Ft       , Gs          , Hh          , Gs^Ft       , Gs^Ft       , Gs^Ft       , Gs          , Gs^Ft       , Gs^Ft       , Gs^Ft       , Gs^Ft       , Gs^Ft       , Gs^Ft       , Gs^Ft       , Gs^Ft       , Gs^Ft       , Gs^Ft       , Xos         , Xos         , Rrc         , Rrc         , Rrc         , Rr          , Ch          , Xos         , Xos         , Gs^Ft       , Gs^Ft       , Gs^Ft       , Gs^Ft       , Gs^Ft       , Gs^Ft       , Gs^Ft       , Gs^Ft       , Gs          , Gs^Ft       , Gs^Ft       , Gs^Ft       , Gs          , Gs          , Gs^Ft       , Gs          
Hh          , Gs^Ft       , Gs^Ft       , Gs^Ft       , Gs^Ft       , Gs^Ft       , Gs^Ft       , Gs^Ft       , Gs^Ft       , Gs^Ft       , Gs^Ft       , Gs^Ft       , Gs^Ft       , Hh          , Gs^Ft       , Gs^Ft       , Gs^Ft       , Gs^Ft       , Gs^Ft       , Gs^Ft       , Gs^Ft       , Gs          , Gs^Ft       , Gs^Ft       , Gs^Ft       , Gs^Ft       , Gs^Ft       , Gs^Ft       , Gs^Ft       , Xos         , Xos         , Rrc         , Xos         , Xos         , Gs^Ft       , Gs^Ft       , Gs^Ft       , Gs^Ft       , Gs          , Gs^Ft       , Gs          , Gs^Ft       , Gs^Ft       , Gs          , Gs          , Gs          , Gs          , Gs          , Gs          , Gs^Ft       , Gs^Ft       , Gs^Ft       
Gs^Ft       , Gs          , Gs^Ft       , Gs^Ft       , Gs^Ft       , Gs^Ft       , Gs^Ft       , Gs^Ft       , Gs^Ft       , Gs          , Gs          , Gs^Ft       , Gs          , Hh          , Gs^Ft       , Gs^Ft       , Gs^Ft       , Gs^Ft       , Gs^Ft       , Gs          , Gs^Ft       , Gs^Ft       , Gs^Ft       , Gs^Ft       , Gs^Ft       , Gs^Ft       , Gs          , Gs^Ft       , Gs^Ft       , Gs^Ft       , Gs^Ft       , Xos         , Gs^Ft       , Gs^Ft       , Gs^Ft       , Gs^Ft       , Gs^Ft       , Gs^Ft       , Gs^Ft       , Gs          , Gs          , Gs          , Gs          , Gs          , Gs^Ft       , Gs          , Gs          , Gs          , Gs          , Gs          , Gs          , Gs          
Gs          , Gs^Ft       , Gs^Ft       , Gs^Ft       , Gs^Ft       , Gs^Ft       , Gs          , Gs          , Gs^Ft       , Gs          , Gs^Ft       , Gs^Ft       , Gs^Ft       , Gs^Ft       , Gs^Ft       , Gs          , Gs          , Gs^Ft       , Gs^Ft       , Gs^Ft       , Gs^Ft       , Hh          , Gs^Ft       , Gs^Ft       , Gs^Ft       , Gs          , Gs^Ft       , Gs          , Gs^Ft       , Gs^Ft       , Gs^Ft       , Gs^Ft       , Gs^Ft       , Gs^Ft       , Gs          , Gs          , Gs^Vc       , Gs^Ft       , Gs          , Gs          , Gs          , Gs          , Gs          , Gs          , Gs^Ft       , Gs          , Gs          , Gs          , Gs          , Gs          , Gs^Ft       , Gs          
Gs          , Gs          , Gs^Ft       , Hh          , Gs^Ft       , Gs^Ft       , Gs^Ft       , Gs^Ft       , Gs          , Gs          , Gs^Ft       , Gs^Ft       , Gs^Ft       , Gs^Ft       , Gs^Ft       , Gs          , Gs          , Gs^Ft       , Gs^Ft       , Gs^Ft       , Gs^Ft       , Gs^Ft       , Gs^Ft       , Gs^Ft       , Gs^Ft       , Gs^Ft       , Gs^Ft       , Hh          , Gs^Ft       , Gs          , Gs^Ft       , Gs^Ft       , Gs^Ft       , Gs^Ft       , Gs^Ft       , Gs^Ft       , Gs^Ft       , Gs^Ft       , Gs          , Gs          , Gs          , Gs          , Gs          , Gs^Ft       , Gs          , Gs          , Gs          , Gs          , Gs          , Gs^Ft       , Gs^Ft       , Gs^Ft       
Gs^Ft       , Gs^Ft       , Gs^Ft       , Gs^Ft       , Gs^Ft       , Gs^Ft       , Gs^Ft       , Gs^Ft       , Gs          , Gs^Ft       , Gs^Ft       , Gs^Ft       , Gs^Ft       , Gs^Ft       , Gs^Ft       , Gs^Ft       , Gs^Ft       , Gs^Ft       , Gs^Ft       , Gs^Ft       , Gs          , Gs^Ft       , Gs^Ft       , Gs          , Gs^Ft       , Gs^Ft       , Gs^Ft       , Gs^Ft       , Gs^Ft       , Gs^Ft       , Gs^Ft       , Gs^Ft       , Gs^Ft       , Gs^Ft       , Gs          , Gs^Ft       , Gs^Ft       , Gs          , Gs          , Gs          , Gs          , Gs          , Gs          , Gd          , Re          , Gs          , Gs          , Gs          , Gs          , Gs^Ft       , Gs          , Gs^Ft       
Gs^Ft       , Hh          , Gs^Ft       , Gs^Ft       , Gs^Ft       , Gs^Ft       , Gs^Ft       , Gs^Ft       , Gs          , Gs^Ft       , Gs^Ft       , Gs^Ft       , Gs^Ft       , Gs^Ft       , Gs^Ft       , Gs          , Gs^Vc       , Gs^Ft       , Gs^Ft       , Gs^Ft       , Gs^Ft       , Gs^Ft       , Gs^Ft       , Gs^Ft       , Gs          , Gs^Ft       , Gs^Ft       , Gs^Ft       , Gs          , Gs^Ft       , Gs^Ft       , Gs^Ft       , Gs^Ft       , Gs^Ft       , Gs^Ft       , Gs^Ft       , Gs          , Gs          , Gs          , Gs^Ft       , Gs^Ft       , Gs          , Gs          , Re          , Gs          , Gs          , Gs^Ft       , Gs^Ft       , Gs          , Gs          , Gs          , Gs^Ft       
Gs^Ft       , Gs          , Gs          , Gs^Ft       , Gs          , Gs^Ft       , Gs^Ft       , Gs          , Gs^Ft       , Gs^Ft       , Gs^Ft       , Gs          , Gs^Ft       , Gs^Ft       , Gs^Ft       , Gs^Ft       , Gs^Ft       , Gs          , Gs          , Gs^Ft       , Gs          , Gs^Ft       , Gs          , Gs^Ft       , Gs^Ft       , Gs^Ft       , Gs^Ft       , Gs^Ft       , Gs^Ft       , Gs^Ft       , Gs^Ft       , Gs^Ft       , Gs          , Gs^Ft       , Gs^Ft       , Gs^Ft       , Gs          , Gs          , Gs          , Gs          , Re          , Re          , Gd          , Gd          , Re          , Gs          , Gd          , Gs^Ft       , Gs          , Gs          , Gs          , Gs          
Gs^Ft       , Gs^Ft       , Gs^Ft       , Gs^Ft       , Gs^Ft       , Gs          , Gs^Ft       , Gs^Ft       , Gs^Ft       , Gs^Ft       , Gs^Ft       , Gs^Ft       , Gs^Ft       , Gs^Ft       , Gs^Ft       , Gs^Ft       , Gs^Ft       , Gs^Ft       , Gs^Ft       , Gs^Ft       , Gs^Ft       , Gs          , Gs^Ft       , Gs^Ft       , Gs^Ft       , Gs^Ft       , Gs^Ft       , Gs^Ft       , Gs^Ft       , Gs^Ft       , Gs^Ft       , Gs          , Gs^Ft       , Gs          , Gs^Ft       , Gs^Ft       , Gs          , Gs          , Re          , Rd          , Re          , Re          , Re          , Gd          , Gd          , Re          , Gd          , Gs          , Gd          , Gs          , Gs^Ft       , Gs^Ft       
Gs          , Gs          , Gs^Ft       , Gs          , Gs^Ft       , Gs^Ft       , Gs^Ft       , Gs          , Gs^Ft       , Gs^Ft       , Gs^Ft       , Gs          , Gs^Ft       , Gs          , Gs^Ft       , Gs^Ft       , Gs          , Gs^Ft       , Gs^Ft       , Gs^Ft       , Gs^Ft       , Gs          , Gs          , Gs          , Gs^Ft       , Gs^Ft       , Gs^Ft       , Gs          , Gs^Ft       , Gs^Ft       , Gs^Ft       , Gs^Ft       , Gs^Ft       , Gs          , Gs^Ft       , Gs^Ft       , Gs          , Gd          , Rd          , Rd          , Rd          , Gd^Fetd     , Re          , Gd          , Gd          , Gd          , Gd          , Gd          , Gs          , Gs          , Gs^Ft       , Gs^Ft       
Gs^Ft       , Gs^Ft       , Gs          , Gs^Ft       , Gs          , Gs^Ft       , Gs          , Gs^Ft       , Gs^Ft       , Gs^Ft       , Gs^Ft       , Gs^Ft       , Gs          , Gs^Ft       , Gs          , Gs^Ft       , Gs^Ft       , Gs^Ft       , Gs^Ft       , Gs          , Gs^Ft       , Gs^Ft       , Gs^Ft       , Gs^Ft       , Gs          , Gs^Ft       , Gs          , Gs^Ft       , Gs^Ft       , Gs          , Gs^Ft       , Gs          , Gs^Ft       , Gs^Ft       , Gs          , Gs          , Gs          , 2 Rd        , Re          , Rd          , Re          , Re          , Gd          , Re          , Gd          , Gd          , Re          , Gs          , Gs^Ft       , Gs          , Gs          , Gs^Ft       
Gs          , Gs^Ft       , Gs^Ft       , Gs^Ft       , Gs^Ft       , Gs^Ft       , Gs^Ft       , Gs^Ft       , Gs^Ft       , Gs^Ft       , Gs^Ft       , Gs^Ft       , Gs^Ft       , Gs^Ft       , Gs^Ft       , Gs          , Gs          , Gs^Ft       , Gs^Ft       , Gs^Ft       , Gs^Ft       , Gs          , Gs^Ft       , Gs^Ft       , Gs^Ft       , Gs^Ft       , Gs^Ft       , Gs          , Gs^Ft       , Gs^Ft       , Gs          , Gs^Ft       , Gs^Ft       , Gs          , Gs          , Gs          , Gs          , Gs          , Gs          , Gd          , Gs^Ft       , Re          , Gs          , Gd          , Gd          , Gd          , Gs          , Gs          , Gs          , Gs          , Gs          , Gs          
Gs          , Gs^Ft       , Gs^Ft       , Gs^Ft       , Gs^Ft       , Gs^Ft       , Gs          , Gs^Ft       , Gs^Ft       , Gs^Ft       , Gs^Ft       , Gs          , Gs^Ft       , Gs          , Gs^Ft       , Gs^Ft       , Gs^Ft       , Gs^Ft       , Gs^Ft       , Gs^Ft       , Gs^Ft       , Gs          , Gs^Ft       , Gs^Ft       , Gs^Ft       , Gs          , Gs^Ft       , Gs^Ft       , Gs          , Gs^Ft       , Gs^Ft       , Gs^Ft       , Gs^Ft       , Gs          , Gs          , Gs          , Gs          , Gs          , Gs          , Gs^Ft       , Gs^Ft       , Gs^Ft       , Gs          , Re          , Gs          , Gs          , Gs          , Gs          , Gs          , Gs          , Gs          , Gs          
Gs^Ft       , Gs^Ft       , Gs^Ft       , Gs          , Gs          , Gs^Ft       , Gs^Ft       , Gs^Ft       , Gs^Ft       , Gs^Ft       , Gs          , Gs          , Gs^Ft       , Gs          , Gs^Ft       , Gs^Ft       , Gs^Ft       , Gs          , Gs^Ft       , Gs^Ft       , Gs^Ft       , Gs^Ft       , Gs^Ft       , Gs          , Gs^Ft       , Gs^Ft       , Gs^Ft       , Gs^Ft       , Gs^Ft       , Gs^Ft       , Gs          , Gs^Ft       , Gs          , Gs          , Gs          , Gs          , Gs          , Gs          , Gs          , Gs          , Gs          , Gs          , Gs          , Gs          , Gs          , Gs          , Gs          , Gs          , Gs^Ft       , Gs          , Gs          , Gs          
Gs^Ft       , Gs          , Gs^Ft       , Gs^Ft       , Gs          , Gs^Ft       , Gs          , Gs          , Gs^Ft       , Gs^Ft       , Gs^Ft       , Gs^Ft       , Gs^Ft       , Gs^Ft       , Gs^Ft       , Gs          , Gs^Ft       , Gs          , Gs^Ft       , Gs          , Gs^Ft       , Gs^Ft       , Gs^Ft       , Gs^Ft       , Gs^Ft       , Gs^Ft       , Gs^Ft       , Gs^Ft       , Gs          , Gs^Ft       , Gs^Ft       , Gs          , Gs          , Gs          , Gs          , Gs^Ft       , Gs          , Gs          , Gs          , Gs          , Gs          , Gs          , Gs          , Gs^Ft       , Gs          , Gs          , Gs^Ft       , Gs          , Gs^Ft       , Gs^Ft       , Gs          , Gs          
Gs          , Gs^Ft       , Gs^Ft       , Gs^Ft       , Gs^Ft       , Gs^Ft       , Gs          , Gs^Ft       , Gs^Ft       , Gs^Ft       , Gs^Ft       , Gs^Ft       , Gs^Ft       , Gs^Ft       , Gs^Ft       , Gs^Ft       , Gs          , Gs^Ft       , Gs^Ft       , Gs^Ft       , Gs^Ft       , Gs^Ft       , Gs^Ft       , Gs^Ft       , Gs^Ft       , Gs^Ft       , Gs^Ft       , Gs^Ft       , Gs^Ft       , Gs^Ft       , Gs          , Gs^Ft       , Gs          , Gs          , Gs          , Gs          , Gs          , Gs          , Gs          , Gs          , Gs          , Gs          , Gs          , Gs          , Gs          , Gs^Ft       , Gs^Ft       , Gs^Ft       , Gs^Ft       , Gs^Ft       , Gs^Ft       , Gs          
