border_size=1
usage=map

Gd          , Gd          , Rd          , Gd          , Gd          , Gd          , Gd          , Gd          , Gd          , Gd          , Gd          , Gs          , Gs^Ft       , Gs^Ft       , Gs^Ft       , Gs          , Gs^Ft       , Gs          , Gs^Ft       , Gs^Ft       , Gs^Ft       , Gd          , Gd          , Gd          , Gs^Ft       , Gs^Ft       , Gs^Ft       , Gs^Ft       , Gs^Ft       , Gs          , Gs          , Gs          , Gs^Ft       , Gs^Ft       , Gs^Ft       , Gd          , Gd          , Gd          , Re^Es       , Gd^Es       , Re^Es       , Gd^Es       , Gd          , Gd          
Re          , Gd          , Gd          , Gd          , Gd          , Rd          , Rd          , Gd          , Gs          , Rd          , Gs          , Gs          , Gs^Ft       , Gs          , Gs^Ft       , Gs          , Gs^Ft       , Gs^Ft       , Gs          , Gs^Ft       , Gs          , Gs^Ft       , Gs^Ft       , Gs          , Gs          , Gs^Ft       , Gs^Ft       , Gs          , Gs^Ft       , Gs^Ft       , Gs^Ft       , Gs^Ft       , Gs^Ft       , Gs^Ft       , Gs^Ft       , Gs^Ft       , Re^Es       , Re^Vct      , Ce          , Re^Vct      , Ce          , Re^Vct      , Re          , Gd          
Re          , Re          , Gd          , Gd          , Gd          , Gd          , Rd          , Gs          , Gs          , Gs          , Gs^Ft       , Gs^Ft       , Gs^Ft       , Gs^Ft       , Gs^Ft       , Gs^Ft       , Gs^Ft       , Gs^Ft       , Gs          , Gs^Ft       , Gs^Ft       , Gs^Ft       , Gs^Ft       , Gs^Ft       , Gs^Ft       , Gs^Ft       , Gs^Ft       , Gs^Ft       , Gd^Fmw      , Gs^Ft       , Gs^Ft       , Gs^Ft       , Gs^Ft       , Gs^Ft       , Gs^Ft       , Gs          , Re^Vct      , Ce          , Ce^Es       , Ce          , Ce^Es       , Ce          , Re^Vct      , Gd^Es       
Gd          , Gd          , Rd          , Rd          , Gd          , Gd          , Gs          , Gs          , Gs^Ft       , Gs^Ft       , Gs^Ft       , Gs^Ft       , Gs^Ft       , Gs^Ft       , Gs^Ft       , Gs          , Gs^Ft       , Gs^Ft       , Gs^Ft       , Gs^Ft       , Gs^Ft       , Gs^Vc       , Gs^Ft       , Gs          , Gs^Ft       , Gs^Ft       , Gs          , Gs^Ft       , Gs^Ft       , Ss          , Gs^Ft       , Gs^Ft       , Gs^Ft       , Gs          , Gs^Ft       , Gs^Ft       , Re^Vct      , Ce^Es       , Ce^Es       , 5 Ke        , Ce          , Ce          , Re^Vct      , Gd^Es       
Gd          , Gd          , Gd          , Gd          , Re          , Gd          , Gs          , Gs          , Gs^Ft       , Gs          , Gs^Ft       , Gs^Ft       , Gs^Ft       , Gs          , Gs^Ft       , Gs^Ft       , Gs^Ft       , Gs          , Gs^Ft       , Gs^Ft       , Gs^Ft       , Gs^Ft       , Gs^Ft       , Gs          , Gs^Ft       , Gs^Ft       , Gs^Ft       , Rd          , Gs^Ft       , Gd^Fmw      , Gs^Ft       , Gd^Fmw      , Gs^Ft       , Gs^Ft       , Gs^Ft       , Gs^Ft       , Re          , Ce          , Ce          , Ce          , Ce          , Ce^Es       , Re          , Gd^Es       
Wwrt        , Gd          , Gd          , Gd          , Gd          , Gs^Vht      , Gs          , Gs^Ft       , Gs          , Gs^Ft       , Gs^Ft       , Gs^Ft       , Gs^Ft       , Gs^Ft       , Gs          , Gs^Ft       , Gd^Es       , Gd          , Gs^Ft       , Gs^Ft       , Gs^Ft       , Gs^Ft       , Gs          , Gs^Ft       , Gs^Ft       , Gs^Ft       , Ss          , Gs^Ft       , Gd^Fetd     , Gs^Ft       , Ss          , Gs^Ft       , Rd          , Gs^Ft       , Gs^Ft       , Gs^Ft       , Gd^Es       , Re^Vct      , Re          , Re^Vct      , Re          , Re^Vct      , Gd^Es       , Gs          
Wwrt        , Gd          , Rd          , Rd          , Gs          , Gs          , Gs^Ft       , Gs^Ft       , Gs^Ft       , Gs^Ft       , Gs^Ft       , Gs^Ft       , Gs^Ft       , Gs^Ft       , Gs^Ft       , Gs^Ft       , Re^Es       , Re^Es       , Re^Vct      , Re          , Re^Vct      , Gd          , Gs^Ft       , Gs^Ft       , Rd          , Gs^Ft       , Gs^Ft       , Gs^Ft       , Gs^Ft       , Gs^Ft       , Ss          , Ss          , Gs^Ft       , Gs^Ft       , Gs^Ft       , Gs^Es       , Gs^Ft       , Gd          , Gs^Es       , Gs          , Gs^Ft       , Gs          , Gs^Ft       , Gs          
Wwt         , Gd          , Gd          , Rd          , Gs          , Gs          , Gs^Ft       , Gs^Ft       , Gs          , Gs^Ft       , Gs          , Gs^Ft       , Gs^Ft       , Gs^Ft       , Gs^Ft       , Gd          , Re^Vct      , Re^Vct      , Ce          , Ce^Es       , Ce          , Re          , Gs^Ft       , Gs^Ft       , Gs^Ft       , Hh          , Gs^Ft       , Gs^Ft       , Gs^Fdw      , Gs^Ft       , Gs^Vht      , Gs^Ft       , Gs^Ft       , Gd          , Gs^Ft       , Gs^Ft       , Gs^Ft       , Gs^Ft       , Gs^Es       , Gs^Ft       , Gs^Ft       , Gs^Ft       , Gs          , Gs^Ft       
Wwt         , Wwt         , Gs          , Gs          , Gs^Ft       , Gs^Ft       , Gs^Ft       , Gs^Ft       , Gs^Ft       , Gs^Ft       , Gs^Ft       , Gs^Vc       , Gs^Ft       , Gs^Ft       , Gs          , Re          , Ce          , Ce          , 4 Ke        , Ce^Es       , Ce^Es       , Re^Vct      , Gs^Ft       , Gs^Ft       , Gs^Ft       , Gs^Ft       , Gs^Fdw      , Ds          , Ds          , Gs^Fdw      , Wwf         , Rd          , Rd          , Gs^Fdw      , Gs^Fdw      , Gs^Ft       , Gs^Ft       , Gs          , Gs          , Gs^Es       , Gs          , Gs^Ft       , Gs^Ft       , Gs^Ft       
Wwt         , Wwt         , Wwt         , Gs^Ft       , Gs          , Gs^Ft       , Gs          , Gs^Ft       , Gs^Ft       , Gs^Ft       , Gs^Ft       , Gs          , Gs^Ft       , Gs^Ft       , Gs^Ft       , Re^Vct      , Ce          , Ce^Es       , Ce^Es       , Ce          , Re^Vct      , Re          , Gs^Ft       , Gd          , Gs^Ft       , Gs^Fdw      , Ds          , Rd          , Ss          , Sm          , Gd^Fmw      , Ss          , Ss          , Gs^Fdw      , Hh          , Hh          , Gs^Ft       , Gs^Ft       , Gs          , Gs          , Gs          , Gs          , Gs          , Gs          
Wwt         , Wwt         , Wwt         , Gs^Ft       , Wwt         , Wwt         , Gs          , Gs^Ft       , Gs^Ft       , Gs^Ft       , Gs          , Gs^Ft       , Gs          , Gs          , Gs          , Re          , Re^Vct      , Ce          , Re^Vct      , Re^Vct      , Re          , Gs^Ft       , Gs          , Gs^Ft       , Gs^Ft       , Gs^Fdw      , Ss          , Rd          , Ss^Vhs      , Ss          , Gd^Fmw      , Ss          , Gs^Fdw      , Ss^Vhs      , Rd          , Hh          , Hh          , Gs^Ft       , Gs^Ft       , Gs^Ft       , Gs          , Gs^Ft       , Gs          , Gs^Ft       
Wot         , Wwt         , Wwt         , Wwt         , Wwt         , Wwt         , Gs^Ft       , Gs^Ft       , Gs^Ft       , Gs^Ft       , Gs^Ft       , Gs^Ft       , Gs^Ft       , Gs^Ft       , Gs^Ft       , Gs^Ft       , Gs          , Re          , Gd          , Re          , Gd          , Gs          , Gs^Ft       , Gs^Ft       , Gs^Fdw      , Gs^Ft       , Gs^Ft       , Ss          , Wwg         , Ss          , Ss          , Ds          , Gs^Fdw      , Ss          , Ss          , Gs^Ft       , Hh          , Gs^Vht      , Gs^Ft       , Gs          , Gs          , Gs^Ft       , Gs^Ft       , Gs^Ft       
Wot         , Wwt         , Wot         , Wwt         , Wwt         , Wwt         , Wwrt        , Gs^Ft       , Gs^Ft       , Gs          , Gs          , Gs^Ft       , Gs^Ft       , Gs^Ft       , Gs^Ft       , Gs^Ft       , Gs^Es       , Gs^Ft       , Gs^Ft       , Gd^Es       , Gs          , Gs^Ft       , Gs^Ft       , Gd          , Ss          , Ss          , Rd          , Ss          , Wwg         , Gd^Fmw      , Sm          , Ds          , Ds          , Rd          , Gd^Fetd     , Rd          , Hh          , Hh          , Gs          , Gs          , Gs^Ft       , Gs^Ft       , Gs^Ft       , Gs          
Wot         , Wot         , Wot         , Wot         , Wot         , Wwt         , Wwrt        , Gs^Ft       , Gs^Ft       , Gs          , Gs^Ft       , Gs^Ft       , Gs^Ft       , Gs          , Gs^Ft       , Gs          , Gs^Ft       , Gs^Ft       , Gs^Ft       , Gs^Ft       , Gd          , Gd^Fmw      , Wwg         , Gs^Ft       , Wwg         , Gd^Fmw      , Ds          , Ss          , Ss          , Sm          , Sm          , Gs^Ft       , Sm          , Ss          , Ss          , Ss          , Ss          , Gs^Fdw      , Gd          , Gs          , Gs^Ft       , Gs^Ft       , Gs^Ft       , Gs^Ft       
Wot         , Wot         , Wot         , Wot         , Wot         , Wwt         , Wwt         , Wwrt        , Gs          , Gs^Ft       , Gs^Ft       , Gs          , Gs^Ft       , Gs^Ft       , Gs^Ft       , Gs^Ft       , Gs^Ft       , Gs          , Gs^Vc       , Gs          , Gs^Ft       , Ss          , Wwg         , Sm          , Wwg         , Gd^Fmw      , Ss^Vhs      , Ds          , Gd^Fmw      , Ds          , Ss          , Sm          , Ss^Vhs      , Gd^Fmw      , Wwg         , Ss          , Gd          , Gs^Ft       , Wwg         , Gs^Fdw      , Gs^Ft       , Gs^Ft       , Gs^Vc       , Gs          
Wot         , Wot         , Wot         , Wot         , Wot         , Wwt         , Wwt         , Wwt         , Wwt         , Gs          , Gs^Ft       , Gs^Ft       , Gs^Ft       , Gs^Ft       , Gs^Ft       , Ss          , Gs^Ft       , Gs^Ft       , Gs          , Gs          , Gs          , Gd          , Gd^Fmw      , Gs^Ft       , Gd          , Ss          , Gs^Ft       , Wwg         , Ss          , Ss          , Ss          , Rd          , Ss          , Wwg         , Gs^Fdw      , Gs^Ft       , Gs^Ft       , Gs^Fdw      , Wwg         , Wwg         , Ss          , Gs^Ft       , Gs^Ft       , Gs^Ft       
Wot         , Wot         , Wot         , Wot         , Wot         , Wot         , Wwt         , Wwt         , Wwrt        , Gs^Ft       , Gs^Ft       , Gs          , Gs^Ft       , Gs^Ft       , Gs^Ft       , Gs^Ft       , Gs          , Gs^Ft       , Gg^Efm      , Gs          , Gs^Ft       , Gs          , Gs^Ft       , Gs          , Gs          , Gs          , Gs^Vht      , Gs^Fdw      , Gs^Fdw      , Gs^Ft       , Ss          , Ss          , Ss          , Gs^Fdw      , Gd          , Gd^Fetd     , Gd          , Gs^Fdw      , Gd^Fmw      , Ss          , Gs^Ft       , Gs^Ft       , Gs^Ft       , Gs^Ft       
Wot         , Wot         , Wot         , Wot         , Wot         , Wot         , Wwrt        , Wwrt        , Gs          , Gs          , Gs          , Gs^Ft       , Gs          , Gs^Ft       , Gs          , Gs^Ft       , Gs          , Gs          , Gs^Ft       , Gs^Vc       , Gd          , Gs          , Gd          , Gd          , Hhd         , Gs^Ft       , Gs          , Gs^Ft       , Gs^Ft       , Gs^Ft       , Gd          , Gs^Ft       , Gs^Ft       , Gs^Ft       , Gs^Ft       , Gs          , Gs^Ft       , Gs^Ft       , Gd          , Gd          , Gs          , Gs^Ft       , Gs^Ft       , Gs^Ft       
Wot         , Wot         , Wot         , Wot         , Wot         , Wwt         , Wwt         , Wwrt        , Gd          , Gs          , Hh          , Hh          , Hh          , Gs          , Gs^Ft       , Gs          , Hh          , Gs^Ft       , Hh          , Hh          , Hh          , Hhd         , Hhd         , Hhd         , Hhd         , Gs          , Gs^Ft       , Gd          , Gd^Fetd     , Gs^Ft       , Gs^Ft       , Gd          , Gs          , Gs          , Gs^Ft       , Gs          , Gs          , Gs          , Gs          , Gs          , Gs^Ft       , Gs^Ft       , Gs          , Gs          
Wot         , Wot         , Wot         , Wot         , Wwt         , Wwrt        , Wwrt        , Hhd         , Hhd         , Hh          , Hh          , Hh^Ft       , Hh          , Gs          , Hh          , Hh          , Hh          , Hh          , Mm          , Mm          , Md          , Md          , Md          , Hhd         , Hhd         , Gd          , Gd          , Ss          , Ss          , Gd^Fmw      , Gd          , Gs^Ft       , Gs          , Gs          , Re          , Gs^Ft       , Gs          , Hh          , Gs^Ft       , Gs          , Gs          , Hh          , Hh          , Hh          
Wot         , Wot         , Wot         , Wot         , Wwrt        , Wwrt        , Wwrt        , Hhd         , Mm          , Hh          , Mm          , Hh          , Hh          , Hh          , Mm          , Hh^Ft       , Mm          , Mm          , Mm          , Mm          , Mm          , Md          , Md          , Md          , Md          , Hhd         , Gd          , Gs          , Gs          , Gd          , Gs^Ft       , Hh          , Re          , Gd          , Ce          , Gs          , Re^Vct      , Gs          , Gs          , Gs          , Gs^Ft       , Gs          , Gs          , Mm          
Wot         , Wot         , Wot         , Wot         , Wwrt        , Wwrt        , Wwrt        , Md          , Md          , Mm          , Mm          , Mm          , Mm          , Mm          , Mm          , Hh          , Mm          , Mm          , Mm          , Mm          , Mm          , Mm          , Mm          , Md          , Mm          , Hhd         , Hh          , Gs          , Hh          , Gs          , Gs          , Gs          , Ce          , Ce          , 1 Ke        , Ce          , Ce          , Gs          , Gs          , Gs^Ft       , Gs^Ft       , Gs          , Hh          , Mm          
Wot         , Wot         , Wot         , Wot         , Wot         , Wwrt        , Wwt         , Rd          , Hd          , Md          , Hh          , Mm          , Mm          , Mm          , Mm          , Mm          , Mm^Xm       , Mm          , Mm          , Mm          , Mm          , Mm          , Mm          , Mm          , Mm          , Hh          , Hh^Ft       , Gs          , Gs^Ft       , Gs^Ft       , Hh          , Gs          , Re^Vct      , Ce          , Ce          , Ce          , Gs          , Gs          , Gs^Vhh      , Gs^Ft       , Gs          , Hh          , Mm          , Mm          
Wot         , Wot         , Wot         , Wot         , Wot         , Wot         , Wot         , Wwrt        , Md          , Hh          , Mm          , Mm          , Mm^Xm       , Mm^Xm       , Mm^Xm       , Mm^Xm       , Mm^Xm       , Mm^Xm       , Mm^Xm       , Mm          , Mm          , Mm          , Mm          , Mm          , Mm          , Hh^Ft       , Hh^Ft       , Hh          , Gs^Ft       , Gs^Ft       , Gs^Ft       , Hh          , Gs          , Gs          , Hh          , Gs          , Hh          , Hh          , Gs^Ft       , Hh          , Hh          , Hh          , Mm          , Mm          
Wot         , Wot         , Wot         , Wot         , Wot         , Wot         , Wot         , Wot         , Md          , Md          , Ket         , Wwf         , Wwf         , Wwf         , Wwf         , Wwf         , Wwf         , Wwf         , Wwf         , Mm^Xm       , Wwf         , Mm          , Mm          , Mm          , Mm          , Hh^Ft       , Mm          , Hh          , Hh          , Gs^Ft       , Hh          , Gs^Ft       , Re          , Gs          , Hh          , Hh          , Hh          , Mm          , Mm          , Mm          , Mm          , Mm          , Mm          , Mm^Xm       
Wot         , Wot         , Wot         , Wot         , Wot         , Wot         , Wot         , Wot         , Wot         , Wo          , Md          , Ce          , Mm^Xm       , Mm^Xm       , Mm^Xm       , Mm^Xm       , Mm^Xm       , Mm^Xm       , Mm^Xm       , Wwf         , Mm          , Wwf         , Wwf         , Wwf         , Wwf         , Hh          , Mm          , Mm          , Mm          , Hh          , Mm          , Gg          , Mm          , Mm          , Mm          , Hh          , Mm          , Mm          , Mm          , Mm          , Mm          , Mm          , Mm          , Mm          
Wot         , Wot         , Wot         , Wot         , Wot         , Wot         , Wot         , Wot         , Wot         , Md          , Md          , Mm          , Mm          , Mm          , Mm          , Mm^Xm       , Mm^Xm       , Mm^Xm       , Mm          , Mm^Xm       , Mm          , Mm          , Hh          , Wwf         , Wwf         , Wwf         , Wwf         , Mm          , Wwf         , Wwf         , Wwf         , Wwf         , Wwf         , Mm          , Wwf         , Wwf         , Wwf         , Mm          , Hh          , Mm          , Mm          , Mm          , Mm          , Mm          
Wot         , Wot         , Wot         , Wot         , Wot         , Wot         , Wot         , Wot         , Wot         , Dd^Do       , Hd          , Md          , Md          , Mm          , Mm          , Mm^Xm       , Mm          , Mm          , Mm          , Mm          , Mm          , Mm          , Hh          , Mm          , Hh^Vht      , Wwf         , Wwf         , Wwf         , Wwf         , Wwf         , Wwf         , Wwf         , Wwf         , Wwf         , Wwf         , Wwf         , Wwf         , Wwf         , Wwf         , Hh          , Wwf         , Mm          , Mm          , Hh          
Wot         , Wot         , Wot         , Wot         , Wot         , Wot         , Wot         , Wot         , Wot         , Ds          , Dd^Do       , Hd          , Hhd         , Mm          , Mm          , Mm          , Mm          , Mm          , Mm          , Mm          , Hh          , Hh          , Hh          , Mm          , Mm          , Mm          , Md          , Wwf         , Mm          , Mm          , Mm          , Gg          , Mm          , Wwf         , Mm          , Hh          , Mm          , Wwf         , Wwf         , Wwf         , Wwf         , Wwf         , Wwf         , Hh          
Wwt         , Wwt         , Wwrt        , Wot         , Wot         , Wot         , Wot         , Wot         , Wot         , Wwt         , Hd          , Hd          , Md          , Mm          , Mm          , Mm          , Mm          , Mm          , Mm          , Mm          , Hh          , Hh          , Gs^Ft       , Hh          , Gs^Fdw      , Hhd         , Md          , Md          , Hh^Vc       , Hh^Vhh      , Gs          , Gs          , Hh          , Mm          , Mm          , Hh          , Mm          , Mm          , Mm          , Wwf         , Hh          , Wwf         , Wwf         , Wwf         
Wwrt        , Wwrt        , Wwrt        , Wot         , Wot         , Wot         , Wot         , Wot         , Wwt         , Wwt         , Dd          , Dd          , Hhd         , Md          , Mm          , Mm          , Hh^Vhh      , Hh          , Hh          , Hh          , Gs          , Gs          , Gs^Ft       , Gs^Ft       , Ss          , Gs^Fdw      , Gd          , Gs^Ft       , Gs^Ft       , Hh          , Gs          , Mm          , Hh^Vhhr     , Mm          , Mm          , Mm          , Mm          , Mm          , Hh          , Gs^Ft       , Hh          , Mm          , Mm          , Mm          
Ds          , Wwrt        , Wwrt        , Wwrt        , Wot         , Wot         , Wot         , Wot         , Wwt         , Wwt         , Rd          , Rd          , Md          , Md          , Mm          , Hh          , Hh          , Hh          , Gs^Ft       , Hh          , Gs^Ft       , Hh          , Hh          , Gs^Fdw      , Ss          , Ss          , Hhd         , Gs^Ft       , Gs^Ft       , Gs          , Gs^Ft       , Gs          , Hh          , Hh          , Mm          , Mm          , Mm          , Hh^Ft       , Hh^Ft       , Gs^Ft       , Gs^Ft       , Mm          , Mm          , Mm          
Ds          , Ds          , Ds          , Wwt         , Wwt         , Wwt         , Wwt         , Wwt         , Wwt         , Wwt         , Wwrt        , Ds          , Md          , Mm          , Hh          , Hh          , Hhd         , Hhd         , Hhd         , Gs          , Gs          , Gs^Ft       , Gs^Ft       , Gs^Fdw      , Gs^Ft       , Gs^Fdw      , Gs^Ft       , Gs^Ft       , Hh          , Hh          , Gs          , Gg^Efm      , Hh          , Mm          , Mm          , Mm          , Mm          , Hh          , Hh^Ft       , Gs^Ft       , Gs^Ft       , Hh          , Mm          , Mm          
Hhd         , Rd          , Ds          , Wwt         , Wwrt        , Wwt         , Wwt         , Wwt         , Wwt         , Wwt         , Wwt         , Ds          , Hh          , Hh          , Hh          , Hh^Ft       , Hhd         , Hhd         , Hhd         , Gs^Ft       , Gd          , Hh          , Hh          , Gs^Ft       , Gs^Ft       , Gs^Ft       , Gs^Ft       , Gs^Ft       , Gg^Efm      , Gg^Efm      , Gg^Efm      , Hh          , Gs^Ft       , Mm          , Mm          , Mm          , Mm^Xm       , Mm          , Mm          , Hh          , Hh          , Gs          , Hh          , Mm          
Hhd         , Hd          , Dd          , Ds          , Wwrt        , Wwrt        , Wot         , Wot         , Wot         , Wwt         , Wwt         , Hh          , Wwt         , Hh          , Gs^Vc       , Hh          , Gs          , Hhd         , Ce          , Hhd         , Ce          , Hhd         , Gs^Ft       , Gs^Ft       , Gs^Ft       , Gs          , Gs^Ft       , Gs          , Gs          , Gg^Efm      , Gg^Efm      , Gs          , Hh          , Hh          , Mm          , Mm          , Mm          , Mm          , Mm          , Hh^Ft       , Hh^Ft       , Hh          , Mm          , Mm          
Md          , Hhd         , Gs^Ft       , Ds          , Wwrt        , Wwrt        , Wot         , Wot         , Wwt         , Wwt         , Wwt         , Wwt         , Wwt         , Hh          , Gd          , Gs          , Gs          , Gd^Es       , Ce          , 2 Ke        , Ce          , Gd          , Gs          , Gs          , Hh          , Gs          , Gs^Ft       , Gg^Efm      , Gs          , Gg^Efm      , Gg^Efm      , Gg^Efm      , Hh          , Mm          , Mm          , Mm          , Mm          , Hh          , Hh^Vhh      , Mm          , Mm          , Hh          , Mm          , Mm          
Mm          , Md          , Hhd         , Rd          , Wwt         , Wot         , Wot         , Wot         , Wwt         , Wwt         , Wwt         , Ds          , Ds          , Rd          , Rd          , Gs          , Gs          , Gd^Es       , Gd^Es       , Gs^Ft       , Gs          , Gs          , Gs          , Gs          , Hh          , Hh          , Gs          , Gg^Efm      , Gs          , Hh          , Gs^Ft       , Gs          , Gg^Efm      , Gs^Ft       , Mm          , Mm          , Mm          , Mm^Xm       , Mm^Xm       , Hh          , Mm          , Mm          , Mm^Xm       , Mm^Xm       
Mm          , Md          , Hh          , Gs          , Wwt         , Wot         , Wot         , Wot         , Wot         , Wwt         , Wwt         , Wwt         , Ds          , Dd^Do       , Rd          , Gs          , Gs          , Gs          , Gs          , Gs          , Gs          , Gs          , Gs          , Gs^Ft       , Gs          , Gs          , Gs          , Gs^Ft       , Gs          , Gs          , Hh          , Gs          , Gs          , Hh          , Hh^Ft       , Mm          , Mm          , Mm          , Mm          , Mm          , Mm          , Mm          , Mm          , Mm^Xm       
Hh          , Hh          , Gs          , Gs          , Wwt         , Wwrt        , Wot         , Wot         , Wot         , Wwt         , Wwt         , Wwt         , Wwrt        , Rd          , Gd          , Gd          , Gs          , Gs^Vht      , Gs          , Gs          , Gs          , Gs          , Gs          , Gs          , Gs          , Gs^Vc       , Gs^Vht      , Gs          , Gs          , Gs          , Gd^Es       , Gs          , Gs          , Gs^Ft       , Hh^Ft       , Mm          , Mm          , Mm          , Mm          , Mm          , Mm          , Mm          , Mm          , Mm          
Hd          , Hd          , Ds          , Wwrt        , Wwrt        , Wot         , Wot         , Wot         , Wot         , Wot         , Wwt         , Wwrt        , Wwrt        , Ds          , Gs^Ft       , Gd          , Gd          , Gs          , Gs          , Hh          , Gs          , Gs          , Gs          , Gs          , Hh          , Gs          , Gs^Ft       , Gs          , Gd          , Ce          , Ce          , Ce          , Gs          , Gs^Ft       , Gs^Ft       , Hh^Ft       , Hh          , Mm          , Mm          , Mm          , Mm          , Mm^Xm       , Mm          , Mm          
Dd          , Ds          , Wwrt        , Wwrt        , Wot         , Wot         , Wot         , Wot         , Wot         , Wot         , Wot         , Wwt         , Wwt         , Ds          , Ds          , Ds          , Ds          , Gs^Ft       , Gs          , Gs          , Gs          , Gs          , Gs          , Gs          , Hh          , Hh          , Gs          , Gs          , Ce          , Ce^Es       , 3 Ke        , Ce^Es       , Ce          , Hh          , Hh          , Hh          , Hh          , Mm          , Mm          , Mm          , Mm          , Mm          , Mm          , Mm          
Dd          , Ds          , Wwt         , Wwt         , Wot         , Wot         , Wot         , Wot         , Wot         , Wot         , Wot         , Wwt         , Wwt         , Wwt         , Ds          , Ds          , Ds          , Gs          , Gs^Ft       , Gs          , Gs^Ft       , Gs^Ft       , Gs^Ft       , Gs          , Gs          , Hh          , Gs          , Gs          , Gd          , Ce          , Ce          , Ce          , Hh          , Gs          , Gs          , Hh          , Hh          , Mm          , Mm          , Mm          , Mm          , Mm          , Mm          , Mm          
Rd          , Ds          , Wwt         , Wwt         , Wwt         , Wot         , Wot         , Wot         , Wot         , Wot         , Wot         , Wwt         , Wwt         , Wwt         , Wwt         , Ds          , Ds          , Ds          , Gs          , Gs^Vhhr     , Gs          , Gs^Ft       , Gs^Ft       , Gs          , Gd          , Gs          , Gs          , Gs^Ft       , Gs          , Ce          , Gs          , Ce          , Gs          , Gs          , Gs          , Hh          , Hh          , Hh          , Hh          , Mm          , Mm          , Mm          , Mm^Xm       , Mm^Xm       
Gs^Ft       , Ds          , Wwrt        , Wwt         , Wwrt        , Wot         , Wot         , Wot         , Wot         , Wot         , Wot         , Wot         , Wwt         , Wwrt        , Wwt         , Wwt         , Ds          , Ds          , Gs          , Gs          , Ds          , Gs^Ft       , Ds          , Gd          , Ds          , Gd          , Gs          , Gs          , Gs          , Gs          , Gs          , Gs          , Gs          , Gs          , Gd          , Gs          , Hh          , Hh          , Md          , Md          , Md          , Mm          , Mm^Xm       , Mm^Xm       
Gs^Ft       , Wwrt        , Wwrt        , Wwrt        , Wot         , Wot         , Wot         , Wot         , Wot         , Wot         , Wot         , Wot         , Wot         , Wwt         , Wwt         , Wwt         , Wwt         , Wwt         , Ds          , Ds          , Ds          , Ds          , Ds          , Ds          , Ds          , Ds          , Gd          , Gs          , Gs          , Gs          , Ds          , Gd          , Ds          , Ds          , Dd          , Hhd         , Md          , Hhd         , Md          , Md          , Md          , Mm          , Mm          , Mm^Xm       
Ds          , Ds          , Wwrt        , Wwt         , Wot         , Wot         , Wot         , Wot         , Wot         , Wot         , Wot         , Wot         , Wot         , Wwt         , Wwt         , Wwrt        , Wwt         , Wwt         , Wwt         , Ds          , Wwt         , Wwrt        , Wwt         , Ds          , Wwt         , Ds          , Ds          , Gs^Ft       , Gs^Ft       , Ds          , Wwrt        , Ds          , Wwt         , Dd          , Wwrt        , Rd          , Rd          , Hhd         , Hhd         , Md          , Md          , Mm          , Mm          , Mm          
Wwt         , Wwrt        , Wwt         , Wot         , Wot         , Wot         , Wot         , Wot         , Wot         , Wot         , Wot         , Wot         , Wot         , Wot         , Wwt         , Wwt         , Wwt         , Wwt         , Wwt         , Wwt         , Wwt         , Wwt         , Wwt         , Wwt         , Wwrt        , Wwt         , Wwt         , Gs          , Wwrt        , Wwrt        , Wwt         , Wwrt        , Wwt         , Wwrt        , Wwt         , Wwrt        , Wwt         , Wwt         , Gs^Ft       , Hhd         , Md          , Md          , Mm          , Mm          
Wwt         , Wwt         , Wot         , Wot         , Wot         , Wot         , Wot         , Wot         , Wot         , Wot         , Wot         , Wot         , Wot         , Wot         , Wot         , Wot         , Wot         , Wwt         , Wwt         , Wwt         , Wot         , Wwt         , Wot         , Wwt         , Wwt         , Wwrt        , Wwt         , Wwt         , Wwt         , Wwt         , Wwt         , Wwt         , Wwt         , Wwt         , Wwt         , Wwt         , Wwt         , Wwt         , Wwt         , Hhd         , Hhd         , Mm          , Md          , Md          
Wot         , Wot         , Wot         , Wot         , Wot         , Wot         , Wot         , Wot         , Wot         , Wot         , Wot         , Wot         , Wot         , Wot         , Wot         , Wot         , Wot         , Wot         , Wot         , Wot         , Wot         , Wot         , Wot         , Wot         , Wot         , Wwt         , Wwt         , Wwt         , Wwt         , Wwt         , Wot         , Wwt         , Wot         , Wot         , Wot         , Wot         , Wwt         , Wwt         , Wwt         , Hhd         , Gs          , Hh^Vhh      , Hd          , Md          
Wot         , Wot         , Wot         , Wot         , Wot         , Wot         , Wot         , Wot         , Wot         , Wot         , Wot         , Wot         , Wot         , Wot         , Wot         , Wot         , Wot         , Wot         , Wot         , Wot         , Wot         , Wot         , Wot         , Wot         , Wot         , Wot         , Wot         , Wot         , Wot         , Wot         , Wot         , Wot         , Wot         , Wot         , Wot         , Wot         , Wwt         , Wwt         , Mm          , Wwt         , Rd          , Dd          , Dd          , Hd          
Wot         , Wot         , Wot         , Wot         , Wot         , Wot         , Wot         , Wot         , Wot         , Wot         , Wot         , Wot         , Wot         , Wot         , Wot         , Wot         , Wot         , Wot         , Wot         , Wot         , Wot         , Wot         , Wot         , Wot         , Wot         , Wot         , Wot         , Wot         , Wot         , Wot         , Wot         , Wot         , Wot         , Wot         , Wot         , Wot         , Wot         , Mm          , Mm          , Wwt         , Wwt         , Rd          , Ds          , Dd          
Wot         , Wot         , Wot         , Wot         , Wot         , Wot         , Wot         , Wot         , Wot         , Wot         , Wot         , Wot         , Wot         , Wot         , Wot         , Wot         , Wot         , Wot         , Wot         , Wot         , Wot         , Wot         , Wot         , Wot         , Wot         , Wot         , Wot         , Wot         , Wot         , Wot         , Wot         , Wot         , Wot         , Wot         , Wot         , Wot         , Wot         , Wot         , Wwt         , Wwt         , Wwt         , Wwt         , Rd          , Dd          
Wot         , Wot         , Wot         , Wot         , Wot         , Wot         , Wot         , Wot         , Wot         , Wot         , Wot         , Wot         , Wot         , Wot         , Wot         , Wot         , Wot         , Wot         , Wot         , Wot         , Wot         , Wot         , Wot         , Wot         , Wot         , Wot         , Wot         , Wot         , Wot         , Wot         , Wot         , Wot         , Wot         , Wot         , Wot         , Wot         , Wot         , Wot         , Wot         , Wwt         , Wwt         , Wwt         , Wwrt        , Rd          
Wot         , Wot         , Wot         , Wot         , Wot         , Wot         , Wot         , Wot         , Wot         , Wot         , Wot         , Wot         , Wot         , Wot         , Wot         , Wot         , Wot         , Wot         , Wot         , Wot         , Wot         , Wot         , Wot         , Wot         , Wot         , Wot         , Wot         , Wot         , Wot         , Wot         , Wot         , Wot         , Wot         , Wot         , Wot         , Wot         , Wot         , Wot         , Wot         , Wwt         , Wwt         , Wwt         , Wwrt        , Wwrt        
Wot         , Wot         , Wot         , Wot         , Wot         , Wot         , Wot         , Wot         , Wot         , Wot         , Wot         , Wot         , Wot         , Wot         , Wot         , Wot         , Wot         , Wot         , Wot         , Wot         , Wot         , Wot         , Wot         , Wot         , Wot         , Wot         , Wot         , Wot         , Wot         , Wot         , Wot         , Wot         , Wot         , Wot         , Wot         , Wot         , Wot         , Wot         , Wot         , Wot         , Wot         , Wwrt        , Wwrt        , Wwrt        
